Component: ARM Compiler 5.06 update 6 (build 750) Tool: armlink [4d35ed]

==============================================================================

Section Cross References

    startup_stm32h723xx.o(STACK) refers (Special) to heapauxi.o(.text) for __use_two_region_memory
    startup_stm32h723xx.o(HEAP) refers (Special) to heapauxi.o(.text) for __use_two_region_memory
    startup_stm32h723xx.o(RESET) refers (Special) to heapauxi.o(.text) for __use_two_region_memory
    startup_stm32h723xx.o(RESET) refers to startup_stm32h723xx.o(STACK) for __initial_sp
    startup_stm32h723xx.o(RESET) refers to startup_stm32h723xx.o(.text) for Reset_Handler
    startup_stm32h723xx.o(RESET) refers to stm32h7xx_it.o(i.NMI_Handler) for NMI_Handler
    startup_stm32h723xx.o(RESET) refers to stm32h7xx_it.o(i.HardFault_Handler) for HardFault_Handler
    startup_stm32h723xx.o(RESET) refers to stm32h7xx_it.o(i.MemManage_Handler) for MemManage_Handler
    startup_stm32h723xx.o(RESET) refers to stm32h7xx_it.o(i.BusFault_Handler) for BusFault_Handler
    startup_stm32h723xx.o(RESET) refers to stm32h7xx_it.o(i.UsageFault_Handler) for UsageFault_Handler
    startup_stm32h723xx.o(RESET) refers to stm32h7xx_it.o(i.SVC_Handler) for SVC_Handler
    startup_stm32h723xx.o(RESET) refers to stm32h7xx_it.o(i.DebugMon_Handler) for DebugMon_Handler
    startup_stm32h723xx.o(RESET) refers to stm32h7xx_it.o(i.PendSV_Handler) for PendSV_Handler
    startup_stm32h723xx.o(RESET) refers to stm32h7xx_it.o(i.SysTick_Handler) for SysTick_Handler
    startup_stm32h723xx.o(RESET) refers to stm32h7xx_it.o(i.FDCAN1_IT0_IRQHandler) for FDCAN1_IT0_IRQHandler
    startup_stm32h723xx.o(RESET) refers to stm32h7xx_it.o(i.FDCAN2_IT0_IRQHandler) for FDCAN2_IT0_IRQHandler
    startup_stm32h723xx.o(RESET) refers to stm32h7xx_it.o(i.FDCAN1_IT1_IRQHandler) for FDCAN1_IT1_IRQHandler
    startup_stm32h723xx.o(RESET) refers to stm32h7xx_it.o(i.FDCAN2_IT1_IRQHandler) for FDCAN2_IT1_IRQHandler
    startup_stm32h723xx.o(RESET) refers to stm32h7xx_it.o(i.TIM6_DAC_IRQHandler) for TIM6_DAC_IRQHandler
    startup_stm32h723xx.o(RESET) refers to stm32h7xx_it.o(i.FDCAN3_IT0_IRQHandler) for FDCAN3_IT0_IRQHandler
    startup_stm32h723xx.o(RESET) refers to stm32h7xx_it.o(i.FDCAN3_IT1_IRQHandler) for FDCAN3_IT1_IRQHandler
    startup_stm32h723xx.o(.text) refers (Special) to heapauxi.o(.text) for __use_two_region_memory
    startup_stm32h723xx.o(.text) refers to system_stm32h7xx.o(i.ExitRun0Mode) for ExitRun0Mode
    startup_stm32h723xx.o(.text) refers to system_stm32h7xx.o(i.SystemInit) for SystemInit
    startup_stm32h723xx.o(.text) refers to __main.o(!!!main) for __main
    startup_stm32h723xx.o(.text) refers to startup_stm32h723xx.o(HEAP) for Heap_Mem
    startup_stm32h723xx.o(.text) refers to startup_stm32h723xx.o(STACK) for Stack_Mem
    main.o(i.Debug_Print) refers to strlen.o(.text) for strlen
    main.o(i.Debug_Print) refers to stm32h7xx_hal_uart.o(i.HAL_UART_Transmit) for HAL_UART_Transmit
    main.o(i.Debug_Print) refers to usart.o(.bss) for huart4
    main.o(i.Delay_ms) refers to stm32h7xx_hal.o(.data) for uwTick
    main.o(i.HAL_TIM_PeriodElapsedCallback) refers to stm32h7xx_hal.o(i.HAL_IncTick) for HAL_IncTick
    main.o(i.MPU_Config) refers to stm32h7xx_hal_cortex.o(i.HAL_MPU_Disable) for HAL_MPU_Disable
    main.o(i.MPU_Config) refers to stm32h7xx_hal_cortex.o(i.HAL_MPU_ConfigRegion) for HAL_MPU_ConfigRegion
    main.o(i.MPU_Config) refers to stm32h7xx_hal_cortex.o(i.HAL_MPU_Enable) for HAL_MPU_Enable
    main.o(i.SystemClock_Config) refers to rt_memclr_w.o(.text) for __aeabi_memclr4
    main.o(i.SystemClock_Config) refers to stm32h7xx_hal_pwr_ex.o(i.HAL_PWREx_ConfigSupply) for HAL_PWREx_ConfigSupply
    main.o(i.SystemClock_Config) refers to stm32h7xx_hal_rcc.o(i.HAL_RCC_OscConfig) for HAL_RCC_OscConfig
    main.o(i.SystemClock_Config) refers to stm32h7xx_hal_rcc.o(i.HAL_RCC_ClockConfig) for HAL_RCC_ClockConfig
    main.o(i.Test_FDCAN_Print) refers to _printf_pad.o(.text) for _printf_pre_padding
    main.o(i.Test_FDCAN_Print) refers to _printf_percent.o(.ARM.Collect$$_printf_percent$$00000000) for _printf_percent
    main.o(i.Test_FDCAN_Print) refers to _printf_s.o(.ARM.Collect$$_printf_percent$$00000014) for _printf_s
    main.o(i.Test_FDCAN_Print) refers to _printf_str.o(.text) for _printf_str
    main.o(i.Test_FDCAN_Print) refers to _printf_d.o(.ARM.Collect$$_printf_percent$$00000009) for _printf_d
    main.o(i.Test_FDCAN_Print) refers to _printf_x.o(.ARM.Collect$$_printf_percent$$0000000C) for _printf_x
    main.o(i.Test_FDCAN_Print) refers to _printf_dec.o(.text) for _printf_int_dec
    main.o(i.Test_FDCAN_Print) refers to _printf_hex_int.o(.text) for _printf_longlong_hex
    main.o(i.Test_FDCAN_Print) refers to _printf_u.o(.ARM.Collect$$_printf_percent$$0000000A) for _printf_u
    main.o(i.Test_FDCAN_Print) refers to rt_memclr_w.o(.text) for __aeabi_memclr4
[...]
    i.FDCAN2_IT1_IRQHandler                  0x08000afc   Section        0  stm32h7xx_it.o(i.FDCAN2_IT1_IRQHandler)
    i.FDCAN3_IT0_IRQHandler                  0x08000b08   Section        0  stm32h7xx_it.o(i.FDCAN3_IT0_IRQHandler)
    i.FDCAN3_IT1_IRQHandler                  0x08000b14   Section        0  stm32h7xx_it.o(i.FDCAN3_IT1_IRQHandler)
    i.FDCAN_CalculateRamBlockAddresses       0x08000b20   Section        0  stm32h7xx_hal_fdcan.o(i.FDCAN_CalculateRamBlockAddresses)
    FDCAN_CalculateRamBlockAddresses         0x08000b21   Thumb Code   446  stm32h7xx_hal_fdcan.o(i.FDCAN_CalculateRamBlockAddresses)
    i.FDCAN_CopyMessageToRAM                 0x08000ce8   Section        0  stm32h7xx_hal_fdcan.o(i.FDCAN_CopyMessageToRAM)
    FDCAN_CopyMessageToRAM                   0x08000ce9   Thumb Code   104  stm32h7xx_hal_fdcan.o(i.FDCAN_CopyMessageToRAM)
    i.HAL_FDCAN_AbortTxRequest               0x08000d54   Section        0  stm32h7xx_hal_fdcan.o(i.HAL_FDCAN_AbortTxRequest)
    i.HAL_FDCAN_AddMessageToTxFifoQ          0x08000d76   Section        0  stm32h7xx_hal_fdcan.o(i.HAL_FDCAN_AddMessageToTxFifoQ)
    i.HAL_FDCAN_ClockCalibrationCallback     0x08000ddc   Section        0  stm32h7xx_hal_fdcan.o(i.HAL_FDCAN_ClockCalibrationCallback)
    i.HAL_FDCAN_ErrorCallback                0x08000dde   Section        0  stm32h7xx_hal_fdcan.o(i.HAL_FDCAN_ErrorCallback)
    i.HAL_FDCAN_ErrorStatusCallback          0x08000de0   Section        0  stm32h7xx_hal_fdcan.o(i.HAL_FDCAN_ErrorStatusCallback)
    i.HAL_FDCAN_GetError                     0x08000de2   Section        0  stm32h7xx_hal_fdcan.o(i.HAL_FDCAN_GetError)
    i.HAL_FDCAN_GetLatestTxFifoQRequestBuffer 0x08000de8   Section        0  stm32h7xx_hal_fdcan.o(i.HAL_FDCAN_GetLatestTxFifoQRequestBuffer)
    i.HAL_FDCAN_GetProtocolStatus            0x08000dee   Section        0  stm32h7xx_hal_fdcan.o(i.HAL_FDCAN_GetProtocolStatus)
    i.HAL_FDCAN_HighPriorityMessageCallback  0x08000e36   Section        0  stm32h7xx_hal_fdcan.o(i.HAL_FDCAN_HighPriorityMessageCallback)
    i.HAL_FDCAN_IRQHandler                   0x08000e38   Section        0  stm32h7xx_hal_fdcan.o(i.HAL_FDCAN_IRQHandler)
    i.HAL_FDCAN_Init                         0x08001158   Section        0  stm32h7xx_hal_fdcan.o(i.HAL_FDCAN_Init)
    i.HAL_FDCAN_IsTxBufferMessagePending     0x0800139c   Section        0  stm32h7xx_hal_fdcan.o(i.HAL_FDCAN_IsTxBufferMessagePending)
    i.HAL_FDCAN_MspInit                      0x080013ac   Section        0  fdcan.o(i.HAL_FDCAN_MspInit)
    i.HAL_FDCAN_RxBufferNewMessageCallback   0x08001578   Section        0  stm32h7xx_hal_fdcan.o(i.HAL_FDCAN_RxBufferNewMessageCallback)
    i.HAL_FDCAN_RxFifo0Callback              0x0800157a   Section        0  stm32h7xx_hal_fdcan.o(i.HAL_FDCAN_RxFifo0Callback)
    i.HAL_FDCAN_RxFifo1Callback              0x0800157c   Section        0  stm32h7xx_hal_fdcan.o(i.HAL_FDCAN_RxFifo1Callback)
    i.HAL_FDCAN_Start                        0x0800157e   Section        0  stm32h7xx_hal_fdcan.o(i.HAL_FDCAN_Start)
    i.HAL_FDCAN_TT_GlobalTimeCallback        0x080015b0   Section        0  stm32h7xx_hal_fdcan.o(i.HAL_FDCAN_TT_GlobalTimeCallback)
    i.HAL_FDCAN_TT_ScheduleSyncCallback      0x080015b2   Section        0  stm32h7xx_hal_fdcan.o(i.HAL_FDCAN_TT_ScheduleSyncCallback)
    i.HAL_FDCAN_TT_StopWatchCallback         0x080015b4   Section        0  stm32h7xx_hal_fdcan.o(i.HAL_FDCAN_TT_StopWatchCallback)
    i.HAL_FDCAN_TT_TimeMarkCallback          0x080015b6   Section        0  stm32h7xx_hal_fdcan.o(i.HAL_FDCAN_TT_TimeMarkCallback)
    i.HAL_FDCAN_TimeoutOccurredCallback      0x080015b8   Section        0  stm32h7xx_hal_fdcan.o(i.HAL_FDCAN_TimeoutOccurredCallback)
    i.HAL_FDCAN_TimestampWraparoundCallback  0x080015ba   Section        0  stm32h7xx_hal_fdcan.o(i.HAL_FDCAN_TimestampWraparoundCallback)
    i.HAL_FDCAN_TxBufferAbortCallback        0x080015bc   Section        0  stm32h7xx_hal_fdcan.o(i.HAL_FDCAN_TxBufferAbortCallback)
    i.HAL_FDCAN_TxBufferCompleteCallback     0x080015be   Section        0  stm32h7xx_hal_fdcan.o(i.HAL_FDCAN_TxBufferCompleteCallback)
    i.HAL_FDCAN_TxEventFifoCallback          0x080015c0   Section        0  stm32h7xx_hal_fdcan.o(i.HAL_FDCAN_TxEventFifoCallback)
    i.HAL_FDCAN_TxFifoEmptyCallback          0x080015c2   Section        0  stm32h7xx_hal_fdcan.o(i.HAL_FDCAN_TxFifoEmptyCallback)
    i.HAL_GPIO_Init                          0x080015c4   Section        0  stm32h7xx_hal_gpio.o(i.HAL_GPIO_Init)
    i.HAL_GetTick                            0x080017e8   Section        0  stm32h7xx_hal.o(i.HAL_GetTick)
    i.HAL_IncTick                            0x080017f4   Section        0  stm32h7xx_hal.o(i.HAL_IncTick)
    i.HAL_Init                               0x08001804   Section        0  stm32h7xx_hal.o(i.HAL_Init)
    i.HAL_InitTick                           0x08001860   Section        0  stm32h7xx_hal_timebase_tim.o(i.HAL_InitTick)
    i.HAL_MPU_ConfigRegion                   0x080018ec   Section        0  stm32h7xx_hal_cortex.o(i.HAL_MPU_ConfigRegion)
    i.HAL_MPU_Disable                        0x08001948   Section        0  stm32h7xx_hal_cortex.o(i.HAL_MPU_Disable)
    i.HAL_MPU_Enable                         0x08001964   Section        0  stm32h7xx_hal_cortex.o(i.HAL_MPU_Enable)
    i.HAL_MspInit                            0x08001988   Section        0  stm32h7xx_hal_msp.o(i.HAL_MspInit)
    i.HAL_NVIC_EnableIRQ                     0x080019a4   Section        0  stm32h7xx_hal_cortex.o(i.HAL_NVIC_EnableIRQ)
    i.HAL_NVIC_SetPriority                   0x080019c0   Section        0  stm32h7xx_hal_cortex.o(i.HAL_NVIC_SetPriority)
    i.HAL_NVIC_SetPriorityGrouping           0x08001a00   Section        0  stm32h7xx_hal_cortex.o(i.HAL_NVIC_SetPriorityGrouping)
    i.HAL_PWREx_ConfigSupply                 0x08001a24   Section        0  stm32h7xx_hal_pwr_ex.o(i.HAL_PWREx_ConfigSupply)
    i.HAL_RCCEx_GetD3PCLK1Freq               0x08001a78   Section        0  stm32h7xx_hal_rcc_ex.o(i.HAL_RCCEx_GetD3PCLK1Freq)
    i.HAL_RCCEx_GetPLL2ClockFreq             0x08001a9c   Section        0  stm32h7xx_hal_rcc_ex.o(i.HAL_RCCEx_GetPLL2ClockFreq)
    i.HAL_RCCEx_GetPLL3ClockFreq             0x08001be0   Section        0  stm32h7xx_hal_rcc_ex.o(i.HAL_RCCEx_GetPLL3ClockFreq)
    i.HAL_RCCEx_PeriphCLKConfig              0x08001d24   Section        0  stm32h7xx_hal_rcc_ex.o(i.HAL_RCCEx_PeriphCLKConfig)
    i.HAL_RCC_ClockConfig                    0x08002660   Section        0  stm32h7xx_hal_rcc.o(i.HAL_RCC_ClockConfig)
    i.HAL_RCC_GetClockConfig                 0x080028bc   Section        0  stm32h7xx_hal_rcc.o(i.HAL_RCC_GetClockConfig)
    i.HAL_RCC_GetHCLKFreq                    0x08002918   Section        0  stm32h7xx_hal_rcc.o(i.HAL_RCC_GetHCLKFreq)
    i.HAL_RCC_GetPCLK1Freq                   0x0800295c   Section        0  stm32h7xx_hal_rcc.o(i.HAL_RCC_GetPCLK1Freq)
    i.HAL_RCC_GetPCLK2Freq                   0x08002980   Section        0  stm32h7xx_hal_rcc.o(i.HAL_RCC_GetPCLK2Freq)
    i.HAL_RCC_GetSysClockFreq                0x080029a4   Section        0  stm32h7xx_hal_rcc.o(i.HAL_RCC_GetSysClockFreq)
    i.HAL_RCC_OscConfig                      0x08002adc   Section        0  stm32h7xx_hal_rcc.o(i.HAL_RCC_OscConfig)
    i.HAL_TIMEx_Break2Callback               0x08003002   Section        0  stm32h7xx_hal_tim_ex.o(i.HAL_TIMEx_Break2Callback)
    i.HAL_TIMEx_BreakCallback                0x08003004   Section        0  stm32h7xx_hal_tim_ex.o(i.HAL_TIMEx_BreakCallback)
    i.HAL_TIMEx_CommutCallback               0x08003006   Section        0  stm32h7xx_hal_tim_ex.o(i.HAL_TIMEx_CommutCallback)
    i.HAL_TIM_Base_Init                      0x08003008   Section        0  stm32h7xx_hal_tim.o(i.HAL_TIM_Base_Init)
    i.HAL_TIM_Base_MspInit                   0x0800306a   Section        0  stm32h7xx_hal_tim.o(i.HAL_TIM_Base_MspInit)
    i.HAL_TIM_Base_Start_IT                  0x0800306c   Section        0  stm32h7xx_hal_tim.o(i.HAL_TIM_Base_Start_IT)
    i.HAL_TIM_IC_CaptureCallback             0x0800310c   Section        0  stm32h7xx_hal_tim.o(i.HAL_TIM_IC_CaptureCallback)
    i.HAL_TIM_IRQHandler                     0x0800310e   Section        0  stm32h7xx_hal_tim.o(i.HAL_TIM_IRQHandler)
    i.HAL_TIM_OC_DelayElapsedCallback        0x08003256   Section        0  stm32h7xx_hal_tim.o(i.HAL_TIM_OC_DelayElapsedCallback)
    i.HAL_TIM_PWM_PulseFinishedCallback      0x08003258   Section        0  stm32h7xx_hal_tim.o(i.HAL_TIM_PWM_PulseFinishedCallback)
    i.HAL_TIM_PeriodElapsedCallback          0x0800325c   Section        0  main.o(i.HAL_TIM_PeriodElapsedCallback)
    i.HAL_TIM_TriggerCallback                0x08003270   Section        0  stm32h7xx_hal_tim.o(i.HAL_TIM_TriggerCallback)
    i.HAL_UARTEx_DisableFifoMode             0x08003272   Section        0  stm32h7xx_hal_uart_ex.o(i.HAL_UARTEx_DisableFifoMode)
    i.HAL_UARTEx_SetRxFifoThreshold          0x080032b2   Section        0  stm32h7xx_hal_uart_ex.o(i.HAL_UARTEx_SetRxFifoThreshold)
    i.HAL_UARTEx_SetTxFifoThreshold          0x080032fe   Section        0  stm32h7xx_hal_uart_ex.o(i.HAL_UARTEx_SetTxFifoThreshold)
    i.HAL_UART_Init                          0x0800334a   Section        0  stm32h7xx_hal_uart.o(i.HAL_UART_Init)
    i.HAL_UART_MspInit                       0x080033b4   Section        0  usart.o(i.HAL_UART_MspInit)
    i.HAL_UART_Transmit                      0x080037a0   Section        0  stm32h7xx_hal_uart.o(i.HAL_UART_Transmit)
    i.HardFault_Handler                      0x08003858   Section        0  stm32h7xx_it.o(i.HardFault_Handler)
    i.MPU_Config                             0x0800385a   Section        0  main.o(i.MPU_Config)
    MPU_Config                               0x0800385b   Thumb Code   152  main.o(i.MPU_Config)
    i.MX_FDCAN1_Init                         0x080038f4   Section        0  fdcan.o(i.MX_FDCAN1_Init)
    i.MX_FDCAN2_Init                         0x0800395c   Section        0  fdcan.o(i.MX_FDCAN2_Init)
    i.MX_FDCAN3_Init                         0x080039c4   Section        0  fdcan.o(i.MX_FDCAN3_Init)
    i.MX_GPIO_Init                           0x08003a2c   Section        0  gpio.o(i.MX_GPIO_Init)
    i.MX_UART4_Init                          0x08003ab8   Section        0  usart.o(i.MX_UART4_Init)
    i.MX_UART5_Init                          0x08003b20   Section        0  usart.o(i.MX_UART5_Init)
    i.MX_UART7_Init                          0x08003b88   Section        0  usart.o(i.MX_UART7_Init)
    i.MX_UART8_Init                          0x08003bf0   Section        0  usart.o(i.MX_UART8_Init)
    i.MX_UART9_Init                          0x08003c58   Section        0  usart.o(i.MX_UART9_Init)
    i.MX_USART10_UART_Init                   0x08003cc0   Section        0  usart.o(i.MX_USART10_UART_Init)
    i.MX_USART1_UART_Init                    0x08003d28   Section        0  usart.o(i.MX_USART1_UART_Init)
    i.MX_USART2_UART_Init                    0x08003d90   Section        0  usart.o(i.MX_USART2_UART_Init)
    i.MX_USART3_UART_Init                    0x08003df8   Section        0  usart.o(i.MX_USART3_UART_Init)
    i.MX_USART6_UART_Init                    0x08003e60   Section        0  usart.o(i.MX_USART6_UART_Init)
    i.MemManage_Handler                      0x08003ec8   Section        0  stm32h7xx_it.o(i.MemManage_Handler)
    i.NMI_Handler                            0x08003eca   Section        0  stm32h7xx_it.o(i.NMI_Handler)
    i.PendSV_Handler                         0x08003ecc   Section        0  stm32h7xx_it.o(i.PendSV_Handler)
    i.RCCEx_PLL2_Config                      0x08003ed0   Section        0  stm32h7xx_hal_rcc_ex.o(i.RCCEx_PLL2_Config)
    RCCEx_PLL2_Config                        0x08003ed1   Thumb Code   284  stm32h7xx_hal_rcc_ex.o(i.RCCEx_PLL2_Config)
    i.RCCEx_PLL3_Config                      0x08003ff0   Section        0  stm32h7xx_hal_rcc_ex.o(i.RCCEx_PLL3_Config)
    RCCEx_PLL3_Config                        0x08003ff1   Thumb Code   284  stm32h7xx_hal_rcc_ex.o(i.RCCEx_PLL3_Config)
    i.SVC_Handler                            0x08004110   Section        0  stm32h7xx_it.o(i.SVC_Handler)
    i.SysTick_Handler                        0x08004112   Section        0  stm32h7xx_it.o(i.SysTick_Handler)
    i.SystemClock_Config                     0x08004114   Section        0  main.o(i.SystemClock_Config)
    i.SystemInit                             0x080041ac   Section        0  system_stm32h7xx.o(i.SystemInit)
    i.TIM6_DAC_IRQHandler                    0x08004284   Section        0  stm32h7xx_it.o(i.TIM6_DAC_IRQHandler)
    i.TIM_Base_SetConfig                     0x08004290   Section        0  stm32h7xx_hal_tim.o(i.TIM_Base_SetConfig)
    i.Test_FDCAN_Print                       0x08004370   Section        0  main.o(i.Test_FDCAN_Print)
    Test_FDCAN_Print                         0x08004371   Thumb Code   258  main.o(i.Test_FDCAN_Print)
    i.Test_UART_Print                        0x08004564   Section        0  main.o(i.Test_UART_Print)
    Test_UART_Print                          0x08004565   Thumb Code    88  main.o(i.Test_UART_Print)
    i.UARTEx_SetNbDataToProcess              0x08004604   Section        0  stm32h7xx_hal_uart_ex.o(i.UARTEx_SetNbDataToProcess)
    UARTEx_SetNbDataToProcess                0x08004605   Thumb Code    62  stm32h7xx_hal_uart_ex.o(i.UARTEx_SetNbDataToProcess)
    i.UART_AdvFeatureConfig                  0x08004648   Section        0  stm32h7xx_hal_uart.o(i.UART_AdvFeatureConfig)
    i.UART_CheckIdleState                    0x08004710   Section        0  stm32h7xx_hal_uart.o(i.UART_CheckIdleState)
    i.UART_EndRxTransfer                     0x080047bc   Section        0  stm32h7xx_hal_uart.o(i.UART_EndRxTransfer)
    UART_EndRxTransfer                       0x080047bd   Thumb Code    78  stm32h7xx_hal_uart.o(i.UART_EndRxTransfer)
    i.UART_SetConfig                         0x08004810   Section        0  stm32h7xx_hal_uart.o(i.UART_SetConfig)
    i.UART_WaitOnFlagUntilTimeout            0x08004bec   Section        0  stm32h7xx_hal_uart.o(i.UART_WaitOnFlagUntilTimeout)
    i.UsageFault_Handler                     0x08004c80   Section        0  stm32h7xx_it.o(i.UsageFault_Handler)
    i.__NVIC_SetPriority                     0x08004c82   Section        0  stm32h7xx_hal_cortex.o(i.__NVIC_SetPriority)
    __NVIC_SetPriority                       0x08004c83   Thumb Code    34  stm32h7xx_hal_cortex.o(i.__NVIC_SetPriority)
    i._is_digit                              0x08004ca4   Section        0  __printf_wp.o(i._is_digit)
    i.main                                   0x08004cb4   Section        0  main.o(i.main)
    x$fpl$fpinit                             0x0800513c   Section       10  fpinit.o(x$fpl$fpinit)
    $v0                                      0x0800513c   Number         0  fpinit.o(x$fpl$fpinit)
    .constdata                               0x08005148   Section       92  stm32h7xx_hal_fdcan.o(.constdata)
    DLCtoBytes                               0x08005148   Data          16  stm32h7xx_hal_fdcan.o(.constdata)
    .constdata                               0x080051a4   Section       24  stm32h7xx_hal_uart.o(.constdata)
    .constdata                               0x080051bc   Section       16  stm32h7xx_hal_uart_ex.o(.constdata)
    numerator                                0x080051bc   Data           8  stm32h7xx_hal_uart_ex.o(.constdata)
    denominator                              0x080051c4   Data           8  stm32h7xx_hal_uart_ex.o(.constdata)
    .constdata                               0x080051cc   Section       16  system_stm32h7xx.o(.constdata)
    .constdata                               0x080051dc   Section       40  _printf_hex_int.o(.constdata)
    uc_hextab                                0x080051dc   Data          20  _printf_hex_int.o(.constdata)
    lc_hextab                                0x080051f0   Data          20  _printf_hex_int.o(.constdata)
    .constdata                               0x08005204   Section       17  __printf_flags_ss_wp.o(.constdata)
    maptable                                 0x08005204   Data          17  __printf_flags_ss_wp.o(.constdata)
    .data                                    0x24000000   Section        5  main.o(.data)
    test_stage                               0x24000000   Data           1  main.o(.data)
    test_done                                0x24000001   Data           1  main.o(.data)
    fdcan_started                            0x24000002   Data           3  main.o(.data)
    .data                                    0x24000008   Section        4  fdcan.o(.data)
    HAL_RCC_FDCAN_CLK_ENABLED                0x24000008   Data           4  fdcan.o(.data)
    .data                                    0x2400000c   Section       12  stm32h7xx_hal.o(.data)
    .data                                    0x24000018   Section        8  system_stm32h7xx.o(.data)
    .bss                                     0x24000020   Section       64  main.o(.bss)
    test_msg                                 0x24000020   Data          64  main.o(.bss)
    .bss                                     0x24000060   Section      480  fdcan.o(.bss)
    .bss                                     0x24000240   Section     1480  usart.o(.bss)
    .bss                                     0x24000808   Section       76  stm32h7xx_hal_timebase_tim.o(.bss)
    .bss                                     0x24000854   Section       96  libspace.o(.bss)
    HEAP                                     0x240008b8   Section      512  startup_stm32h723xx.o(HEAP)
    Heap_Mem                                 0x240008b8   Data         512  startup_stm32h723xx.o(HEAP)
    STACK                                    0x24000ab8   Section     1024  startup_stm32h723xx.o(STACK)
    Stack_Mem                                0x24000ab8   Data        1024  startup_stm32h723xx.o(STACK)
    __initial_sp                             0x24000eb8   Data           0  startup_stm32h723xx.o(STACK)

    Global Symbols

    Symbol Name                              Value     Ov Type        Size  Object(Section)

    BuildAttributes$$THM_ISAv4$E$P$D$K$B$S$7EM$VFPv5_D16$PE$PLD8$A:L22UL41UL21$X:L11$S22US41US21$IEEE1$IW$USESV6$~STKCKD$USESV7$~SHL$OSPACE$ROPI$EBA8$UX$STANDARDLIB$REQ8$PRES8$EABIv2 0x00000000   Number         0  anon$$obj.o ABSOLUTE
    __ARM_use_no_argv                        0x00000000   Number         0  main.o ABSOLUTE
    _printf_flags                            0x00000000   Number         0  printf_stubs.o ABSOLUTE
    _printf_return_value                     0x00000000   Number         0  printf_stubs.o ABSOLUTE
    _printf_sizespec                         0x00000000   Number         0  printf_stubs.o ABSOLUTE
    _printf_widthprec                        0x00000000   Number         0  printf_stubs.o ABSOLUTE
    __ARM_exceptions_init                     - Undefined Weak Reference
    __alloca_initialize                       - Undefined Weak Reference
    __arm_preinit_                            - Undefined Weak Reference
    __cpp_initialize__aeabi_                  - Undefined Weak Reference
    __cxa_finalize                            - Undefined Weak Reference
    __rt_locale                               - Undefined Weak Reference
    __sigvec_lookup                           - Undefined Weak Reference
    _atexit_init                              - Undefined Weak Reference
    _call_atexit_fns                          - Undefined Weak Reference
    _clock_init                               - Undefined Weak Reference
    _fp_trap_init                             - Undefined Weak Reference
    _fp_trap_shutdown                         - Undefined Weak Reference
    _get_lc_collate                           - Undefined Weak Reference
    _get_lc_ctype                             - Undefined Weak Reference
    _get_lc_monetary                          - Undefined Weak Reference
    _get_lc_numeric                           - Undefined Weak Reference
    _get_lc_time                              - Undefined Weak Reference
    _getenv_init                              - Undefined Weak Reference
    _handle_redirection                       - Undefined Weak Reference
    _init_alloc                               - Undefined Weak Reference
    _init_user_alloc                          - Undefined Weak Reference
    _initio                                   - Undefined Weak Reference
    _printf_mbtowc                            - Undefined Weak Reference
    _printf_truncate_signed                   - Undefined Weak Reference
    _printf_truncate_unsigned                 - Undefined Weak Reference
    _rand_init                                - Undefined Weak Reference
    _signal_finish                            - Undefined Weak Reference
    _signal_init                              - Undefined Weak Reference
    _terminate_alloc                          - Undefined Weak Reference
    _terminate_user_alloc                     - Undefined Weak Reference
    _terminateio                              - Undefined Weak Reference
    __Vectors_Size                           0x000002cc   Number         0  startup_stm32h723xx.o ABSOLUTE
    __Vectors                                0x08000000   Data           4  startup_stm32h723xx.o(RESET)
    __Vectors_End                            0x080002cc   Data           0  startup_stm32h723xx.o(RESET)
    __main                                   0x080002cd   Thumb Code     8  __main.o(!!!main)
    __scatterload                            0x080002d5   Thumb Code     0  __scatter.o(!!!scatter)
    __scatterload_rt2                        0x080002d5   Thumb Code    44  __scatter.o(!!!scatter)
    __scatterload_rt2_thumb_only             0x080002d5   Thumb Code     0  __scatter.o(!!!scatter)
    __scatterload_null                       0x080002e3   Thumb Code     0  __scatter.o(!!!scatter)
    __scatterload_copy                       0x08000309   Thumb Code    26  __scatter_copy.o(!!handler_copy)
    __scatterload_zeroinit                   0x08000325   Thumb Code    28  __scatter_zi.o(!!handler_zi)
    _printf_d                                0x08000341   Thumb Code     0  _printf_d.o(.ARM.Collect$$_printf_percent$$00000009)
    _printf_percent                          0x08000341   Thumb Code     0  _printf_percent.o(.ARM.Collect$$_printf_percent$$00000000)
    _printf_u                                0x08000347   Thumb Code     0  _printf_u.o(.ARM.Collect$$_printf_percent$$0000000A)
    _printf_x                                0x0800034d   Thumb Code     0  _printf_x.o(.ARM.Collect$$_printf_percent$$0000000C)
    _printf_s                                0x08000353   Thumb Code     0  _printf_s.o(.ARM.Collect$$_printf_percent$$00000014)
    _printf_percent_end                      0x08000359   Thumb Code     0  _printf_percent_end.o(.ARM.Collect$$_printf_percent$$00000017)
    __rt_lib_init                            0x0800035d   Thumb Code     0  libinit.o(.ARM.Collect$$libinit$$00000000)
    __rt_lib_init_fp_1                       0x0800035f   Thumb Code     0  libinit2.o(.ARM.Collect$$libinit$$00000001)
    __rt_lib_init_alloca_1                   0x08000363   Thumb Code     0  libinit2.o(.ARM.Collect$$libinit$$0000002E)
    __rt_lib_init_argv_1                     0x08000363   Thumb Code     0  libinit2.o(.ARM.Collect$$libinit$$0000002C)
    __rt_lib_init_atexit_1                   0x08000363   Thumb Code     0  libinit2.o(.ARM.Collect$$libinit$$0000001B)
    __rt_lib_init_clock_1                    0x08000363   Thumb Code     0  libinit2.o(.ARM.Collect$$libinit$$00000021)
    __rt_lib_init_cpp_1                      0x08000363   Thumb Code     0  libinit2.o(.ARM.Collect$$libinit$$00000032)
    __rt_lib_init_exceptions_1               0x08000363   Thumb Code     0  libinit2.o(.ARM.Collect$$libinit$$00000030)
    __rt_lib_init_fp_trap_1                  0x08000363   Thumb Code     0  libinit2.o(.ARM.Collect$$libinit$$0000001F)
    __rt_lib_init_getenv_1                   0x08000363   Thumb Code     0  libinit2.o(.ARM.Collect$$libinit$$00000023)
    __rt_lib_init_heap_1                     0x08000363   Thumb Code     0  libinit2.o(.ARM.Collect$$libinit$$0000000A)
    __rt_lib_init_lc_collate_1               0x08000363   Thumb Code     0  libinit2.o(.ARM.Collect$$libinit$$00000011)
    __rt_lib_init_lc_ctype_1                 0x08000363   Thumb Code     0  libinit2.o(.ARM.Collect$$libinit$$00000013)
    __rt_lib_init_lc_monetary_1              0x08000363   Thumb Code     0  libinit2.o(.ARM.Collect$$libinit$$00000015)
    __rt_lib_init_lc_numeric_1               0x08000363   Thumb Code     0  libinit2.o(.ARM.Collect$$libinit$$00000017)
    __rt_lib_init_lc_time_1                  0x08000363   Thumb Code     0  libinit2.o(.ARM.Collect$$libinit$$00000019)
    __rt_lib_init_preinit_1                  0x08000363   Thumb Code     0  libinit2.o(.ARM.Collect$$libinit$$00000004)
    __rt_lib_init_rand_1                     0x08000363   Thumb Code     0  libinit2.o(.ARM.Collect$$libinit$$0000000E)
    __rt_lib_init_return                     0x08000363   Thumb Code     0  libinit2.o(.ARM.Collect$$libinit$$00000033)
    __rt_lib_init_signal_1                   0x08000363   Thumb Code     0  libinit2.o(.ARM.Collect$$libinit$$0000001D)
    __rt_lib_init_stdio_1                    0x08000363   Thumb Code     0  libinit2.o(.ARM.Collect$$libinit$$00000025)
    __rt_lib_init_user_alloc_1               0x08000363   Thumb Code     0  libinit2.o(.ARM.Collect$$libinit$$0000000C)
    __rt_lib_shutdown                        0x08000365   Thumb Code     0  libshutdown.o(.ARM.Collect$$libshutdown$$00000000)
    __rt_lib_shutdown_cpp_1                  0x08000367   Thumb Code     0  libshutdown2.o(.ARM.Collect$$libshutdown$$00000002)
    __rt_lib_shutdown_fp_trap_1              0x08000367   Thumb Code     0  libshutdown2.o(.ARM.Collect$$libshutdown$$00000007)
    __rt_lib_shutdown_heap_1                 0x08000367   Thumb Code     0  libshutdown2.o(.ARM.Collect$$libshutdown$$0000000F)
    __rt_lib_shutdown_return                 0x08000367   Thumb Code     0  libshutdown2.o(.ARM.Collect$$libshutdown$$00000010)
    __rt_lib_shutdown_signal_1               0x08000367   Thumb Code     0  libshutdown2.o(.ARM.Collect$$libshutdown$$0000000A)
    __rt_lib_shutdown_stdio_1                0x08000367   Thumb Code     0  libshutdown2.o(.ARM.Collect$$libshutdown$$00000004)
    __rt_lib_shutdown_user_alloc_1           0x08000367   Thumb Code     0  libshutdown2.o(.ARM.Collect$$libshutdown$$0000000C)
    __rt_entry                               0x08000369   Thumb Code     0  __rtentry.o(.ARM.Collect$$rtentry$$00000000)
    __rt_entry_presh_1                       0x08000369   Thumb Code     0  __rtentry2.o(.ARM.Collect$$rtentry$$00000002)
    __rt_entry_sh                            0x08000369   Thumb Code     0  __rtentry4.o(.ARM.Collect$$rtentry$$00000004)
    __rt_entry_li                            0x0800036f   Thumb Code     0  __rtentry2.o(.ARM.Collect$$rtentry$$0000000A)
    __rt_entry_postsh_1                      0x0800036f   Thumb Code     0  __rtentry2.o(.ARM.Collect$$rtentry$$00000009)
    __rt_entry_main                          0x08000373   Thumb Code     0  __rtentry2.o(.ARM.Collect$$rtentry$$0000000D)
    __rt_entry_postli_1                      0x08000373   Thumb Code     0  __rtentry2.o(.ARM.Collect$$rtentry$$0000000C)
    __rt_exit                                0x0800037b   Thumb Code     0  rtexit.o(.ARM.Collect$$rtexit$$00000000)
    __rt_exit_ls                             0x0800037d   Thumb Code     0  rtexit2.o(.ARM.Collect$$rtexit$$00000003)
    __rt_exit_prels_1                        0x0800037d   Thumb Code     0  rtexit2.o(.ARM.Collect$$rtexit$$00000002)
    __rt_exit_exit                           0x08000381   Thumb Code     0  rtexit2.o(.ARM.Collect$$rtexit$$00000004)
    Reset_Handler                            0x08000389   Thumb Code    12  startup_stm32h723xx.o(.text)
    ADC3_IRQHandler                          0x080003a7   Thumb Code     0  startup_stm32h723xx.o(.text)
    ADC_IRQHandler                           0x080003a7   Thumb Code     0  startup_stm32h723xx.o(.text)
    BDMA_Channel0_IRQHandler                 0x080003a7   Thumb Code     0  startup_stm32h723xx.o(.text)
    BDMA_Channel1_IRQHandler                 0x080003a7   Thumb Code     0  startup_stm32h723xx.o(.text)
    BDMA_Channel2_IRQHandler                 0x080003a7   Thumb Code     0  startup_stm32h723xx.o(.text)
    BDMA_Channel3_IRQHandler                 0x080003a7   Thumb Code     0  startup_stm32h723xx.o(.text)
    BDMA_Channel4_IRQHandler                 0x080003a7   Thumb Code     0  startup_stm32h723xx.o(.text)
    BDMA_Channel5_IRQHandler                 0x080003a7   Thumb Code     0  startup_stm32h723xx.o(.text)
    BDMA_Channel6_IRQHandler                 0x080003a7   Thumb Code     0  startup_stm32h723xx.o(.text)
    BDMA_Channel7_IRQHandler                 0x080003a7   Thumb Code     0  startup_stm32h723xx.o(.text)
    CEC_IRQHandler                           0x080003a7   Thumb Code     0  startup_stm32h723xx.o(.text)
    COMP1_IRQHandler                         0x080003a7   Thumb Code     0  startup_stm32h723xx.o(.text)
    CORDIC_IRQHandler                        0x080003a7   Thumb Code     0  startup_stm32h723xx.o(.text)
    CRS_IRQHandler                           0x080003a7   Thumb Code     0  startup_stm32h723xx.o(.text)
    DCMI_PSSI_IRQHandler                     0x080003a7   Thumb Code     0  startup_stm32h723xx.o(.text)
    DFSDM1_FLT0_IRQHandler                   0x080003a7   Thumb Code     0  startup_stm32h723xx.o(.text)
    DFSDM1_FLT1_IRQHandler                   0x080003a7   Thumb Code     0  startup_stm32h723xx.o(.text)
    DFSDM1_FLT2_IRQHandler                   0x080003a7   Thumb Code     0  startup_stm32h723xx.o(.text)
    DFSDM1_FLT3_IRQHandler                   0x080003a7   Thumb Code     0  startup_stm32h723xx.o(.text)
    DMA1_Stream0_IRQHandler                  0x080003a7   Thumb Code     0  startup_stm32h723xx.o(.text)
    DMA1_Stream1_IRQHandler                  0x080003a7   Thumb Code     0  startup_stm32h723xx.o(.text)
    DMA1_Stream2_IRQHandler                  0x080003a7   Thumb Code     0  startup_stm32h723xx.o(.text)
    DMA1_Stream3_IRQHandler                  0x080003a7   Thumb Code     0  startup_stm32h723xx.o(.text)
    DMA1_Stream4_IRQHandler                  0x080003a7   Thumb Code     0  startup_stm32h723xx.o(.text)
    DMA1_Stream5_IRQHandler                  0x080003a7   Thumb Code     0  startup_stm32h723xx.o(.text)
    DMA1_Stream6_IRQHandler                  0x080003a7   Thumb Code     0  startup_stm32h723xx.o(.text)
    DMA1_Stream7_IRQHandler                  0x080003a7   Thumb Code     0  startup_stm32h723xx.o(.text)
    DMA2D_IRQHandler                         0x080003a7   Thumb Code     0  startup_stm32h723xx.o(.text)
    DMA2_Stream0_IRQHandler                  0x080003a7   Thumb Code     0  startup_stm32h723xx.o(.text)
    DMA2_Stream1_IRQHandler                  0x080003a7   Thumb Code     0  startup_stm32h723xx.o(.text)
    DMA2_Stream2_IRQHandler                  0x080003a7   Thumb Code     0  startup_stm32h723xx.o(.text)
    DMA2_Stream3_IRQHandler                  0x080003a7   Thumb Code     0  startup_stm32h723xx.o(.text)
    DMA2_Stream4_IRQHandler                  0x080003a7   Thumb Code     0  startup_stm32h723xx.o(.text)
    DMA2_Stream5_IRQHandler                  0x080003a7   Thumb Code     0  startup_stm32h723xx.o(.text)
    DMA2_Stream6_IRQHandler                  0x080003a7   Thumb Code     0  startup_stm32h723xx.o(.text)
    DMA2_Stream7_IRQHandler                  0x080003a7   Thumb Code     0  startup_stm32h723xx.o(.text)
    DMAMUX1_OVR_IRQHandler                   0x080003a7   Thumb Code     0  startup_stm32h723xx.o(.text)
    DMAMUX2_OVR_IRQHandler                   0x080003a7   Thumb Code     0  startup_stm32h723xx.o(.text)
    DTS_IRQHandler                           0x080003a7   Thumb Code     0  startup_stm32h723xx.o(.text)
    ECC_IRQHandler                           0x080003a7   Thumb Code     0  startup_stm32h723xx.o(.text)
    ETH_IRQHandler                           0x080003a7   Thumb Code     0  startup_stm32h723xx.o(.text)
    ETH_WKUP_IRQHandler                      0x080003a7   Thumb Code     0  startup_stm32h723xx.o(.text)
    EXTI0_IRQHandler                         0x080003a7   Thumb Code     0  startup_stm32h723xx.o(.text)
    EXTI15_10_IRQHandler                     0x080003a7   Thumb Code     0  startup_stm32h723xx.o(.text)
    EXTI1_IRQHandler                         0x080003a7   Thumb Code     0  startup_stm32h723xx.o(.text)
    EXTI2_IRQHandler                         0x080003a7   Thumb Code     0  startup_stm32h723xx.o(.text)
    EXTI3_IRQHandler                         0x080003a7   Thumb Code     0  startup_stm32h723xx.o(.text)
    EXTI4_IRQHandler                         0x080003a7   Thumb Code     0  startup_stm32h723xx.o(.text)
    EXTI9_5_IRQHandler                       0x080003a7   Thumb Code     0  startup_stm32h723xx.o(.text)
    FDCAN_CAL_IRQHandler                     0x080003a7   Thumb Code     0  startup_stm32h723xx.o(.text)
    FLASH_IRQHandler                         0x080003a7   Thumb Code     0  startup_stm32h723xx.o(.text)
    FMAC_IRQHandler                          0x080003a7   Thumb Code     0  startup_stm32h723xx.o(.text)
    FMC_IRQHandler                           0x080003a7   Thumb Code     0  startup_stm32h723xx.o(.text)
    FPU_IRQHandler                           0x080003a7   Thumb Code     0  startup_stm32h723xx.o(.text)
    HSEM1_IRQHandler                         0x080003a7   Thumb Code     0  startup_stm32h723xx.o(.text)
    I2C1_ER_IRQHandler                       0x080003a7   Thumb Code     0  startup_stm32h723xx.o(.text)
    I2C1_EV_IRQHandler                       0x080003a7   Thumb Code     0  startup_stm32h723xx.o(.text)
    I2C2_ER_IRQHandler                       0x080003a7   Thumb Code     0  startup_stm32h723xx.o(.text)
    I2C2_EV_IRQHandler                       0x080003a7   Thumb Code     0  startup_stm32h723xx.o(.text)
    I2C3_ER_IRQHandler                       0x080003a7   Thumb Code     0  startup_stm32h723xx.o(.text)
    I2C3_EV_IRQHandler                       0x080003a7   Thumb Code     0  startup_stm32h723xx.o(.text)
    I2C4_ER_IRQHandler                       0x080003a7   Thumb Code     0  startup_stm32h723xx.o(.text)
    I2C4_EV_IRQHandler                       0x080003a7   Thumb Code     0  startup_stm32h723xx.o(.text)
    I2C5_ER_IRQHandler                       0x080003a7   Thumb Code     0  startup_stm32h723xx.o(.text)
    I2C5_EV_IRQHandler                       0x080003a7   Thumb Code     0  startup_stm32h723xx.o(.text)
    LPTIM1_IRQHandler                        0x080003a7   Thumb Code     0  startup_stm32h723xx.o(.text)
    LPTIM2_IRQHandler                        0x080003a7   Thumb Code     0  startup_stm32h723xx.o(.text)
    LPTIM3_IRQHandler                        0x080003a7   Thumb Code     0  startup_stm32h723xx.o(.text)
    LPTIM4_IRQHandler                        0x080003a7   Thumb Code     0  startup_stm32h723xx.o(.text)
    LPTIM5_IRQHandler                        0x080003a7   Thumb Code     0  startup_stm32h723xx.o(.text)
    LPUART1_IRQHandler                       0x080003a7   Thumb Code     0  startup_stm32h723xx.o(.text)
    LTDC_ER_IRQHandler                       0x080003a7   Thumb Code     0  startup_stm32h723xx.o(.text)
    LTDC_IRQHandler                          0x080003a7   Thumb Code     0  startup_stm32h723xx.o(.text)
    MDIOS_IRQHandler                         0x080003a7   Thumb Code     0  startup_stm32h723xx.o(.text)
    MDIOS_WKUP_IRQHandler                    0x080003a7   Thumb Code     0  startup_stm32h723xx.o(.text)
    MDMA_IRQHandler                          0x080003a7   Thumb Code     0  startup_stm32h723xx.o(.text)
    OCTOSPI1_IRQHandler                      0x080003a7   Thumb Code     0  startup_stm32h723xx.o(.text)
    OCTOSPI2_IRQHandler                      0x080003a7   Thumb Code     0  startup_stm32h723xx.o(.text)
    OTG_HS_EP1_IN_IRQHandler                 0x080003a7   Thumb Code     0  startup_stm32h723xx.o(.text)
    OTG_HS_EP1_OUT_IRQHandler                0x080003a7   Thumb Code     0  startup_stm32h723xx.o(.text)
    OTG_HS_IRQHandler                        0x080003a7   Thumb Code     0  startup_stm32h723xx.o(.text)
    OTG_HS_WKUP_IRQHandler                   0x080003a7   Thumb Code     0  startup_stm32h723xx.o(.text)
    PVD_AVD_IRQHandler                       0x080003a7   Thumb Code     0  startup_stm32h723xx.o(.text)
    RCC_IRQHandler                           0x080003a7   Thumb Code     0  startup_stm32h723xx.o(.text)
    RNG_IRQHandler                           0x080003a7   Thumb Code     0  startup_stm32h723xx.o(.text)
    RTC_Alarm_IRQHandler                     0x080003a7   Thumb Code     0  startup_stm32h723xx.o(.text)
    RTC_WKUP_IRQHandler                      0x080003a7   Thumb Code     0  startup_stm32h723xx.o(.text)
    SAI1_IRQHandler                          0x080003a7   Thumb Code     0  startup_stm32h723xx.o(.text)
    SAI4_IRQHandler                          0x080003a7   Thumb Code     0  startup_stm32h723xx.o(.text)
    SDMMC1_IRQHandler                        0x080003a7   Thumb Code     0  startup_stm32h723xx.o(.text)
    SDMMC2_IRQHandler                        0x080003a7   Thumb Code     0  startup_stm32h723xx.o(.text)
    SPDIF_RX_IRQHandler                      0x080003a7   Thumb Code     0  startup_stm32h723xx.o(.text)
    SPI1_IRQHandler                          0x080003a7   Thumb Code     0  startup_stm32h723xx.o(.text)
    SPI2_IRQHandler                          0x080003a7   Thumb Code     0  startup_stm32h723xx.o(.text)
    SPI3_IRQHandler                          0x080003a7   Thumb Code     0  startup_stm32h723xx.o(.text)
    SPI4_IRQHandler                          0x080003a7   Thumb Code     0  startup_stm32h723xx.o(.text)
    SPI5_IRQHandler                          0x080003a7   Thumb Code     0  startup_stm32h723xx.o(.text)
    SPI6_IRQHandler                          0x080003a7   Thumb Code     0  startup_stm32h723xx.o(.text)
    SWPMI1_IRQHandler                        0x080003a7   Thumb Code     0  startup_stm32h723xx.o(.text)
    TAMP_STAMP_IRQHandler                    0x080003a7   Thumb Code     0  startup_stm32h723xx.o(.text)
    TIM15_IRQHandler                         0x080003a7   Thumb Code     0  startup_stm32h723xx.o(.text)
    TIM16_IRQHandler                         0x080003a7   Thumb Code     0  startup_stm32h723xx.o(.text)
    TIM17_IRQHandler                         0x080003a7   Thumb Code     0  startup_stm32h723xx.o(.text)
    TIM1_BRK_IRQHandler                      0x080003a7   Thumb Code     0  startup_stm32h723xx.o(.text)
    TIM1_CC_IRQHandler                       0x080003a7   Thumb Code     0  startup_stm32h723xx.o(.text)
    TIM1_TRG_COM_IRQHandler                  0x080003a7   Thumb Code     0  startup_stm32h723xx.o(.text)
    TIM1_UP_IRQHandler                       0x080003a7   Thumb Code     0  startup_stm32h723xx.o(.text)
    TIM23_IRQHandler                         0x080003a7   Thumb Code     0  startup_stm32h723xx.o(.text)
    TIM24_IRQHandler                         0x080003a7   Thumb Code     0  startup_stm32h723xx.o(.text)
    TIM2_IRQHandler                          0x080003a7   Thumb Code     0  startup_stm32h723xx.o(.text)
    TIM3_IRQHandler                          0x080003a7   Thumb Code     0  startup_stm32h723xx.o(.text)
    TIM4_IRQHandler                          0x080003a7   Thumb Code     0  startup_stm32h723xx.o(.text)
    TIM5_IRQHandler                          0x080003a7   Thumb Code     0  startup_stm32h723xx.o(.text)
    TIM7_IRQHandler                          0x080003a7   Thumb Code     0  startup_stm32h723xx.o(.text)
    TIM8_BRK_TIM12_IRQHandler                0x080003a7   Thumb Code     0  startup_stm32h723xx.o(.text)
    TIM8_CC_IRQHandler                       0x080003a7   Thumb Code     0  startup_stm32h723xx.o(.text)
    TIM8_TRG_COM_TIM14_IRQHandler            0x080003a7   Thumb Code     0  startup_stm32h723xx.o(.text)
    TIM8_UP_TIM13_IRQHandler                 0x080003a7   Thumb Code     0  startup_stm32h723xx.o(.text)
    UART4_IRQHandler                         0x080003a7   Thumb Code     0  startup_stm32h723xx.o(.text)
    UART5_IRQHandler                         0x080003a7   Thumb Code     0  startup_stm32h723xx.o(.text)
    UART7_IRQHandler                         0x080003a7   Thumb Code     0  startup_stm32h723xx.o(.text)
    UART8_IRQHandler                         0x080003a7   Thumb Code     0  startup_stm32h723xx.o(.text)
    UART9_IRQHandler                         0x080003a7   Thumb Code     0  startup_stm32h723xx.o(.text)
    USART10_IRQHandler                       0x080003a7   Thumb Code     0  startup_stm32h723xx.o(.text)
    USART1_IRQHandler                        0x080003a7   Thumb Code     0  startup_stm32h723xx.o(.text)
    USART2_IRQHandler                        0x080003a7   Thumb Code     0  startup_stm32h723xx.o(.text)
    USART3_IRQHandler                        0x080003a7   Thumb Code     0  startup_stm32h723xx.o(.text)
    USART6_IRQHandler                        0x080003a7   Thumb Code     0  startup_stm32h723xx.o(.text)
    WAKEUP_PIN_IRQHandler                    0x080003a7   Thumb Code     0  startup_stm32h723xx.o(.text)
    WWDG_IRQHandler                          0x080003a7   Thumb Code     0  startup_stm32h723xx.o(.text)
    __user_initial_stackheap                 0x080003a9   Thumb Code     0  startup_stm32h723xx.o(.text)
    __aeabi_uldivmod                         0x080003d1   Thumb Code     0  lludivv7m.o(.text)
    _ll_udiv                                 0x080003d1   Thumb Code   238  lludivv7m.o(.text)
    __2snprintf                              0x080004c1   Thumb Code    48  noretval__2snprintf.o(.text)
    _printf_pre_padding                      0x080004f5   Thumb Code    44  _printf_pad.o(.text)
    _printf_post_padding                     0x08000521   Thumb Code    34  _printf_pad.o(.text)
    _printf_str                              0x08000543   Thumb Code    82  _printf_str.o(.text)
    _printf_int_dec                          0x08000595   Thumb Code   104  _printf_dec.o(.text)
    _printf_int_hex                          0x0800060d   Thumb Code    84  _printf_hex_int.o(.text)
    _printf_longlong_hex                     0x0800060d   Thumb Code     0  _printf_hex_int.o(.text)
    __printf                                 0x08000665   Thumb Code   388  __printf_flags_ss_wp.o(.text)
    strlen                                   0x080007ed   Thumb Code    62  strlen.o(.text)
    __aeabi_memcpy4                          0x0800082b   Thumb Code     0  rt_memcpy_w.o(.text)
    __aeabi_memcpy8                          0x0800082b   Thumb Code     0  rt_memcpy_w.o(.text)
    __rt_memcpy_w                            0x0800082b   Thumb Code   100  rt_memcpy_w.o(.text)
    _memcpy_lastbytes_aligned                0x08000873   Thumb Code     0  rt_memcpy_w.o(.text)
    __aeabi_memclr4                          0x0800088f   Thumb Code     0  rt_memclr_w.o(.text)
    __aeabi_memclr8                          0x0800088f   Thumb Code     0  rt_memclr_w.o(.text)
    __rt_memclr_w                            0x0800088f   Thumb Code    78  rt_memclr_w.o(.text)
    _memset_w                                0x08000893   Thumb Code     0  rt_memclr_w.o(.text)
    __use_two_region_memory                  0x080008dd   Thumb Code     2  heapauxi.o(.text)
    __rt_heap_escrow$2region                 0x080008df   Thumb Code     2  heapauxi.o(.text)
    __rt_heap_expand$2region                 0x080008e1   Thumb Code     2  heapauxi.o(.text)
    _printf_int_common                       0x080008e3   Thumb Code   178  _printf_intcommon.o(.text)
    _printf_char_common                      0x0800099f   Thumb Code    32  _printf_char_common.o(.text)
    _sputc                                   0x080009c5   Thumb Code    10  _sputc.o(.text)
    _snputc                                  0x080009cf   Thumb Code    16  _snputc.o(.text)
    _printf_cs_common                        0x080009df   Thumb Code    20  _printf_char.o(.text)
    _printf_char                             0x080009f3   Thumb Code    16  _printf_char.o(.text)
    _printf_string                           0x08000a03   Thumb Code     8  _printf_char.o(.text)
    __user_setup_stackheap                   0x08000a0b   Thumb Code    74  sys_stackheap_outer.o(.text)
    exit                                     0x08000a55   Thumb Code    18  exit.o(.text)
    __user_libspace                          0x08000a69   Thumb Code     8  libspace.o(.text)
    __user_perproc_libspace                  0x08000a69   Thumb Code     0  libspace.o(.text)
    __user_perthread_libspace                0x08000a69   Thumb Code     0  libspace.o(.text)
    _sys_exit                                0x08000a71   Thumb Code     8  sys_exit.o(.text)
    __I$use$semihosting                      0x08000a7d   Thumb Code     0  use_no_semi.o(.text)
    __use_no_semihosting_swi                 0x08000a7d   Thumb Code     2  use_no_semi.o(.text)
    BusFault_Handler                         0x08000a7f   Thumb Code     2  stm32h7xx_it.o(i.BusFault_Handler)
    __semihosting_library_function           0x08000a7f   Thumb Code     0  indicate_semi.o(.text)
    DebugMon_Handler                         0x08000a81   Thumb Code     2  stm32h7xx_it.o(i.DebugMon_Handler)
    Error_Handler                            0x08000ab9   Thumb Code     4  main.o(i.Error_Handler)
    ExitRun0Mode                             0x08000abd   Thumb Code    22  system_stm32h7xx.o(i.ExitRun0Mode)
    FDCAN1_IT0_IRQHandler                    0x08000ad9   Thumb Code     6  stm32h7xx_it.o(i.FDCAN1_IT0_IRQHandler)
    FDCAN1_IT1_IRQHandler                    0x08000ae5   Thumb Code     6  stm32h7xx_it.o(i.FDCAN1_IT1_IRQHandler)
    FDCAN2_IT0_IRQHandler                    0x08000af1   Thumb Code     6  stm32h7xx_it.o(i.FDCAN2_IT0_IRQHandler)
    FDCAN2_IT1_IRQHandler                    0x08000afd   Thumb Code     6  stm32h7xx_it.o(i.FDCAN2_IT1_IRQHandler)
    FDCAN3_IT0_IRQHandler                    0x08000b09   Thumb Code     6  stm32h7xx_it.o(i.FDCAN3_IT0_IRQHandler)
    FDCAN3_IT1_IRQHandler                    0x08000b15   Thumb Code     6  stm32h7xx_it.o(i.FDCAN3_IT1_IRQHandler)
    HAL_FDCAN_AbortTxRequest                 0x08000d55   Thumb Code    34  stm32h7xx_hal_fdcan.o(i.HAL_FDCAN_AbortTxRequest)
    HAL_FDCAN_AddMessageToTxFifoQ            0x08000d77   Thumb Code   102  stm32h7xx_hal_fdcan.o(i.HAL_FDCAN_AddMessageToTxFifoQ)
    HAL_FDCAN_ClockCalibrationCallback       0x08000ddd   Thumb Code     2  stm32h7xx_hal_fdcan.o(i.HAL_FDCAN_ClockCalibrationCallback)
    HAL_FDCAN_ErrorCallback                  0x08000ddf   Thumb Code     2  stm32h7xx_hal_fdcan.o(i.HAL_FDCAN_ErrorCallback)
    HAL_FDCAN_ErrorStatusCallback            0x08000de1   Thumb Code     2  stm32h7xx_hal_fdcan.o(i.HAL_FDCAN_ErrorStatusCallback)
    HAL_FDCAN_GetError                       0x08000de3   Thumb Code     6  stm32h7xx_hal_fdcan.o(i.HAL_FDCAN_GetError)
    HAL_FDCAN_GetLatestTxFifoQRequestBuffer  0x08000de9   Thumb Code     6  stm32h7xx_hal_fdcan.o(i.HAL_FDCAN_GetLatestTxFifoQRequestBuffer)
    HAL_FDCAN_GetProtocolStatus              0x08000def   Thumb Code    72  stm32h7xx_hal_fdcan.o(i.HAL_FDCAN_GetProtocolStatus)
    HAL_FDCAN_HighPriorityMessageCallback    0x08000e37   Thumb Code     2  stm32h7xx_hal_fdcan.o(i.HAL_FDCAN_HighPriorityMessageCallback)
    HAL_FDCAN_IRQHandler                     0x08000e39   Thumb Code   788  stm32h7xx_hal_fdcan.o(i.HAL_FDCAN_IRQHandler)
    HAL_FDCAN_Init                           0x08001159   Thumb Code   572  stm32h7xx_hal_fdcan.o(i.HAL_FDCAN_Init)
    HAL_FDCAN_IsTxBufferMessagePending       0x0800139d   Thumb Code    14  stm32h7xx_hal_fdcan.o(i.HAL_FDCAN_IsTxBufferMessagePending)
    HAL_FDCAN_MspInit                        0x080013ad   Thumb Code   426  fdcan.o(i.HAL_FDCAN_MspInit)
    HAL_FDCAN_RxBufferNewMessageCallback     0x08001579   Thumb Code     2  stm32h7xx_hal_fdcan.o(i.HAL_FDCAN_RxBufferNewMessageCallback)
    HAL_FDCAN_RxFifo0Callback                0x0800157b   Thumb Code     2  stm32h7xx_hal_fdcan.o(i.HAL_FDCAN_RxFifo0Callback)
    HAL_FDCAN_RxFifo1Callback                0x0800157d   Thumb Code     2  stm32h7xx_hal_fdcan.o(i.HAL_FDCAN_RxFifo1Callback)
    HAL_FDCAN_Start                          0x0800157f   Thumb Code    50  stm32h7xx_hal_fdcan.o(i.HAL_FDCAN_Start)
    HAL_FDCAN_TT_GlobalTimeCallback          0x080015b1   Thumb Code     2  stm32h7xx_hal_fdcan.o(i.HAL_FDCAN_TT_GlobalTimeCallback)
    HAL_FDCAN_TT_ScheduleSyncCallback        0x080015b3   Thumb Code     2  stm32h7xx_hal_fdcan.o(i.HAL_FDCAN_TT_ScheduleSyncCallback)
    HAL_FDCAN_TT_StopWatchCallback           0x080015b5   Thumb Code     2  stm32h7xx_hal_fdcan.o(i.HAL_FDCAN_TT_StopWatchCallback)
    HAL_FDCAN_TT_TimeMarkCallback            0x080015b7   Thumb Code     2  stm32h7xx_hal_fdcan.o(i.HAL_FDCAN_TT_TimeMarkCallback)
    HAL_FDCAN_TimeoutOccurredCallback        0x080015b9   Thumb Code     2  stm32h7xx_hal_fdcan.o(i.HAL_FDCAN_TimeoutOccurredCallback)
    HAL_FDCAN_TimestampWraparoundCallback    0x080015bb   Thumb Code     2  stm32h7xx_hal_fdcan.o(i.HAL_FDCAN_TimestampWraparoundCallback)
    HAL_FDCAN_TxBufferAbortCallback          0x080015bd   Thumb Code     2  stm32h7xx_hal_fdcan.o(i.HAL_FDCAN_TxBufferAbortCallback)
    HAL_FDCAN_TxBufferCompleteCallback       0x080015bf   Thumb Code     2  stm32h7xx_hal_fdcan.o(i.HAL_FDCAN_TxBufferCompleteCallback)
    HAL_FDCAN_TxEventFifoCallback            0x080015c1   Thumb Code     2  stm32h7xx_hal_fdcan.o(i.HAL_FDCAN_TxEventFifoCallback)
    HAL_FDCAN_TxFifoEmptyCallback            0x080015c3   Thumb Code     2  stm32h7xx_hal_fdcan.o(i.HAL_FDCAN_TxFifoEmptyCallback)
    HAL_GPIO_Init                            0x080015c5   Thumb Code   502  stm32h7xx_hal_gpio.o(i.HAL_GPIO_Init)
    HAL_GetTick                              0x080017e9   Thumb Code     6  stm32h7xx_hal.o(i.HAL_GetTick)
    HAL_IncTick                              0x080017f5   Thumb Code    12  stm32h7xx_hal.o(i.HAL_IncTick)
    HAL_Init                                 0x08001805   Thumb Code    74  stm32h7xx_hal.o(i.HAL_Init)
    HAL_InitTick                             0x08001861   Thumb Code   120  stm32h7xx_hal_timebase_tim.o(i.HAL_InitTick)
    HAL_MPU_ConfigRegion                     0x080018ed   Thumb Code    86  stm32h7xx_hal_cortex.o(i.HAL_MPU_ConfigRegion)
    HAL_MPU_Disable                          0x08001949   Thumb Code    24  stm32h7xx_hal_cortex.o(i.HAL_MPU_Disable)
    HAL_MPU_Enable                           0x08001965   Thumb Code    30  stm32h7xx_hal_cortex.o(i.HAL_MPU_Enable)
    HAL_MspInit                              0x08001989   Thumb Code    22  stm32h7xx_hal_msp.o(i.HAL_MspInit)
    HAL_NVIC_EnableIRQ                       0x080019a5   Thumb Code    26  stm32h7xx_hal_cortex.o(i.HAL_NVIC_EnableIRQ)
    HAL_NVIC_SetPriority                     0x080019c1   Thumb Code    60  stm32h7xx_hal_cortex.o(i.HAL_NVIC_SetPriority)
    HAL_NVIC_SetPriorityGrouping             0x08001a01   Thumb Code    28  stm32h7xx_hal_cortex.o(i.HAL_NVIC_SetPriorityGrouping)
    HAL_PWREx_ConfigSupply                   0x08001a25   Thumb Code    78  stm32h7xx_hal_pwr_ex.o(i.HAL_PWREx_ConfigSupply)
    HAL_RCCEx_GetD3PCLK1Freq                 0x08001a79   Thumb Code    26  stm32h7xx_hal_rcc_ex.o(i.HAL_RCCEx_GetD3PCLK1Freq)
    HAL_RCCEx_GetPLL2ClockFreq               0x08001a9d   Thumb Code   296  stm32h7xx_hal_rcc_ex.o(i.HAL_RCCEx_GetPLL2ClockFreq)
    HAL_RCCEx_GetPLL3ClockFreq               0x08001be1   Thumb Code   296  stm32h7xx_hal_rcc_ex.o(i.HAL_RCCEx_GetPLL3ClockFreq)
    HAL_RCCEx_PeriphCLKConfig                0x08001d25   Thumb Code  2362  stm32h7xx_hal_rcc_ex.o(i.HAL_RCCEx_PeriphCLKConfig)
    HAL_RCC_ClockConfig                      0x08002661   Thumb Code   580  stm32h7xx_hal_rcc.o(i.HAL_RCC_ClockConfig)
    HAL_RCC_GetClockConfig                   0x080028bd   Thumb Code    84  stm32h7xx_hal_rcc.o(i.HAL_RCC_GetClockConfig)
    HAL_RCC_GetHCLKFreq                      0x08002919   Thumb Code    52  stm32h7xx_hal_rcc.o(i.HAL_RCC_GetHCLKFreq)
    HAL_RCC_GetPCLK1Freq                     0x0800295d   Thumb Code    26  stm32h7xx_hal_rcc.o(i.HAL_RCC_GetPCLK1Freq)
    HAL_RCC_GetPCLK2Freq                     0x08002981   Thumb Code    26  stm32h7xx_hal_rcc.o(i.HAL_RCC_GetPCLK2Freq)
    HAL_RCC_GetSysClockFreq                  0x080029a5   Thumb Code   278  stm32h7xx_hal_rcc.o(i.HAL_RCC_GetSysClockFreq)
    HAL_RCC_OscConfig                        0x08002add   Thumb Code  1318  stm32h7xx_hal_rcc.o(i.HAL_RCC_OscConfig)
    HAL_TIMEx_Break2Callback                 0x08003003   Thumb Code     2  stm32h7xx_hal_tim_ex.o(i.HAL_TIMEx_Break2Callback)
    HAL_TIMEx_BreakCallback                  0x08003005   Thumb Code     2  stm32h7xx_hal_tim_ex.o(i.HAL_TIMEx_BreakCallback)
    HAL_TIMEx_CommutCallback                 0x08003007   Thumb Code     2  stm32h7xx_hal_tim_ex.o(i.HAL_TIMEx_CommutCallback)
    HAL_TIM_Base_Init                        0x08003009   Thumb Code    98  stm32h7xx_hal_tim.o(i.HAL_TIM_Base_Init)
    HAL_TIM_Base_MspInit                     0x0800306b   Thumb Code     2  stm32h7xx_hal_tim.o(i.HAL_TIM_Base_MspInit)
    HAL_TIM_Base_Start_IT                    0x0800306d   Thumb Code   118  stm32h7xx_hal_tim.o(i.HAL_TIM_Base_Start_IT)
    HAL_TIM_IC_CaptureCallback               0x0800310d   Thumb Code     2  stm32h7xx_hal_tim.o(i.HAL_TIM_IC_CaptureCallback)
    HAL_TIM_IRQHandler                       0x0800310f   Thumb Code   328  stm32h7xx_hal_tim.o(i.HAL_TIM_IRQHandler)
    HAL_TIM_OC_DelayElapsedCallback          0x08003257   Thumb Code     2  stm32h7xx_hal_tim.o(i.HAL_TIM_OC_DelayElapsedCallback)
    HAL_TIM_PWM_PulseFinishedCallback        0x08003259   Thumb Code     2  stm32h7xx_hal_tim.o(i.HAL_TIM_PWM_PulseFinishedCallback)
    HAL_TIM_PeriodElapsedCallback            0x0800325d   Thumb Code    14  main.o(i.HAL_TIM_PeriodElapsedCallback)
    HAL_TIM_TriggerCallback                  0x08003271   Thumb Code     2  stm32h7xx_hal_tim.o(i.HAL_TIM_TriggerCallback)
    HAL_UARTEx_DisableFifoMode               0x08003273   Thumb Code    64  stm32h7xx_hal_uart_ex.o(i.HAL_UARTEx_DisableFifoMode)
    HAL_UARTEx_SetRxFifoThreshold            0x080032b3   Thumb Code    76  stm32h7xx_hal_uart_ex.o(i.HAL_UARTEx_SetRxFifoThreshold)
    HAL_UARTEx_SetTxFifoThreshold            0x080032ff   Thumb Code    76  stm32h7xx_hal_uart_ex.o(i.HAL_UARTEx_SetTxFifoThreshold)
    HAL_UART_Init                            0x0800334b   Thumb Code   106  stm32h7xx_hal_uart.o(i.HAL_UART_Init)
    HAL_UART_MspInit                         0x080033b5   Thumb Code   930  usart.o(i.HAL_UART_MspInit)
    HAL_UART_Transmit                        0x080037a1   Thumb Code   184  stm32h7xx_hal_uart.o(i.HAL_UART_Transmit)
    HardFault_Handler                        0x08003859   Thumb Code     2  stm32h7xx_it.o(i.HardFault_Handler)
    MX_FDCAN1_Init                           0x080038f5   Thumb Code    94  fdcan.o(i.MX_FDCAN1_Init)
    MX_FDCAN2_Init                           0x0800395d   Thumb Code    96  fdcan.o(i.MX_FDCAN2_Init)
    MX_FDCAN3_Init                           0x080039c5   Thumb Code    96  fdcan.o(i.MX_FDCAN3_Init)
    MX_GPIO_Init                             0x08003a2d   Thumb Code   134  gpio.o(i.MX_GPIO_Init)
    MX_UART4_Init                            0x08003ab9   Thumb Code    94  usart.o(i.MX_UART4_Init)
    MX_UART5_Init                            0x08003b21   Thumb Code    94  usart.o(i.MX_UART5_Init)
    MX_UART7_Init                            0x08003b89   Thumb Code    94  usart.o(i.MX_UART7_Init)
    MX_UART8_Init                            0x08003bf1   Thumb Code    94  usart.o(i.MX_UART8_Init)
    MX_UART9_Init                            0x08003c59   Thumb Code    94  usart.o(i.MX_UART9_Init)
    MX_USART10_UART_Init                     0x08003cc1   Thumb Code    94  usart.o(i.MX_USART10_UART_Init)
    MX_USART1_UART_Init                      0x08003d29   Thumb Code    94  usart.o(i.MX_USART1_UART_Init)
    MX_USART2_UART_Init                      0x08003d91   Thumb Code    94  usart.o(i.MX_USART2_UART_Init)
    MX_USART3_UART_Init                      0x08003df9   Thumb Code    94  usart.o(i.MX_USART3_UART_Init)
    MX_USART6_UART_Init                      0x08003e61   Thumb Code    94  usart.o(i.MX_USART6_UART_Init)
    MemManage_Handler                        0x08003ec9   Thumb Code     2  stm32h7xx_it.o(i.MemManage_Handler)
    NMI_Handler                              0x08003ecb   Thumb Code     2  stm32h7xx_it.o(i.NMI_Handler)
    PendSV_Handler                           0x08003ecd   Thumb Code     2  stm32h7xx_it.o(i.PendSV_Handler)
    SVC_Handler                              0x08004111   Thumb Code     2  stm32h7xx_it.o(i.SVC_Handler)
    SysTick_Handler                          0x08004113   Thumb Code     2  stm32h7xx_it.o(i.SysTick_Handler)
    SystemClock_Config                       0x08004115   Thumb Code   146  main.o(i.SystemClock_Config)
    SystemInit                               0x080041ad   Thumb Code   184  system_stm32h7xx.o(i.SystemInit)
    TIM6_DAC_IRQHandler                      0x08004285   Thumb Code     6  stm32h7xx_it.o(i.TIM6_DAC_IRQHandler)
    TIM_Base_SetConfig                       0x08004291   Thumb Code   182  stm32h7xx_hal_tim.o(i.TIM_Base_SetConfig)
    UART_AdvFeatureConfig                    0x08004649   Thumb Code   200  stm32h7xx_hal_uart.o(i.UART_AdvFeatureConfig)
    UART_CheckIdleState                      0x08004711   Thumb Code   170  stm32h7xx_hal_uart.o(i.UART_CheckIdleState)
    UART_SetConfig                           0x08004811   Thumb Code   914  stm32h7xx_hal_uart.o(i.UART_SetConfig)
    UART_WaitOnFlagUntilTimeout              0x08004bed   Thumb Code   148  stm32h7xx_hal_uart.o(i.UART_WaitOnFlagUntilTimeout)
    UsageFault_Handler                       0x08004c81   Thumb Code     2  stm32h7xx_it.o(i.UsageFault_Handler)
    _is_digit                                0x08004ca5   Thumb Code    14  __printf_wp.o(i._is_digit)
    main                                     0x08004cb5   Thumb Code   634  main.o(i.main)
    _fp_init                                 0x0800513d   Thumb Code    10  fpinit.o(x$fpl$fpinit)
    __fplib_config_fpu_vfp                   0x08005145   Thumb Code     0  fpinit.o(x$fpl$fpinit)
    __fplib_config_pureend_doubles           0x08005145   Thumb Code     0  fpinit.o(x$fpl$fpinit)
    UARTPrescTable                           0x080051a4   Data          24  stm32h7xx_hal_uart.o(.constdata)
    D1CorePrescTable                         0x080051cc   Data          16  system_stm32h7xx.o(.constdata)
    Region$$Table$$Base                      0x08005218   Number         0  anon$$obj.o(Region$$Table)
    Region$$Table$$Limit                     0x08005238   Number         0  anon$$obj.o(Region$$Table)
    uwTickFreq                               0x2400000c   Data           1  stm32h7xx_hal.o(.data)
    uwTickPrio                               0x24000010   Data           4  stm32h7xx_hal.o(.data)
    uwTick                                   0x24000014   Data           4  stm32h7xx_hal.o(.data)
    SystemCoreClock                          0x24000018   Data           4  system_stm32h7xx.o(.data)
    SystemD2Clock                            0x2400001c   Data           4  system_stm32h7xx.o(.data)
    hfdcan1                                  0x24000060   Data         160  fdcan.o(.bss)
    hfdcan2                                  0x24000100   Data         160  fdcan.o(.bss)
    hfdcan3                                  0x240001a0   Data         160  fdcan.o(.bss)
    huart4                                   0x24000240   Data         148  usart.o(.bss)
    huart5                                   0x240002d4   Data         148  usart.o(.bss)
    huart7                                   0x24000368   Data         148  usart.o(.bss)
    huart8                                   0x240003fc   Data         148  usart.o(.bss)
    huart9                                   0x24000490   Data         148  usart.o(.bss)
    huart1                                   0x24000524   Data         148  usart.o(.bss)
    huart2                                   0x240005b8   Data         148  usart.o(.bss)
    huart3                                   0x2400064c   Data         148  usart.o(.bss)
    huart6                                   0x240006e0   Data         148  usart.o(.bss)
    huart10                                  0x24000774   Data         148  usart.o(.bss)
    htim6                                    0x24000808   Data          76  stm32h7xx_hal_timebase_tim.o(.bss)
    __libspace_start                         0x24000854   Data          96  libspace.o(.bss)
    __temporary_stack_top$libspace           0x240008b4   Data           0  libspace.o(.bss)



==============================================================================

Memory Map of the image

  Image Entry point : 0x080002cd

  Load Region LR_IROM1 (Base: 0x08000000, Size: 0x00005258, Max: 0x00100000, ABSOLUTE)

    Execution Region ER_IROM1 (Exec base: 0x08000000, Load base: 0x08000000, Size: 0x00005238, Max: 0x00100000, ABSOLUTE)

    Exec Addr    Load Addr    Size         Type   Attr      Idx    E Section Name        Object

    0x08000000   0x08000000   0x000002cc   Data   RO            3    RESET               startup_stm32h723xx.o
    0x080002cc   0x080002cc   0x00000008   Code   RO         5280  * !!!main             c_w.l(__main.o)
    0x080002d4   0x080002d4   0x00000034   Code   RO         5460    !!!scatter          c_w.l(__scatter.o)
    0x08000308   0x08000308   0x0000001a   Code   RO         5462    !!handler_copy      c_w.l(__scatter_copy.o)
    0x08000322   0x08000322   0x00000002   PAD
    0x08000324   0x08000324   0x0000001c   Code   RO         5464    !!handler_zi        c_w.l(__scatter_zi.o)
    0x08000340   0x08000340   0x00000000   Code   RO         5271    .ARM.Collect$$_printf_percent$$00000000  c_w.l(_printf_percent.o)
    0x08000340   0x08000340   0x00000006   Code   RO         5269    .ARM.Collect$$_printf_percent$$00000009  c_w.l(_printf_d.o)
    0x08000346   0x08000346   0x00000006   Code   RO         5270    .ARM.Collect$$_printf_percent$$0000000A  c_w.l(_printf_u.o)
    0x0800034c   0x0800034c   0x00000006   Code   RO         5268    .ARM.Collect$$_printf_percent$$0000000C  c_w.l(_printf_x.o)
    0x08000352   0x08000352   0x00000006   Code   RO         5267    .ARM.Collect$$_printf_percent$$00000014  c_w.l(_printf_s.o)
    0x08000358   0x08000358   0x00000004   Code   RO         5297    .ARM.Collect$$_printf_percent$$00000017  c_w.l(_printf_percent_end.o)
    0x0800035c   0x0800035c   0x00000002   Code   RO         5330    .ARM.Collect$$libinit$$00000000  c_w.l(libinit.o)
    0x0800035e   0x0800035e   0x00000004   Code   RO         5342    .ARM.Collect$$libinit$$00000001  c_w.l(libinit2.o)
    0x08000362   0x08000362   0x00000000   Code   RO         5345    .ARM.Collect$$libinit$$00000004  c_w.l(libinit2.o)
    0x08000362   0x08000362   0x00000000   Code   RO         5348    .ARM.Collect$$libinit$$0000000A  c_w.l(libinit2.o)
    0x08000362   0x08000362   0x00000000   Code   RO         5350    .ARM.Collect$$libinit$$0000000C  c_w.l(libinit2.o)
    0x08000362   0x08000362   0x00000000   Code   RO         5352    .ARM.Collect$$libinit$$0000000E  c_w.l(libinit2.o)
    0x08000362   0x08000362   0x00000000   Code   RO         5355    .ARM.Collect$$libinit$$00000011  c_w.l(libinit2.o)
    0x08000362   0x08000362   0x00000000   Code   RO         5357    .ARM.Collect$$libinit$$00000013  c_w.l(libinit2.o)
    0x08000362   0x08000362   0x00000000   Code   RO         5359    .ARM.Collect$$libinit$$00000015  c_w.l(libinit2.o)
    0x08000362   0x08000362   0x00000000   Code   RO         5361    .ARM.Collect$$libinit$$00000017  c_w.l(libinit2.o)
    0x08000362   0x08000362   0x00000000   Code   RO         5363    .ARM.Collect$$libinit$$00000019  c_w.l(libinit2.o)
    0x08000362   0x08000362   0x00000000   Code   RO         5365    .ARM.Collect$$libinit$$0000001B  c_w.l(libinit2.o)
    0x08000362   0x08000362   0x00000000   Code   RO         5367    .ARM.Collect$$libinit$$0000001D  c_w.l(libinit2.o)
    0x08000362   0x08000362   0x00000000   Code   RO         5369    .ARM.Collect$$libinit$$0000001F  c_w.l(libinit2.o)
    0x08000362   0x08000362   0x00000000   Code   RO         5371    .ARM.Collect$$libinit$$00000021  c_w.l(libinit2.o)
    0x08000362   0x08000362   0x00000000   Code   RO         5373    .ARM.Collect$$libinit$$00000023  c_w.l(libinit2.o)
    0x08000362   0x08000362   0x00000000   Code   RO         5375    .ARM.Collect$$libinit$$00000025  c_w.l(libinit2.o)
    0x08000362   0x08000362   0x00000000   Code   RO         5379    .ARM.Collect$$libinit$$0000002C  c_w.l(libinit2.o)
    0x08000362   0x08000362   0x00000000   Code   RO         5381    .ARM.Collect$$libinit$$0000002E  c_w.l(libinit2.o)
    0x08000362   0x08000362   0x00000000   Code   RO         5383    .ARM.Collect$$libinit$$00000030  c_w.l(libinit2.o)
    0x08000362   0x08000362   0x00000000   Code   RO         5385    .ARM.Collect$$libinit$$00000032  c_w.l(libinit2.o)
    0x08000362   0x08000362   0x00000002   Code   RO         5386    .ARM.Collect$$libinit$$00000033  c_w.l(libinit2.o)
    0x08000364   0x08000364   0x00000002   Code   RO         5417    .ARM.Collect$$libshutdown$$00000000  c_w.l(libshutdown.o)
    0x08000366   0x08000366   0x00000000   Code   RO         5443    .ARM.Collect$$libshutdown$$00000002  c_w.l(libshutdown2.o)
    0x08000366   0x08000366   0x00000000   Code   RO         5445    .ARM.Collect$$libshutdown$$00000004  c_w.l(libshutdown2.o)
    0x08000366   0x08000366   0x00000000   Code   RO         5448    .ARM.Collect$$libshutdown$$00000007  c_w.l(libshutdown2.o)
    0x08000366   0x08000366   0x00000000   Code   RO         5451    .ARM.Collect$$libshutdown$$0000000A  c_w.l(libshutdown2.o)
    0x08000366   0x08000366   0x00000000   Code   RO         5453    .ARM.Collect$$libshutdown$$0000000C  c_w.l(libshutdown2.o)
    0x08000366   0x08000366   0x00000000   Code   RO         5456    .ARM.Collect$$libshutdown$$0000000F  c_w.l(libshutdown2.o)
    0x08000366   0x08000366   0x00000002   Code   RO         5457    .ARM.Collect$$libshutdown$$00000010  c_w.l(libshutdown2.o)
    0x08000368   0x08000368   0x00000000   Code   RO         5282    .ARM.Collect$$rtentry$$00000000  c_w.l(__rtentry.o)
    0x08000368   0x08000368   0x00000000   Code   RO         5299    .ARM.Collect$$rtentry$$00000002  c_w.l(__rtentry2.o)
    0x08000368   0x08000368   0x00000006   Code   RO         5311    .ARM.Collect$$rtentry$$00000004  c_w.l(__rtentry4.o)
    0x0800036e   0x0800036e   0x00000000   Code   RO         5301    .ARM.Collect$$rtentry$$00000009  c_w.l(__rtentry2.o)
    0x0800036e   0x0800036e   0x00000004   Code   RO         5302    .ARM.Collect$$rtentry$$0000000A  c_w.l(__rtentry2.o)
    0x08000372   0x08000372   0x00000000   Code   RO         5304    .ARM.Collect$$rtentry$$0000000C  c_w.l(__rtentry2.o)
    0x08000372   0x08000372   0x00000008   Code   RO         5305    .ARM.Collect$$rtentry$$0000000D  c_w.l(__rtentry2.o)
    0x0800037a   0x0800037a   0x00000002   Code   RO         5334    .ARM.Collect$$rtexit$$00000000  c_w.l(rtexit.o)
    0x0800037c   0x0800037c   0x00000000   Code   RO         5390    .ARM.Collect$$rtexit$$00000002  c_w.l(rtexit2.o)
    0x0800037c   0x0800037c   0x00000004   Code   RO         5391    .ARM.Collect$$rtexit$$00000003  c_w.l(rtexit2.o)
    0x08000380   0x08000380   0x00000006   Code   RO         5392    .ARM.Collect$$rtexit$$00000004  c_w.l(rtexit2.o)
    0x08000386   0x08000386   0x00000002   PAD
    0x08000388   0x08000388   0x00000048   Code   RO            4    .text               startup_stm32h723xx.o
    0x080003d0   0x080003d0   0x000000ee   Code   RO         5212    .text               c_w.l(lludivv7m.o)
    0x080004be   0x080004be   0x00000002   PAD
    0x080004c0   0x080004c0   0x00000034   Code   RO         5216    .text               c_w.l(noretval__2snprintf.o)
    0x080004f4   0x080004f4   0x0000004e   Code   RO         5220    .text               c_w.l(_printf_pad.o)
    0x08000542   0x08000542   0x00000052   Code   RO         5222    .text               c_w.l(_printf_str.o)
    0x08000594   0x08000594   0x00000078   Code   RO         5224    .text               c_w.l(_printf_dec.o)
    0x0800060c   0x0800060c   0x00000058   Code   RO         5229    .text               c_w.l(_printf_hex_int.o)
    0x08000664   0x08000664   0x00000188   Code   RO         5264    .text               c_w.l(__printf_flags_ss_wp.o)
    0x080007ec   0x080007ec   0x0000003e   Code   RO         5272    .text               c_w.l(strlen.o)
    0x0800082a   0x0800082a   0x00000064   Code   RO         5274    .text               c_w.l(rt_memcpy_w.o)
    0x0800088e   0x0800088e   0x0000004e   Code   RO         5276    .text               c_w.l(rt_memclr_w.o)
    0x080008dc   0x080008dc   0x00000006   Code   RO         5278    .text               c_w.l(heapauxi.o)
    0x080008e2   0x080008e2   0x000000b2   Code   RO         5287    .text               c_w.l(_printf_intcommon.o)
    0x08000994   0x08000994   0x00000030   Code   RO         5289    .text               c_w.l(_printf_char_common.o)
    0x080009c4   0x080009c4   0x0000000a   Code   RO         5291    .text               c_w.l(_sputc.o)
    0x080009ce   0x080009ce   0x00000010   Code   RO         5293    .text               c_w.l(_snputc.o)
    0x080009de   0x080009de   0x0000002c   Code   RO         5295    .text               c_w.l(_printf_char.o)
    0x08000a0a   0x08000a0a   0x0000004a   Code   RO         5317    .text               c_w.l(sys_stackheap_outer.o)
    0x08000a54   0x08000a54   0x00000012   Code   RO         5319    .text               c_w.l(exit.o)
    0x08000a66   0x08000a66   0x00000002   PAD
    0x08000a68   0x08000a68   0x00000008   Code   RO         5331    .text               c_w.l(libspace.o)
    0x08000a70   0x08000a70   0x0000000c   Code   RO         5387    .text               c_w.l(sys_exit.o)
    0x08000a7c   0x08000a7c   0x00000002   Code   RO         5406    .text               c_w.l(use_no_semi.o)
    0x08000a7e   0x08000a7e   0x00000000   Code   RO         5408    .text               c_w.l(indicate_semi.o)
    0x08000a7e   0x08000a7e   0x00000002   Code   RO          400    i.BusFault_Handler  stm32h7xx_it.o
    0x08000a80   0x08000a80   0x00000002   Code   RO          401    i.DebugMon_Handler  stm32h7xx_it.o
    0x08000a82   0x08000a82   0x00000002   PAD
    0x08000a84   0x08000a84   0x00000020   Code   RO           13    i.Debug_Print       main.o
    0x08000aa4   0x08000aa4   0x00000014   Code   RO           14    i.Delay_ms          main.o
    0x08000ab8   0x08000ab8   0x00000004   Code   RO           15    i.Error_Handler     main.o
    0x08000abc   0x08000abc   0x0000001c   Code   RO         5170    i.ExitRun0Mode      system_stm32h7xx.o
    0x08000ad8   0x08000ad8   0x0000000c   Code   RO          402    i.FDCAN1_IT0_IRQHandler  stm32h7xx_it.o
    0x08000ae4   0x08000ae4   0x0000000c   Code   RO          403    i.FDCAN1_IT1_IRQHandler  stm32h7xx_it.o
    0x08000af0   0x08000af0   0x0000000c   Code   RO          404    i.FDCAN2_IT0_IRQHandler  stm32h7xx_it.o
    0x08000afc   0x08000afc   0x0000000c   Code   RO          405    i.FDCAN2_IT1_IRQHandler  stm32h7xx_it.o
    0x08000b08   0x08000b08   0x0000000c   Code   RO          406    i.FDCAN3_IT0_IRQHandler  stm32h7xx_it.o
    0x08000b14   0x08000b14   0x0000000c   Code   RO          407    i.FDCAN3_IT1_IRQHandler  stm32h7xx_it.o
    0x08000b20   0x08000b20   0x000001c8   Code   RO         4014    i.FDCAN_CalculateRamBlockAddresses  stm32h7xx_hal_fdcan.o
    0x08000ce8   0x08000ce8   0x0000006c   Code   RO         4015    i.FDCAN_CopyMessageToRAM  stm32h7xx_hal_fdcan.o
    0x08000d54   0x08000d54   0x00000022   Code   RO         4016    i.HAL_FDCAN_AbortTxRequest  stm32h7xx_hal_fdcan.o
    0x08000d76   0x08000d76   0x00000066   Code   RO         4019    i.HAL_FDCAN_AddMessageToTxFifoQ  stm32h7xx_hal_fdcan.o
    0x08000ddc   0x08000ddc   0x00000002   Code   RO         4020    i.HAL_FDCAN_ClockCalibrationCallback  stm32h7xx_hal_fdcan.o
    0x08000dde   0x08000dde   0x00000002   Code   RO         4046    i.HAL_FDCAN_ErrorCallback  stm32h7xx_hal_fdcan.o
    0x08000de0   0x08000de0   0x00000002   Code   RO         4047    i.HAL_FDCAN_ErrorStatusCallback  stm32h7xx_hal_fdcan.o
    0x08000de2   0x08000de2   0x00000006   Code   RO         4052    i.HAL_FDCAN_GetError  stm32h7xx_hal_fdcan.o
    0x08000de8   0x08000de8   0x00000006   Code   RO         4055    i.HAL_FDCAN_GetLatestTxFifoQRequestBuffer  stm32h7xx_hal_fdcan.o
    0x08000dee   0x08000dee   0x00000048   Code   RO         4056    i.HAL_FDCAN_GetProtocolStatus  stm32h7xx_hal_fdcan.o
    0x08000e36   0x08000e36   0x00000002   Code   RO         4064    i.HAL_FDCAN_HighPriorityMessageCallback  stm32h7xx_hal_fdcan.o
    0x08000e38   0x08000e38   0x00000320   Code   RO         4065    i.HAL_FDCAN_IRQHandler  stm32h7xx_hal_fdcan.o
    0x08001158   0x08001158   0x00000244   Code   RO         4066    i.HAL_FDCAN_Init    stm32h7xx_hal_fdcan.o
    0x0800139c   0x0800139c   0x0000000e   Code   RO         4069    i.HAL_FDCAN_IsTxBufferMessagePending  stm32h7xx_hal_fdcan.o
    0x080013aa   0x080013aa   0x00000002   PAD
    0x080013ac   0x080013ac   0x000001cc   Code   RO          250    i.HAL_FDCAN_MspInit  fdcan.o
    0x08001578   0x08001578   0x00000002   Code   RO         4075    i.HAL_FDCAN_RxBufferNewMessageCallback  stm32h7xx_hal_fdcan.o
    0x0800157a   0x0800157a   0x00000002   Code   RO         4076    i.HAL_FDCAN_RxFifo0Callback  stm32h7xx_hal_fdcan.o
    0x0800157c   0x0800157c   0x00000002   Code   RO         4077    i.HAL_FDCAN_RxFifo1Callback  stm32h7xx_hal_fdcan.o
    0x0800157e   0x0800157e   0x00000032   Code   RO         4078    i.HAL_FDCAN_Start   stm32h7xx_hal_fdcan.o
    0x080015b0   0x080015b0   0x00000002   Code   RO         4100    i.HAL_FDCAN_TT_GlobalTimeCallback  stm32h7xx_hal_fdcan.o
    0x080015b2   0x080015b2   0x00000002   Code   RO         4101    i.HAL_FDCAN_TT_ScheduleSyncCallback  stm32h7xx_hal_fdcan.o
    0x080015b4   0x080015b4   0x00000002   Code   RO         4106    i.HAL_FDCAN_TT_StopWatchCallback  stm32h7xx_hal_fdcan.o
    0x080015b6   0x080015b6   0x00000002   Code   RO         4107    i.HAL_FDCAN_TT_TimeMarkCallback  stm32h7xx_hal_fdcan.o
    0x080015b8   0x080015b8   0x00000002   Code   RO         4108    i.HAL_FDCAN_TimeoutOccurredCallback  stm32h7xx_hal_fdcan.o
    0x080015ba   0x080015ba   0x00000002   Code   RO         4109    i.HAL_FDCAN_TimestampWraparoundCallback  stm32h7xx_hal_fdcan.o
    0x080015bc   0x080015bc   0x00000002   Code   RO         4110    i.HAL_FDCAN_TxBufferAbortCallback  stm32h7xx_hal_fdcan.o
    0x080015be   0x080015be   0x00000002   Code   RO         4111    i.HAL_FDCAN_TxBufferCompleteCallback  stm32h7xx_hal_fdcan.o
    0x080015c0   0x080015c0   0x00000002   Code   RO         4112    i.HAL_FDCAN_TxEventFifoCallback  stm32h7xx_hal_fdcan.o
    0x080015c2   0x080015c2   0x00000002   Code   RO         4113    i.HAL_FDCAN_TxFifoEmptyCallback  stm32h7xx_hal_fdcan.o
    0x080015c4   0x080015c4   0x00000224   Code   RO         2226    i.HAL_GPIO_Init     stm32h7xx_hal_gpio.o
    0x080017e8   0x080017e8   0x0000000c   Code   RO         3091    i.HAL_GetTick       stm32h7xx_hal.o
    0x080017f4   0x080017f4   0x00000010   Code   RO         3097    i.HAL_IncTick       stm32h7xx_hal.o
    0x08001804   0x08001804   0x0000005c   Code   RO         3098    i.HAL_Init          stm32h7xx_hal.o
    0x08001860   0x08001860   0x0000008c   Code   RO          542    i.HAL_InitTick      stm32h7xx_hal_timebase_tim.o
    0x080018ec   0x080018ec   0x0000005c   Code   RO         1601    i.HAL_MPU_ConfigRegion  stm32h7xx_hal_cortex.o
    0x08001948   0x08001948   0x0000001c   Code   RO         1602    i.HAL_MPU_Disable   stm32h7xx_hal_cortex.o
    0x08001964   0x08001964   0x00000024   Code   RO         1604    i.HAL_MPU_Enable    stm32h7xx_hal_cortex.o
    0x08001988   0x08001988   0x0000001c   Code   RO          518    i.HAL_MspInit       stm32h7xx_hal_msp.o
    0x080019a4   0x080019a4   0x0000001a   Code   RO         1608    i.HAL_NVIC_EnableIRQ  stm32h7xx_hal_cortex.o
    0x080019be   0x080019be   0x00000002   PAD
    0x080019c0   0x080019c0   0x00000040   Code   RO         1614    i.HAL_NVIC_SetPriority  stm32h7xx_hal_cortex.o
    0x08001a00   0x08001a00   0x00000024   Code   RO         1615    i.HAL_NVIC_SetPriorityGrouping  stm32h7xx_hal_cortex.o
    0x08001a24   0x08001a24   0x00000054   Code   RO         2827    i.HAL_PWREx_ConfigSupply  stm32h7xx_hal_pwr_ex.o
    0x08001a78   0x08001a78   0x00000024   Code   RO         1869    i.HAL_RCCEx_GetD3PCLK1Freq  stm32h7xx_hal_rcc_ex.o
    0x08001a9c   0x08001a9c   0x00000144   Code   RO         1871    i.HAL_RCCEx_GetPLL2ClockFreq  stm32h7xx_hal_rcc_ex.o
    0x08001be0   0x08001be0   0x00000144   Code   RO         1872    i.HAL_RCCEx_GetPLL3ClockFreq  stm32h7xx_hal_rcc_ex.o
    0x08001d24   0x08001d24   0x0000093a   Code   RO         1878    i.HAL_RCCEx_PeriphCLKConfig  stm32h7xx_hal_rcc_ex.o
    0x0800265e   0x0800265e   0x00000002   PAD
    0x08002660   0x08002660   0x0000025c   Code   RO         1754    i.HAL_RCC_ClockConfig  stm32h7xx_hal_rcc.o
    0x080028bc   0x080028bc   0x0000005c   Code   RO         1758    i.HAL_RCC_GetClockConfig  stm32h7xx_hal_rcc.o
    0x08002918   0x08002918   0x00000044   Code   RO         1759    i.HAL_RCC_GetHCLKFreq  stm32h7xx_hal_rcc.o
    0x0800295c   0x0800295c   0x00000024   Code   RO         1761    i.HAL_RCC_GetPCLK1Freq  stm32h7xx_hal_rcc.o
    0x08002980   0x08002980   0x00000024   Code   RO         1762    i.HAL_RCC_GetPCLK2Freq  stm32h7xx_hal_rcc.o
    0x080029a4   0x080029a4   0x00000138   Code   RO         1763    i.HAL_RCC_GetSysClockFreq  stm32h7xx_hal_rcc.o
    0x08002adc   0x08002adc   0x00000526   Code   RO         1766    i.HAL_RCC_OscConfig  stm32h7xx_hal_rcc.o
    0x08003002   0x08003002   0x00000002   Code   RO         1297    i.HAL_TIMEx_Break2Callback  stm32h7xx_hal_tim_ex.o
    0x08003004   0x08003004   0x00000002   Code   RO         1298    i.HAL_TIMEx_BreakCallback  stm32h7xx_hal_tim_ex.o
    0x08003006   0x08003006   0x00000002   Code   RO         1299    i.HAL_TIMEx_CommutCallback  stm32h7xx_hal_tim_ex.o
    0x08003008   0x08003008   0x00000062   Code   RO          583    i.HAL_TIM_Base_Init  stm32h7xx_hal_tim.o
    0x0800306a   0x0800306a   0x00000002   Code   RO          585    i.HAL_TIM_Base_MspInit  stm32h7xx_hal_tim.o
    0x0800306c   0x0800306c   0x000000a0   Code   RO          588    i.HAL_TIM_Base_Start_IT  stm32h7xx_hal_tim.o
    0x0800310c   0x0800310c   0x00000002   Code   RO          617    i.HAL_TIM_IC_CaptureCallback  stm32h7xx_hal_tim.o
    0x0800310e   0x0800310e   0x00000148   Code   RO          631    i.HAL_TIM_IRQHandler  stm32h7xx_hal_tim.o
    0x08003256   0x08003256   0x00000002   Code   RO          634    i.HAL_TIM_OC_DelayElapsedCallback  stm32h7xx_hal_tim.o
    0x08003258   0x08003258   0x00000002   Code   RO          661    i.HAL_TIM_PWM_PulseFinishedCallback  stm32h7xx_hal_tim.o
    0x0800325a   0x0800325a   0x00000002   PAD
    0x0800325c   0x0800325c   0x00000014   Code   RO           16    i.HAL_TIM_PeriodElapsedCallback  main.o
    0x08003270   0x08003270   0x00000002   Code   RO          674    i.HAL_TIM_TriggerCallback  stm32h7xx_hal_tim.o
    0x08003272   0x08003272   0x00000040   Code   RO         5052    i.HAL_UARTEx_DisableFifoMode  stm32h7xx_hal_uart_ex.o
    0x080032b2   0x080032b2   0x0000004c   Code   RO         5061    i.HAL_UARTEx_SetRxFifoThreshold  stm32h7xx_hal_uart_ex.o
    0x080032fe   0x080032fe   0x0000004c   Code   RO         5062    i.HAL_UARTEx_SetTxFifoThreshold  stm32h7xx_hal_uart_ex.o
    0x0800334a   0x0800334a   0x0000006a   Code   RO         4661    i.HAL_UART_Init     stm32h7xx_hal_uart.o
    0x080033b4   0x080033b4   0x000003ec   Code   RO          305    i.HAL_UART_MspInit  usart.o
    0x080037a0   0x080037a0   0x000000b8   Code   RO         4670    i.HAL_UART_Transmit  stm32h7xx_hal_uart.o
    0x08003858   0x08003858   0x00000002   Code   RO          408    i.HardFault_Handler  stm32h7xx_it.o
    0x0800385a   0x0800385a   0x00000098   Code   RO           17    i.MPU_Config        main.o
    0x080038f2   0x080038f2   0x00000002   PAD
    0x080038f4   0x080038f4   0x00000068   Code   RO          251    i.MX_FDCAN1_Init    fdcan.o
    0x0800395c   0x0800395c   0x00000068   Code   RO          252    i.MX_FDCAN2_Init    fdcan.o
    0x080039c4   0x080039c4   0x00000068   Code   RO          253    i.MX_FDCAN3_Init    fdcan.o
    0x08003a2c   0x08003a2c   0x0000008c   Code   RO          222    i.MX_GPIO_Init      gpio.o
    0x08003ab8   0x08003ab8   0x00000068   Code   RO          306    i.MX_UART4_Init     usart.o
    0x08003b20   0x08003b20   0x00000068   Code   RO          307    i.MX_UART5_Init     usart.o
    0x08003b88   0x08003b88   0x00000068   Code   RO          308    i.MX_UART7_Init     usart.o
    0x08003bf0   0x08003bf0   0x00000068   Code   RO          309    i.MX_UART8_Init     usart.o
    0x08003c58   0x08003c58   0x00000068   Code   RO          310    i.MX_UART9_Init     usart.o
    0x08003cc0   0x08003cc0   0x00000068   Code   RO          311    i.MX_USART10_UART_Init  usart.o
    0x08003d28   0x08003d28   0x00000068   Code   RO          312    i.MX_USART1_UART_Init  usart.o
    0x08003d90   0x08003d90   0x00000068   Code   RO          313    i.MX_USART2_UART_Init  usart.o
    0x08003df8   0x08003df8   0x00000068   Code   RO          314    i.MX_USART3_UART_Init  usart.o
    0x08003e60   0x08003e60   0x00000068   Code   RO          315    i.MX_USART6_UART_Init  usart.o
    0x08003ec8   0x08003ec8   0x00000002   Code   RO          409    i.MemManage_Handler  stm32h7xx_it.o
    0x08003eca   0x08003eca   0x00000002   Code   RO          410    i.NMI_Handler       stm32h7xx_it.o
    0x08003ecc   0x08003ecc   0x00000002   Code   RO          411    i.PendSV_Handler    stm32h7xx_it.o
    0x08003ece   0x08003ece   0x00000002   PAD
    0x08003ed0   0x08003ed0   0x00000120   Code   RO         1881    i.RCCEx_PLL2_Config  stm32h7xx_hal_rcc_ex.o
    0x08003ff0   0x08003ff0   0x00000120   Code   RO         1882    i.RCCEx_PLL3_Config  stm32h7xx_hal_rcc_ex.o
    0x08004110   0x08004110   0x00000002   Code   RO          412    i.SVC_Handler       stm32h7xx_it.o
    0x08004112   0x08004112   0x00000002   Code   RO          413    i.SysTick_Handler   stm32h7xx_it.o
    0x08004114   0x08004114   0x00000098   Code   RO           18    i.SystemClock_Config  main.o
    0x080041ac   0x080041ac   0x000000d8   Code   RO         5172    i.SystemInit        system_stm32h7xx.o
    0x08004284   0x08004284   0x0000000c   Code   RO          414    i.TIM6_DAC_IRQHandler  stm32h7xx_it.o
    0x08004290   0x08004290   0x000000e0   Code   RO          676    i.TIM_Base_SetConfig  stm32h7xx_hal_tim.o
    0x08004370   0x08004370   0x000001f4   Code   RO           19    i.Test_FDCAN_Print  main.o
    0x08004564   0x08004564   0x000000a0   Code   RO           20    i.Test_UART_Print   main.o
    0x08004604   0x08004604   0x00000044   Code   RO         5066    i.UARTEx_SetNbDataToProcess  stm32h7xx_hal_uart_ex.o
    0x08004648   0x08004648   0x000000c8   Code   RO         4675    i.UART_AdvFeatureConfig  stm32h7xx_hal_uart.o
    0x08004710   0x08004710   0x000000aa   Code   RO         4676    i.UART_CheckIdleState  stm32h7xx_hal_uart.o
    0x080047ba   0x080047ba   0x00000002   PAD
    0x080047bc   0x080047bc   0x00000054   Code   RO         4687    i.UART_EndRxTransfer  stm32h7xx_hal_uart.o
    0x08004810   0x08004810   0x000003dc   Code   RO         4693    i.UART_SetConfig    stm32h7xx_hal_uart.o
    0x08004bec   0x08004bec   0x00000094   Code   RO         4700    i.UART_WaitOnFlagUntilTimeout  stm32h7xx_hal_uart.o
    0x08004c80   0x08004c80   0x00000002   Code   RO          415    i.UsageFault_Handler  stm32h7xx_it.o
    0x08004c82   0x08004c82   0x00000022   Code   RO         1621    i.__NVIC_SetPriority  stm32h7xx_hal_cortex.o
    0x08004ca4   0x08004ca4   0x0000000e   Code   RO         5257    i._is_digit         c_w.l(__printf_wp.o)
    0x08004cb2   0x08004cb2   0x00000002   PAD
    0x08004cb4   0x08004cb4   0x00000488   Code   RO           21    i.main              main.o
    0x0800513c   0x0800513c   0x0000000a   Code   RO         5402    x$fpl$fpinit        fz_wv.l(fpinit.o)
    0x08005146   0x08005146   0x00000002   PAD
    0x08005148   0x08005148   0x0000005c   Data   RO         4114    .constdata          stm32h7xx_hal_fdcan.o
    0x080051a4   0x080051a4   0x00000018   Data   RO         4701    .constdata          stm32h7xx_hal_uart.o
    0x080051bc   0x080051bc   0x00000010   Data   RO         5067    .constdata          stm32h7xx_hal_uart_ex.o
    0x080051cc   0x080051cc   0x00000010   Data   RO         5173    .constdata          system_stm32h7xx.o
    0x080051dc   0x080051dc   0x00000028   Data   RO         5230    .constdata          c_w.l(_printf_hex_int.o)
    0x08005204   0x08005204   0x00000011   Data   RO         5265    .constdata          c_w.l(__printf_flags_ss_wp.o)
    0x08005215   0x08005215   0x00000003   PAD
    0x08005218   0x08005218   0x00000020   Data   RO         5458    Region$$Table       anon$$obj.o


    Execution Region RW_IRAM1 (Exec base: 0x20000000, Load base: 0x08005238, Size: 0x00000000, Max: 0x00020000, ABSOLUTE)

    **** No section assigned to this execution region ****


    Execution Region RW_IRAM2 (Exec base: 0x24000000, Load base: 0x08005238, Size: 0x00000eb8, Max: 0x00050000, ABSOLUTE)

    Exec Addr    Load Addr    Size         Type   Attr      Idx    E Section Name        Object

    0x24000000   0x08005238   0x00000005   Data   RW           23    .data               main.o
    0x24000005   0x0800523d   0x00000003   PAD
    0x24000008   0x08005240   0x00000004   Data   RW          255    .data               fdcan.o
    0x2400000c   0x08005244   0x0000000c   Data   RW         3122    .data               stm32h7xx_hal.o
    0x24000018   0x08005250   0x00000008   Data   RW         5174    .data               system_stm32h7xx.o
    0x24000020        -       0x00000040   Zero   RW           22    .bss                main.o
    0x24000060        -       0x000001e0   Zero   RW          254    .bss                fdcan.o
    0x24000240        -       0x000005c8   Zero   RW          316    .bss                usart.o
    0x24000808        -       0x0000004c   Zero   RW          545    .bss                stm32h7xx_hal_timebase_tim.o
    0x24000854        -       0x00000060   Zero   RW         5332    .bss                c_w.l(libspace.o)
    0x240008b4   0x08005258   0x00000004   PAD
    0x240008b8        -       0x00000200   Zero   RW            2    HEAP                startup_stm32h723xx.o
    0x24000ab8        -       0x00000400   Zero   RW            1    STACK               startup_stm32h723xx.o


==============================================================================

Image component sizes


      Code (inc. data)   RO Data    RW Data    ZI Data      Debug   Object Name

       772         60          0          4        480       3709   fdcan.o
       140          6          0          0          0       1135   gpio.o
      2200        880          0          5         64    1238232   main.o
        72         30        716          0       1536        856   startup_stm32h723xx.o
       120         28          0         12          0      22494   stm32h7xx_hal.o
       316         28          0          0          0      40320   stm32h7xx_hal_cortex.o
      2262         34         92          0          0      22899   stm32h7xx_hal_fdcan.o
       548         46          0          0          0       1700   stm32h7xx_hal_gpio.o
        28          6          0          0          0        966   stm32h7xx_hal_msp.o
        84          6          0          0          0        805   stm32h7xx_hal_pwr_ex.o
      2466        110          0          0          0       7977   stm32h7xx_hal_rcc.o
      3622        112          0          0          0       7921   stm32h7xx_hal_rcc_ex.o
       820         84          0          0          0       7484   stm32h7xx_hal_tim.o
         6          0          0          0          0       2412   stm32h7xx_hal_tim_ex.o
       140         20          0          0         76       1647   stm32h7xx_hal_timebase_tim.o
      1880        122         24          0          0      26982   stm32h7xx_hal_uart.o
       284          6         16          0          0       3897   stm32h7xx_hal_uart_ex.o
       102         42          0          0          0       7712   stm32h7xx_it.o
       244         38         16          8          0       2057   system_stm32h7xx.o
      2044        174          0          0       1480       8895   usart.o

    ----------------------------------------------------------------------
     18166       1832        896         32       3636    1410100   Object Totals
         0          0         32          0          0          0   (incl. Generated)
        16          0          0          3          0          0   (incl. Padding)

    ----------------------------------------------------------------------

      Code (inc. data)   RO Data    RW Data    ZI Data      Debug   Library Member Name

         8          0          0          0          0         68   __main.o
       392          4         17          0          0         92   __printf_flags_ss_wp.o
        14          0          0          0          0         68   __printf_wp.o
         0          0          0          0          0          0   __rtentry.o
        12          0          0          0          0          0   __rtentry2.o
         6          0          0          0          0          0   __rtentry4.o
        52          8          0          0          0          0   __scatter.o
        26          0          0          0          0          0   __scatter_copy.o
        28          0          0          0          0          0   __scatter_zi.o
        44          0          0          0          0        108   _printf_char.o
        48          6          0          0          0         96   _printf_char_common.o
         6          0          0          0          0          0   _printf_d.o
       120         16          0          0          0         92   _printf_dec.o
        88          4         40          0          0         88   _printf_hex_int.o
       178          0          0          0          0         88   _printf_intcommon.o
        78          0          0          0          0        108   _printf_pad.o
         0          0          0          0          0          0   _printf_percent.o
         4          0          0          0          0          0   _printf_percent_end.o
         6          0          0          0          0          0   _printf_s.o
        82          0          0          0          0         80   _printf_str.o
         6          0          0          0          0          0   _printf_u.o
         6          0          0          0          0          0   _printf_x.o
        16          0          0          0          0         68   _snputc.o
        10          0          0          0          0         68   _sputc.o
        18          0          0          0          0         80   exit.o
         6          0          0          0          0        152   heapauxi.o
         0          0          0          0          0          0   indicate_semi.o
         2          0          0          0          0          0   libinit.o
         6          0          0          0          0          0   libinit2.o
         2          0          0          0          0          0   libshutdown.o
         2          0          0          0          0          0   libshutdown2.o
         8          4          0          0         96         68   libspace.o
       238          0          0          0          0        100   lludivv7m.o
        52          4          0          0          0         84   noretval__2snprintf.o
        78          0          0          0          0         80   rt_memclr_w.o
       100          0          0          0          0         80   rt_memcpy_w.o
         2          0          0          0          0          0   rtexit.o
        10          0          0          0          0          0   rtexit2.o
        62          0          0          0          0         76   strlen.o
        12          4          0          0          0         68   sys_exit.o
        74          0          0          0          0         80   sys_stackheap_outer.o
         2          0          0          0          0         68   use_no_semi.o
        10          0          0          0          0        116   fpinit.o

    ----------------------------------------------------------------------
      1926         50         60          0        100       2076   Library Totals
        12          0          3          0          4          0   (incl. Padding)

    ----------------------------------------------------------------------

      Code (inc. data)   RO Data    RW Data    ZI Data      Debug   Library Name

      1904         50         57          0         96       1960   c_w.l
        10          0          0          0          0        116   fz_wv.l

    ----------------------------------------------------------------------
      1926         50         60          0        100       2076   Library Totals

    ----------------------------------------------------------------------

==============================================================================


      Code (inc. data)   RO Data    RW Data    ZI Data      Debug   

     20092       1882        956         32       3736    1400088   Grand Totals
     20092       1882        956         32       3736    1400088   ELF Image Totals
     20092       1882        956         32          0          0   ROM Totals

==============================================================================

    Total RO  Size (Code + RO Data)                21048 (  20.55kB)
    Total RW  Size (RW Data + ZI Data)              3768 (   3.68kB)
    Total ROM Size (Code + RO Data + RW Data)      21080 (  20.59kB)

==============================================================================

