<html>
<body>
<pre>
<h1>µVision Build Log</h1>
<h2>Tool Versions:</h2>
IDE-Version: ¦ÌVision V5.43.1.0
Copyright (C) 2025 ARM Ltd and ARM Germany GmbH. All rights reserved.
License Information: A yurt, A, LIC=X96CK-Z42Z0-SB8EJ-U27FK-TM536-6Q9QV
 
Tool Versions:
Toolchain:       MDK-ARM Plus  Version: 5.43.0.0
Toolchain Path:  D:\Keil5\ARM\ARMCLANG\Bin
C Compiler:      ArmClang.exe V6.24
Assembler:       Armasm.exe V6.24
Linker/Locator:  ArmLink.exe V6.24
Library Manager: ArmAr.exe V6.24
Hex Converter:   FromElf.exe V6.24
CPU DLL:         SARMCM3.DLL V5.43.0.0
Dialog DLL:      DCM.DLL V1.17.5.0
Target DLL:      STLink\ST-LINKIII-KEIL_SWO.dll V3.3.1.0
Dialog DLL:      TCM.DLL V1.56.6.0
 
<h2>Project:</h2>
C:\Users\yurt\Desktop\rc26\Ò£¿ØÆ÷32f4Ö÷¿Ø´úÂë\remote_control_twolora_puls\MDK-ARM\remote_control.uvprojx
Project File Date:  06/28/2026

<h2>Output:</h2>
*** Using Compiler 'V6.24', folder: 'D:\Keil5\ARM\ARMCLANG\Bin'
Rebuild target 'remote_control'
compiling main.c...
assembling startup_stm32f407xx.s...
compiling dma.c...
compiling adc.c...
compiling stm32f4xx_hal_flash_ramfunc.c...
compiling usart.c...
compiling freertos.c...
compiling stm32f4xx_hal_dma.c...
compiling stm32f4xx_hal_rcc_ex.c...
compiling stm32f4xx_hal_tim_ex.c...
compiling stm32f4xx_hal_flash_ex.c...
compiling stm32f4xx_hal_timebase_tim.c...
compiling stm32f4xx_hal_pwr.c...
compiling stm32f4xx_hal_gpio.c...
compiling gpio.c...
compiling stm32f4xx_hal_msp.c...
compiling stm32f4xx_it.c...
compiling stm32f4xx_hal_flash.c...
compiling stm32f4xx_hal_adc_ex.c...
compiling stm32f4xx_hal_dma_ex.c...
compiling tim.c...
compiling stm32f4xx_hal_pwr_ex.c...
compiling stm32f4xx_hal.c...
compiling stm32f4xx_hal_rcc.c...
compiling stm32f4xx_hal_cortex.c...
compiling stm32f4xx_hal_adc.c...
compiling stm32f4xx_hal_exti.c...
compiling system_stm32f4xx.c...
compiling croutine.c...
compiling stm32f4xx_hal_tim.c...
compiling list.c...
compiling event_groups.c...
compiling queue.c...
compiling stm32f4xx_hal_uart.c...
compiling stream_buffer.c...
compiling heap_4.c...
compiling port.c...
compiling timers.c...
compiling tasks.c...
compiling Datapool.c...
compiling cmsis_os2.c...
compiling joystick.c...
compiling gpio_button.c...
compiling communication.c...
compiling tjc_huart_hmi.c...
linking...
Program Size: Code=36086 RO-data=958 RW-data=276 ZI-data=24644  
FromELF: creating hex file...
"remote_control\remote_control.axf" - 0 Error(s), 0 Warning(s).

<h2>Software Packages used:</h2>

Package Vendor: ARM
                https://www.keil.com/pack/ARM.CMSIS.6.2.0.pack
                ARM::CMSIS@6.2.0
                CMSIS (Common Microcontroller Software Interface Standard)
   * Component: CORE Version: 6.1.1

Package Vendor: Keil
                https://www.keil.com/pack/Keil.STM32F4xx_DFP.3.1.1.pack
                Keil::STM32F4xx_DFP@3.1.1
                STMicroelectronics STM32F4 Series Device Support

<h2>Collection of Component include folders:</h2>
  ./RTE/_remote_control
  D:/Keil5/ARM/PACK/ARM/CMSIS/6.2.0/CMSIS/Core/Include

<h2>Collection of Component Files used:</h2>

   * Component: ARM::CMSIS:CORE@6.1.1
      Include file:  CMSIS/Core/Include/tz_context.h
Build Time Elapsed:  00:00:05
</pre>
</body>
</html>
