<html>
<body>
<pre>
<h1>礦ision Build Log</h1>
<h2>Tool Versions:</h2>
IDE-Version: μVision V5.43.1.0
Copyright (C) 2025 ARM Ltd and ARM Germany GmbH. All rights reserved.
License Information: A yurt, A, LIC=X96CK-Z42Z0-SB8EJ-U27FK-TM536-6Q9QV
 
Tool Versions:
Toolchain:       MDK-ARM Plus  Version: 5.43.0.0
Toolchain Path:  D:\Keil5\ARM\ARMCLANG\Bin
C Compiler:      ArmClang.exe V6.24
Assembler:       Armasm.exe V6.24
Linker/Locator:  ArmLink.exe V6.24
Library Manager: ArmAr.exe V6.24
Hex Converter:   FromElf.exe V6.24
CPU DLL:         SARMCM3.DLL V5.43.0.0
Dialog DLL:      DCM.DLL V1.17.5.0
Target DLL:      CMSIS_AGDI.dll V1.33.24.0
Dialog DLL:      TCM.DLL V1.56.6.0
 
<h2>Project:</h2>
C:\Users\yurt\Desktop\rc26\接收机h7代码\RC2026_H7\MDK-ARM\RC2026.uvprojx
Project File Date:  05/15/2026

<h2>Output:</h2>
*** Using Compiler 'V6.24', folder: 'D:\Keil5\ARM\ARMCLANG\Bin'
Rebuild target 'RC2026'
assembling startup_stm32h723xx.s...
compiling stm32h7xx_hal_pcd_ex.c...
compiling usbd_conf.c...
compiling usbd_desc.c...
compiling stm32h7xx_hal_cortex.c...
compiling stm32h7xx_hal_rcc.c...
compiling stm32h7xx_hal_flash_ex.c...
compiling usbd_cdc_if.c...
compiling stm32h7xx_hal_flash.c...
compiling usb_device.c...
compiling stm32h7xx_hal_hsem.c...
compiling stm32h7xx_hal.c...
compiling stm32h7xx_hal_rcc_ex.c...
compiling stm32h7xx_hal_i2c_ex.c...
compiling stm32h7xx_hal_pwr.c...
compiling stm32h7xx_hal_pwr_ex.c...
compiling stm32h7xx_hal_gpio.c...
compiling stm32h7xx_hal_dma_ex.c...
compiling stm32h7xx_hal_pcd.c...
compiling stm32h7xx_hal_mdma.c...
compiling stm32h7xx_hal_dma.c...
compiling stm32h7xx_ll_usb.c...
compiling stm32h7xx_hal_tim_ex.c...
compiling stm32h7xx_hal_exti.c...
compiling stm32h7xx_hal_cordic.c...
compiling stm32h7xx_hal_uart_ex.c...
compiling stm32h7xx_hal_tim.c...
compiling croutine.c...
compiling stm32h7xx_hal_i2c.c...
compiling list.c...
compiling system_stm32h7xx.c...
compiling event_groups.c...
compiling stream_buffer.c...
compiling queue.c...
compiling stm32h7xx_hal_fdcan.c...
compiling stm32h7xx_hal_uart.c...
compiling tasks.c...
compiling timers.c...
compiling heap_4.c...
compiling port.c...
compiling usbd_core.c...
compiling freertos.c...
compiling cordic.c...
compiling gpio.c...
compiling usbd_ioreq.c...
compiling usbd_ctlreq.c...
compiling usbd_cdc.c...
compiling dma.c...
compiling cmsis_os2.c...
compiling main.c...
compiling fdcan.c...
compiling tim.c...
compiling stm32h7xx_it.c...
compiling usart.c...
compiling stm32h7xx_hal_timebase_tim.c...
compiling stm32h7xx_hal_msp.c...
compiling RC_gpio_exti.cpp...
compiling RC_can.cpp...
compiling RC_task.cpp...
compiling RC_cdc.cpp...
compiling RC_serial.cpp...
compiling RC_tim.cpp...
compiling RC_chassis.cpp...
compiling RC_timer.cpp...
compiling RC_cordic.cpp...
compiling RC_modbus_rtu.cpp...
compiling RC_vector2d.cpp...
compiling RC_nonlinear_pid.cpp...
compiling RC_flysky.cpp...
compiling RC_filter.cpp...
compiling RC_vector3d.cpp...
compiling RC_wava_generator.cpp...
compiling RC_JY901S.cpp...
compiling RC_pid.cpp...
compiling RC_storage.cpp...
compiling RC_auto_arm.cpp...
compiling RC_photogate.cpp...
compiling RC_LiDAR.cpp...
compiling RC_swerve_chassis.cpp...
compiling RC_chassis_jack.cpp...
compiling RC_oid_encoder.cpp...
compiling RC_arm.cpp...
compiling RC_communication.cpp...
compiling RC_omni_chassis.cpp...
compiling RC_lora.cpp...
compiling RC_auto_lift.cpp...
compiling RC_lift_chassis.cpp...
compiling RC_motor.cpp...
compiling RC_m6020.cpp...
compiling RC_m2006.cpp...
compiling RC_m3508.cpp...
compiling RC_dji_motor.cpp...
compiling RC_go.cpp...
compiling RC_dm4310.cpp...
compiling RC_vesc.cpp...
compiling RC_j60.cpp...
compiling RC_rs04.cpp...
compiling RC_bezier_curve.cpp...
compiling RC_event3.cpp...
compiling RC_curve.cpp...
compiling RC_path2.cpp...
compiling RC_path3.cpp...
compiling RC_traj_track3.cpp...
compiling RC_traj_plan3.cpp...
compiling RC_head_ctrl.cpp...
compiling RC_path_plan3.cpp...
compiling RC_suction.cpp...
compiling RC_map_graph.cpp...
compiling RC_gantry.cpp...
compiling RC_graph_plan.cpp...
compiling RC_navigation.cpp...
compiling RC_get_KFS.cpp...
compiling BayesFunctions.c...
compiling BasicMathFunctionsF16.c...
compiling RC_radar.cpp...
compiling RC_data_pool.cpp...
compiling RC_map.cpp...
compiling BayesFunctionsF16.c...
compiling ComplexMathFunctionsF16.c...
compiling RC_best_path.cpp...
compiling ControllerFunctions.c...
compiling ComplexMathFunctions.c...
compiling DistanceFunctionsF16.c...
compiling BasicMathFunctions.c...
compiling FastMathFunctionsF16.c...
compiling CommonTablesF16.c...
compiling RC_init.cpp...
compiling DistanceFunctions.c...
compiling FastMathFunctions.c...
compiling FilteringFunctionsF16.c...
compiling InterpolationFunctionsF16.c...
compiling InterpolationFunctions.c...
compiling QuaternionMathFunctions.c...
compiling SVMFunctions.c...
compiling MatrixFunctionsF16.c...
compiling CommonTables.c...
compiling SVMFunctionsF16.c...
compiling SupportFunctionsF16.c...
compiling StatisticsFunctionsF16.c...
compiling SupportFunctions.c...
compiling WindowFunctions.c...
compiling StatisticsFunctions.c...
compiling MatrixFunctions.c...
compiling TransformFunctionsF16.c...
compiling FilteringFunctions.c...
compiling TransformFunctions.c...
linking...
Program Size: Code=104036 RO-data=4436 RW-data=280 ZI-data=48360  
FromELF: creating hex file...
"RC2026\RC2026.axf" - 0 Error(s), 0 Warning(s).

<h2>Software Packages used:</h2>

Package Vendor: ARM
                https://www.keil.com/pack/ARM.CMSIS.6.2.0.pack
                ARM::CMSIS@6.2.0
                CMSIS (Common Microcontroller Software Interface Standard)
   * Component: CORE Version: 6.1.1

Package Vendor: ARM
                https://www.keil.com/pack/ARM.CMSIS-DSP.1.16.2.pack
                ARM::CMSIS-DSP@1.16.2
                CMSIS Embedded Compute Library
   * Component: DSP Variant: Source Version: 1.16.2

Package Vendor: Keil
                https://www.keil.com/pack/Keil.STM32H7xx_DFP.4.1.2.pack
                Keil::STM32H7xx_DFP@4.1.2
                STMicroelectronics STM32H7 Series Device Support

<h2>Collection of Component include folders:</h2>
  ./RTE/_RC2026
  D:/Keil5/ARM/PACK/ARM/CMSIS-DSP/1.16.2/Include
  D:/Keil5/ARM/PACK/ARM/CMSIS-DSP/1.16.2/PrivateInclude
  D:/Keil5/ARM/PACK/ARM/CMSIS/6.2.0/CMSIS/Core/Include

<h2>Collection of Component Files used:</h2>

   * Component: ARM::CMSIS:CORE@6.1.1
      Include file:  CMSIS/Core/Include/tz_context.h

   * Component: ARM::CMSIS:DSP&Source@1.16.2
      Include file:  Include/arm_const_structs.h
      Source file:   Source/CommonTables/CommonTables.c
      Source file:   Source/ControllerFunctions/ControllerFunctions.c
      Source file:   Source/DistanceFunctions/DistanceFunctions.c
      Source file:   Source/BayesFunctions/BayesFunctions.c
      Source file:   Source/FastMathFunctions/FastMathFunctions.c
      Source file:   Source/FilteringFunctions/FilteringFunctions.c
      Include file:  Include/arm_math_f16.h
      Include file:  Include/arm_common_tables.h
      Source file:   Source/ComplexMathFunctions/ComplexMathFunctions.c
      Include file:  Include/arm_common_tables_f16.h
      Source file:   Source/BasicMathFunctions/BasicMathFunctions.c
      Include file:  Include/arm_const_structs_f16.h
      Source file:   Source/QuaternionMathFunctions/QuaternionMathFunctions.c
      Include file:  Include/arm_math.h
      Source file:   Source/WindowFunctions/WindowFunctions.c
      Source file:   Source/CommonTables/CommonTablesF16.c
      Source file:   Source/FastMathFunctions/FastMathFunctionsF16.c
      Source file:   Source/DistanceFunctions/DistanceFunctionsF16.c
      Source file:   Source/StatisticsFunctions/StatisticsFunctionsF16.c
      Source file:   Source/BayesFunctions/BayesFunctionsF16.c
      Source file:   Source/ComplexMathFunctions/ComplexMathFunctionsF16.c
      Source file:   Source/InterpolationFunctions/InterpolationFunctions.c
      Source file:   Source/InterpolationFunctions/InterpolationFunctionsF16.c
      Source file:   Source/SupportFunctions/SupportFunctions.c
      Source file:   Source/SVMFunctions/SVMFunctionsF16.c
      Source file:   Source/TransformFunctions/TransformFunctionsF16.c
      Source file:   Source/BasicMathFunctions/BasicMathFunctionsF16.c
      Source file:   Source/SVMFunctions/SVMFunctions.c
      Source file:   Source/FilteringFunctions/FilteringFunctionsF16.c
      Source file:   Source/MatrixFunctions/MatrixFunctions.c
      Source file:   Source/MatrixFunctions/MatrixFunctionsF16.c
      Source file:   Source/SupportFunctions/SupportFunctionsF16.c
      Source file:   Source/TransformFunctions/TransformFunctions.c
      Source file:   Source/StatisticsFunctions/StatisticsFunctions.c
Build Time Elapsed:  00:00:09
</pre>
</body>
</html>
