<!doctype html public "-//w3c//dtd html 4.0 transitional//en">
<html><head>
<title>Static Call Graph - [RC2026\RC2026.axf]</title></head>
<body><HR>
<H1>Static Call Graph for image RC2026\RC2026.axf</H1><HR>
<BR><P>#&#060CALLGRAPH&#062# ARM Linker, 6240002: Last Updated: Sun May 17 16:53:36 2026
<BR><P>
<H3>Maximum Stack Usage =        416 bytes + Unknown(Functions without stacksize, Cycles, Untraceable Function Pointers)</H3><H3>
Call chain for Maximum Stack Depth:</H3>
path::PathPlan3::Task_Process() &rArr; path::TrajPlan3::Add_Point(path::Point3) &rArr; path::Path3::Add_Arc(vector2d::Vector2D, vector2d::Vector2D, float, bool) &rArr; curve::Arc2D::Init(vector2d::Vector2D, vector2d::Vector2D, float, bool) &rArr; __hardfp_sqrtf &rArr; __set_errno
<P>
<H3>
Functions with no stack information
</H3><UL>
 <LI><a href="#[12d]">__user_initial_stackheap</a>
</UL>
</UL>
<P>
<H3>
Mutually Recursive functions
</H3> <LI><a href="#[73]">ADC3_IRQHandler</a>&nbsp;&nbsp;&nbsp;&rArr;&nbsp;&nbsp;&nbsp;<a href="#[73]">ADC3_IRQHandler</a><BR>
 <LI><a href="#[4]">BusFault_Handler</a>&nbsp;&nbsp;&nbsp;&rArr;&nbsp;&nbsp;&nbsp;<a href="#[4]">BusFault_Handler</a><BR>
 <LI><a href="#[2]">HardFault_Handler</a>&nbsp;&nbsp;&nbsp;&rArr;&nbsp;&nbsp;&nbsp;<a href="#[2]">HardFault_Handler</a><BR>
 <LI><a href="#[3]">MemManage_Handler</a>&nbsp;&nbsp;&nbsp;&rArr;&nbsp;&nbsp;&nbsp;<a href="#[3]">MemManage_Handler</a><BR>
 <LI><a href="#[1]">NMI_Handler</a>&nbsp;&nbsp;&nbsp;&rArr;&nbsp;&nbsp;&nbsp;<a href="#[1]">NMI_Handler</a><BR>
 <LI><a href="#[5]">UsageFault_Handler</a>&nbsp;&nbsp;&nbsp;&rArr;&nbsp;&nbsp;&nbsp;<a href="#[5]">UsageFault_Handler</a><BR>
</UL>
<P>
<H3>
Function Pointers
</H3><UL>
 <LI><a href="#[73]">ADC3_IRQHandler</a> from startup_stm32h723xx.o(.text) referenced from startup_stm32h723xx.o(RESET)
 <LI><a href="#[1c]">ADC_IRQHandler</a> from startup_stm32h723xx.o(.text) referenced from startup_stm32h723xx.o(RESET)
 <LI><a href="#[75]">BDMA_Channel0_IRQHandler</a> from startup_stm32h723xx.o(.text) referenced from startup_stm32h723xx.o(RESET)
 <LI><a href="#[76]">BDMA_Channel1_IRQHandler</a> from startup_stm32h723xx.o(.text) referenced from startup_stm32h723xx.o(RESET)
 <LI><a href="#[77]">BDMA_Channel2_IRQHandler</a> from startup_stm32h723xx.o(.text) referenced from startup_stm32h723xx.o(RESET)
 <LI><a href="#[78]">BDMA_Channel3_IRQHandler</a> from startup_stm32h723xx.o(.text) referenced from startup_stm32h723xx.o(RESET)
 <LI><a href="#[79]">BDMA_Channel4_IRQHandler</a> from startup_stm32h723xx.o(.text) referenced from startup_stm32h723xx.o(RESET)
 <LI><a href="#[7a]">BDMA_Channel5_IRQHandler</a> from startup_stm32h723xx.o(.text) referenced from startup_stm32h723xx.o(RESET)
 <LI><a href="#[7b]">BDMA_Channel6_IRQHandler</a> from startup_stm32h723xx.o(.text) referenced from startup_stm32h723xx.o(RESET)
 <LI><a href="#[7c]">BDMA_Channel7_IRQHandler</a> from startup_stm32h723xx.o(.text) referenced from startup_stm32h723xx.o(RESET)
 <LI><a href="#[4]">BusFault_Handler</a> from stm32h7xx_it.o(.text.BusFault_Handler) referenced from startup_stm32h723xx.o(RESET)
 <LI><a href="#[ff]">CDC_Control_HS</a> from usbd_cdc_if.o(.text.CDC_Control_HS) referenced from usbd_cdc_if.o(.data.USBD_Interface_fops_HS)
 <LI><a href="#[fe]">CDC_DeInit_HS</a> from usbd_cdc_if.o(.text.CDC_DeInit_HS) referenced from usbd_cdc_if.o(.data.USBD_Interface_fops_HS)
 <LI><a href="#[fd]">CDC_Init_HS</a> from usbd_cdc_if.o(.text.CDC_Init_HS) referenced from usbd_cdc_if.o(.data.USBD_Interface_fops_HS)
 <LI><a href="#[100]">CDC_Receive_HS</a> from usbd_cdc_if.o(.text.CDC_Receive_HS) referenced from usbd_cdc_if.o(.data.USBD_Interface_fops_HS)
 <LI><a href="#[101]">CDC_TransmitCplt_HS</a> from usbd_cdc_if.o(.text.CDC_TransmitCplt_HS) referenced from usbd_cdc_if.o(.data.USBD_Interface_fops_HS)
 <LI><a href="#[61]">CEC_IRQHandler</a> from startup_stm32h723xx.o(.text) referenced from startup_stm32h723xx.o(RESET)
 <LI><a href="#[7d]">COMP1_IRQHandler</a> from startup_stm32h723xx.o(.text) referenced from startup_stm32h723xx.o(RESET)
 <LI><a href="#[8a]">CORDIC_IRQHandler</a> from stm32h7xx_it.o(.text.CORDIC_IRQHandler) referenced from startup_stm32h723xx.o(RESET)
 <LI><a href="#[83]">CRS_IRQHandler</a> from startup_stm32h723xx.o(.text) referenced from startup_stm32h723xx.o(RESET)
 <LI><a href="#[53]">DCMI_PSSI_IRQHandler</a> from startup_stm32h723xx.o(.text) referenced from startup_stm32h723xx.o(RESET)
 <LI><a href="#[66]">DFSDM1_FLT0_IRQHandler</a> from startup_stm32h723xx.o(.text) referenced from startup_stm32h723xx.o(RESET)
 <LI><a href="#[67]">DFSDM1_FLT1_IRQHandler</a> from startup_stm32h723xx.o(.text) referenced from startup_stm32h723xx.o(RESET)
 <LI><a href="#[68]">DFSDM1_FLT2_IRQHandler</a> from startup_stm32h723xx.o(.text) referenced from startup_stm32h723xx.o(RESET)
 <LI><a href="#[69]">DFSDM1_FLT3_IRQHandler</a> from startup_stm32h723xx.o(.text) referenced from startup_stm32h723xx.o(RESET)
 <LI><a href="#[15]">DMA1_Stream0_IRQHandler</a> from stm32h7xx_it.o(.text.DMA1_Stream0_IRQHandler) referenced from startup_stm32h723xx.o(RESET)
 <LI><a href="#[16]">DMA1_Stream1_IRQHandler</a> from stm32h7xx_it.o(.text.DMA1_Stream1_IRQHandler) referenced from startup_stm32h723xx.o(RESET)
 <LI><a href="#[17]">DMA1_Stream2_IRQHandler</a> from stm32h7xx_it.o(.text.DMA1_Stream2_IRQHandler) referenced from startup_stm32h723xx.o(RESET)
 <LI><a href="#[18]">DMA1_Stream3_IRQHandler</a> from stm32h7xx_it.o(.text.DMA1_Stream3_IRQHandler) referenced from startup_stm32h723xx.o(RESET)
 <LI><a href="#[19]">DMA1_Stream4_IRQHandler</a> from stm32h7xx_it.o(.text.DMA1_Stream4_IRQHandler) referenced from startup_stm32h723xx.o(RESET)
 <LI><a href="#[1a]">DMA1_Stream5_IRQHandler</a> from stm32h7xx_it.o(.text.DMA1_Stream5_IRQHandler) referenced from startup_stm32h723xx.o(RESET)
 <LI><a href="#[1b]">DMA1_Stream6_IRQHandler</a> from stm32h7xx_it.o(.text.DMA1_Stream6_IRQHandler) referenced from startup_stm32h723xx.o(RESET)
 <LI><a href="#[38]">DMA1_Stream7_IRQHandler</a> from stm32h7xx_it.o(.text.DMA1_Stream7_IRQHandler) referenced from startup_stm32h723xx.o(RESET)
 <LI><a href="#[5e]">DMA2D_IRQHandler</a> from startup_stm32h723xx.o(.text) referenced from startup_stm32h723xx.o(RESET)
 <LI><a href="#[41]">DMA2_Stream0_IRQHandler</a> from stm32h7xx_it.o(.text.DMA2_Stream0_IRQHandler) referenced from startup_stm32h723xx.o(RESET)
 <LI><a href="#[42]">DMA2_Stream1_IRQHandler</a> from stm32h7xx_it.o(.text.DMA2_Stream1_IRQHandler) referenced from startup_stm32h723xx.o(RESET)
 <LI><a href="#[43]">DMA2_Stream2_IRQHandler</a> from stm32h7xx_it.o(.text.DMA2_Stream2_IRQHandler) referenced from startup_stm32h723xx.o(RESET)
 <LI><a href="#[44]">DMA2_Stream3_IRQHandler</a> from stm32h7xx_it.o(.text.DMA2_Stream3_IRQHandler) referenced from startup_stm32h723xx.o(RESET)
 <LI><a href="#[45]">DMA2_Stream4_IRQHandler</a> from startup_stm32h723xx.o(.text) referenced from startup_stm32h723xx.o(RESET)
 <LI><a href="#[49]">DMA2_Stream5_IRQHandler</a> from startup_stm32h723xx.o(.text) referenced from startup_stm32h723xx.o(RESET)
 <LI><a href="#[4a]">DMA2_Stream6_IRQHandler</a> from startup_stm32h723xx.o(.text) referenced from startup_stm32h723xx.o(RESET)
 <LI><a href="#[4b]">DMA2_Stream7_IRQHandler</a> from startup_stm32h723xx.o(.text) referenced from startup_stm32h723xx.o(RESET)
 <LI><a href="#[65]">DMAMUX1_OVR_IRQHandler</a> from startup_stm32h723xx.o(.text) referenced from startup_stm32h723xx.o(RESET)
 <LI><a href="#[74]">DMAMUX2_OVR_IRQHandler</a> from startup_stm32h723xx.o(.text) referenced from startup_stm32h723xx.o(RESET)
 <LI><a href="#[86]">DTS_IRQHandler</a> from startup_stm32h723xx.o(.text) referenced from startup_stm32h723xx.o(RESET)
 <LI><a href="#[7]">DebugMon_Handler</a> from stm32h7xx_it.o(.text.DebugMon_Handler) referenced from startup_stm32h723xx.o(RESET)
 <LI><a href="#[84]">ECC_IRQHandler</a> from startup_stm32h723xx.o(.text) referenced from startup_stm32h723xx.o(RESET)
 <LI><a href="#[46]">ETH_IRQHandler</a> from startup_stm32h723xx.o(.text) referenced from startup_stm32h723xx.o(RESET)
 <LI><a href="#[47]">ETH_WKUP_IRQHandler</a> from startup_stm32h723xx.o(.text) referenced from startup_stm32h723xx.o(RESET)
 <LI><a href="#[10]">EXTI0_IRQHandler</a> from startup_stm32h723xx.o(.text) referenced from startup_stm32h723xx.o(RESET)
 <LI><a href="#[32]">EXTI15_10_IRQHandler</a> from stm32h7xx_it.o(.text.EXTI15_10_IRQHandler) referenced from startup_stm32h723xx.o(RESET)
 <LI><a href="#[11]">EXTI1_IRQHandler</a> from startup_stm32h723xx.o(.text) referenced from startup_stm32h723xx.o(RESET)
 <LI><a href="#[12]">EXTI2_IRQHandler</a> from stm32h7xx_it.o(.text.EXTI2_IRQHandler) referenced from startup_stm32h723xx.o(RESET)
 <LI><a href="#[13]">EXTI3_IRQHandler</a> from startup_stm32h723xx.o(.text) referenced from startup_stm32h723xx.o(RESET)
 <LI><a href="#[14]">EXTI4_IRQHandler</a> from startup_stm32h723xx.o(.text) referenced from startup_stm32h723xx.o(RESET)
 <LI><a href="#[21]">EXTI9_5_IRQHandler</a> from stm32h7xx_it.o(.text.EXTI9_5_IRQHandler) referenced from startup_stm32h723xx.o(RESET)
 <LI><a href="#[93]">ExitRun0Mode</a> from system_stm32h7xx.o(.text.ExitRun0Mode) referenced from startup_stm32h723xx.o(.text)
 <LI><a href="#[1d]">FDCAN1_IT0_IRQHandler</a> from stm32h7xx_it.o(.text.FDCAN1_IT0_IRQHandler) referenced from startup_stm32h723xx.o(RESET)
 <LI><a href="#[1f]">FDCAN1_IT1_IRQHandler</a> from stm32h7xx_it.o(.text.FDCAN1_IT1_IRQHandler) referenced from startup_stm32h723xx.o(RESET)
 <LI><a href="#[1e]">FDCAN2_IT0_IRQHandler</a> from stm32h7xx_it.o(.text.FDCAN2_IT0_IRQHandler) referenced from startup_stm32h723xx.o(RESET)
 <LI><a href="#[20]">FDCAN2_IT1_IRQHandler</a> from stm32h7xx_it.o(.text.FDCAN2_IT1_IRQHandler) referenced from startup_stm32h723xx.o(RESET)
 <LI><a href="#[8f]">FDCAN3_IT0_IRQHandler</a> from stm32h7xx_it.o(.text.FDCAN3_IT0_IRQHandler) referenced from startup_stm32h723xx.o(RESET)
 <LI><a href="#[90]">FDCAN3_IT1_IRQHandler</a> from stm32h7xx_it.o(.text.FDCAN3_IT1_IRQHandler) referenced from startup_stm32h723xx.o(RESET)
 <LI><a href="#[48]">FDCAN_CAL_IRQHandler</a> from startup_stm32h723xx.o(.text) referenced from startup_stm32h723xx.o(RESET)
 <LI><a href="#[e]">FLASH_IRQHandler</a> from startup_stm32h723xx.o(.text) referenced from startup_stm32h723xx.o(RESET)
 <LI><a href="#[89]">FMAC_IRQHandler</a> from startup_stm32h723xx.o(.text) referenced from startup_stm32h723xx.o(RESET)
 <LI><a href="#[39]">FMC_IRQHandler</a> from startup_stm32h723xx.o(.text) referenced from startup_stm32h723xx.o(RESET)
 <LI><a href="#[55]">FPU_IRQHandler</a> from startup_stm32h723xx.o(.text) referenced from startup_stm32h723xx.o(RESET)
 <LI><a href="#[72]">HSEM1_IRQHandler</a> from startup_stm32h723xx.o(.text) referenced from startup_stm32h723xx.o(RESET)
 <LI><a href="#[2]">HardFault_Handler</a> from stm32h7xx_it.o(.text.HardFault_Handler) referenced from startup_stm32h723xx.o(RESET)
 <LI><a href="#[2a]">I2C1_ER_IRQHandler</a> from startup_stm32h723xx.o(.text) referenced from startup_stm32h723xx.o(RESET)
 <LI><a href="#[29]">I2C1_EV_IRQHandler</a> from startup_stm32h723xx.o(.text) referenced from startup_stm32h723xx.o(RESET)
 <LI><a href="#[2c]">I2C2_ER_IRQHandler</a> from startup_stm32h723xx.o(.text) referenced from startup_stm32h723xx.o(RESET)
 <LI><a href="#[2b]">I2C2_EV_IRQHandler</a> from startup_stm32h723xx.o(.text) referenced from startup_stm32h723xx.o(RESET)
 <LI><a href="#[4e]">I2C3_ER_IRQHandler</a> from startup_stm32h723xx.o(.text) referenced from startup_stm32h723xx.o(RESET)
 <LI><a href="#[4d]">I2C3_EV_IRQHandler</a> from startup_stm32h723xx.o(.text) referenced from startup_stm32h723xx.o(RESET)
 <LI><a href="#[63]">I2C4_ER_IRQHandler</a> from startup_stm32h723xx.o(.text) referenced from startup_stm32h723xx.o(RESET)
 <LI><a href="#[62]">I2C4_EV_IRQHandler</a> from startup_stm32h723xx.o(.text) referenced from startup_stm32h723xx.o(RESET)
 <LI><a href="#[8e]">I2C5_ER_IRQHandler</a> from startup_stm32h723xx.o(.text) referenced from startup_stm32h723xx.o(RESET)
 <LI><a href="#[8d]">I2C5_EV_IRQHandler</a> from startup_stm32h723xx.o(.text) referenced from startup_stm32h723xx.o(RESET)
 <LI><a href="#[60]">LPTIM1_IRQHandler</a> from startup_stm32h723xx.o(.text) referenced from startup_stm32h723xx.o(RESET)
 <LI><a href="#[7e]">LPTIM2_IRQHandler</a> from startup_stm32h723xx.o(.text) referenced from startup_stm32h723xx.o(RESET)
 <LI><a href="#[7f]">LPTIM3_IRQHandler</a> from startup_stm32h723xx.o(.text) referenced from startup_stm32h723xx.o(RESET)
 <LI><a href="#[80]">LPTIM4_IRQHandler</a> from startup_stm32h723xx.o(.text) referenced from startup_stm32h723xx.o(RESET)
 <LI><a href="#[81]">LPTIM5_IRQHandler</a> from startup_stm32h723xx.o(.text) referenced from startup_stm32h723xx.o(RESET)
 <LI><a href="#[82]">LPUART1_IRQHandler</a> from startup_stm32h723xx.o(.text) referenced from startup_stm32h723xx.o(RESET)
 <LI><a href="#[5d]">LTDC_ER_IRQHandler</a> from startup_stm32h723xx.o(.text) referenced from startup_stm32h723xx.o(RESET)
 <LI><a href="#[5c]">LTDC_IRQHandler</a> from startup_stm32h723xx.o(.text) referenced from startup_stm32h723xx.o(RESET)
 <LI><a href="#[6f]">MDIOS_IRQHandler</a> from startup_stm32h723xx.o(.text) referenced from startup_stm32h723xx.o(RESET)
 <LI><a href="#[6e]">MDIOS_WKUP_IRQHandler</a> from startup_stm32h723xx.o(.text) referenced from startup_stm32h723xx.o(RESET)
 <LI><a href="#[70]">MDMA_IRQHandler</a> from startup_stm32h723xx.o(.text) referenced from startup_stm32h723xx.o(RESET)
 <LI><a href="#[3]">MemManage_Handler</a> from stm32h7xx_it.o(.text.MemManage_Handler) referenced from startup_stm32h723xx.o(RESET)
 <LI><a href="#[1]">NMI_Handler</a> from stm32h7xx_it.o(.text.NMI_Handler) referenced from startup_stm32h723xx.o(RESET)
 <LI><a href="#[5f]">OCTOSPI1_IRQHandler</a> from startup_stm32h723xx.o(.text) referenced from startup_stm32h723xx.o(RESET)
 <LI><a href="#[88]">OCTOSPI2_IRQHandler</a> from startup_stm32h723xx.o(.text) referenced from startup_stm32h723xx.o(RESET)
 <LI><a href="#[50]">OTG_HS_EP1_IN_IRQHandler</a> from startup_stm32h723xx.o(.text) referenced from startup_stm32h723xx.o(RESET)
 <LI><a href="#[4f]">OTG_HS_EP1_OUT_IRQHandler</a> from startup_stm32h723xx.o(.text) referenced from startup_stm32h723xx.o(RESET)
 <LI><a href="#[52]">OTG_HS_IRQHandler</a> from stm32h7xx_it.o(.text.OTG_HS_IRQHandler) referenced from startup_stm32h723xx.o(RESET)
 <LI><a href="#[51]">OTG_HS_WKUP_IRQHandler</a> from startup_stm32h723xx.o(.text) referenced from startup_stm32h723xx.o(RESET)
 <LI><a href="#[b]">PVD_AVD_IRQHandler</a> from startup_stm32h723xx.o(.text) referenced from startup_stm32h723xx.o(RESET)
 <LI><a href="#[8]">PendSV_Handler</a> from port.o(.text.PendSV_Handler) referenced from startup_stm32h723xx.o(RESET)
 <LI><a href="#[f]">RCC_IRQHandler</a> from startup_stm32h723xx.o(.text) referenced from startup_stm32h723xx.o(RESET)
 <LI><a href="#[54]">RNG_IRQHandler</a> from startup_stm32h723xx.o(.text) referenced from startup_stm32h723xx.o(RESET)
 <LI><a href="#[33]">RTC_Alarm_IRQHandler</a> from startup_stm32h723xx.o(.text) referenced from startup_stm32h723xx.o(RESET)
 <LI><a href="#[d]">RTC_WKUP_IRQHandler</a> from startup_stm32h723xx.o(.text) referenced from startup_stm32h723xx.o(RESET)
 <LI><a href="#[0]">Reset_Handler</a> from startup_stm32h723xx.o(.text) referenced from startup_stm32h723xx.o(RESET)
 <LI><a href="#[5b]">SAI1_IRQHandler</a> from startup_stm32h723xx.o(.text) referenced from startup_stm32h723xx.o(RESET)
 <LI><a href="#[85]">SAI4_IRQHandler</a> from startup_stm32h723xx.o(.text) referenced from startup_stm32h723xx.o(RESET)
 <LI><a href="#[3a]">SDMMC1_IRQHandler</a> from startup_stm32h723xx.o(.text) referenced from startup_stm32h723xx.o(RESET)
 <LI><a href="#[71]">SDMMC2_IRQHandler</a> from startup_stm32h723xx.o(.text) referenced from startup_stm32h723xx.o(RESET)
 <LI><a href="#[64]">SPDIF_RX_IRQHandler</a> from startup_stm32h723xx.o(.text) referenced from startup_stm32h723xx.o(RESET)
 <LI><a href="#[2d]">SPI1_IRQHandler</a> from startup_stm32h723xx.o(.text) referenced from startup_stm32h723xx.o(RESET)
 <LI><a href="#[2e]">SPI2_IRQHandler</a> from startup_stm32h723xx.o(.text) referenced from startup_stm32h723xx.o(RESET)
 <LI><a href="#[3c]">SPI3_IRQHandler</a> from startup_stm32h723xx.o(.text) referenced from startup_stm32h723xx.o(RESET)
 <LI><a href="#[58]">SPI4_IRQHandler</a> from startup_stm32h723xx.o(.text) referenced from startup_stm32h723xx.o(RESET)
 <LI><a href="#[59]">SPI5_IRQHandler</a> from startup_stm32h723xx.o(.text) referenced from startup_stm32h723xx.o(RESET)
 <LI><a href="#[5a]">SPI6_IRQHandler</a> from startup_stm32h723xx.o(.text) referenced from startup_stm32h723xx.o(RESET)
 <LI><a href="#[6]">SVC_Handler</a> from port.o(.text.SVC_Handler) referenced from startup_stm32h723xx.o(RESET)
 <LI><a href="#[6a]">SWPMI1_IRQHandler</a> from startup_stm32h723xx.o(.text) referenced from startup_stm32h723xx.o(RESET)
 <LI><a href="#[9c]">StartDefaultTask</a> from freertos.o(.text.StartDefaultTask) referenced 2 times from freertos.o(.text.MX_FREERTOS_Init)
 <LI><a href="#[9]">SysTick_Handler</a> from cmsis_os2.o(.text.SysTick_Handler) referenced from startup_stm32h723xx.o(RESET)
 <LI><a href="#[94]">SystemInit</a> from system_stm32h7xx.o(.text.SystemInit) referenced from startup_stm32h723xx.o(.text)
 <LI><a href="#[c]">TAMP_STAMP_IRQHandler</a> from startup_stm32h723xx.o(.text) referenced from startup_stm32h723xx.o(RESET)
 <LI><a href="#[6b]">TIM15_IRQHandler</a> from startup_stm32h723xx.o(.text) referenced from startup_stm32h723xx.o(RESET)
 <LI><a href="#[6c]">TIM16_IRQHandler</a> from startup_stm32h723xx.o(.text) referenced from startup_stm32h723xx.o(RESET)
 <LI><a href="#[6d]">TIM17_IRQHandler</a> from startup_stm32h723xx.o(.text) referenced from startup_stm32h723xx.o(RESET)
 <LI><a href="#[22]">TIM1_BRK_IRQHandler</a> from startup_stm32h723xx.o(.text) referenced from startup_stm32h723xx.o(RESET)
 <LI><a href="#[25]">TIM1_CC_IRQHandler</a> from startup_stm32h723xx.o(.text) referenced from startup_stm32h723xx.o(RESET)
 <LI><a href="#[24]">TIM1_TRG_COM_IRQHandler</a> from startup_stm32h723xx.o(.text) referenced from startup_stm32h723xx.o(RESET)
 <LI><a href="#[23]">TIM1_UP_IRQHandler</a> from startup_stm32h723xx.o(.text) referenced from startup_stm32h723xx.o(RESET)
 <LI><a href="#[91]">TIM23_IRQHandler</a> from startup_stm32h723xx.o(.text) referenced from startup_stm32h723xx.o(RESET)
 <LI><a href="#[92]">TIM24_IRQHandler</a> from startup_stm32h723xx.o(.text) referenced from startup_stm32h723xx.o(RESET)
 <LI><a href="#[26]">TIM2_IRQHandler</a> from stm32h7xx_it.o(.text.TIM2_IRQHandler) referenced from startup_stm32h723xx.o(RESET)
 <LI><a href="#[27]">TIM3_IRQHandler</a> from startup_stm32h723xx.o(.text) referenced from startup_stm32h723xx.o(RESET)
 <LI><a href="#[28]">TIM4_IRQHandler</a> from stm32h7xx_it.o(.text.TIM4_IRQHandler) referenced from startup_stm32h723xx.o(RESET)
 <LI><a href="#[3b]">TIM5_IRQHandler</a> from startup_stm32h723xx.o(.text) referenced from startup_stm32h723xx.o(RESET)
 <LI><a href="#[3f]">TIM6_DAC_IRQHandler</a> from stm32h7xx_it.o(.text.TIM6_DAC_IRQHandler) referenced from startup_stm32h723xx.o(RESET)
 <LI><a href="#[40]">TIM7_IRQHandler</a> from stm32h7xx_it.o(.text.TIM7_IRQHandler) referenced from startup_stm32h723xx.o(RESET)
 <LI><a href="#[34]">TIM8_BRK_TIM12_IRQHandler</a> from startup_stm32h723xx.o(.text) referenced from startup_stm32h723xx.o(RESET)
 <LI><a href="#[37]">TIM8_CC_IRQHandler</a> from startup_stm32h723xx.o(.text) referenced from startup_stm32h723xx.o(RESET)
 <LI><a href="#[36]">TIM8_TRG_COM_TIM14_IRQHandler</a> from startup_stm32h723xx.o(.text) referenced from startup_stm32h723xx.o(RESET)
 <LI><a href="#[35]">TIM8_UP_TIM13_IRQHandler</a> from stm32h7xx_it.o(.text.TIM8_UP_TIM13_IRQHandler) referenced from startup_stm32h723xx.o(RESET)
 <LI><a href="#[3d]">UART4_IRQHandler</a> from startup_stm32h723xx.o(.text) referenced from startup_stm32h723xx.o(RESET)
 <LI><a href="#[3e]">UART5_IRQHandler</a> from startup_stm32h723xx.o(.text) referenced from startup_stm32h723xx.o(RESET)
 <LI><a href="#[56]">UART7_IRQHandler</a> from startup_stm32h723xx.o(.text) referenced from startup_stm32h723xx.o(RESET)
 <LI><a href="#[57]">UART8_IRQHandler</a> from stm32h7xx_it.o(.text.UART8_IRQHandler) referenced from startup_stm32h723xx.o(RESET)
 <LI><a href="#[8b]">UART9_IRQHandler</a> from startup_stm32h723xx.o(.text) referenced from startup_stm32h723xx.o(RESET)
 <LI><a href="#[96]">UART_DMAAbortOnError</a> from stm32h7xx_hal_uart.o(.text.UART_DMAAbortOnError) referenced 2 times from stm32h7xx_hal_uart.o(.text.HAL_UART_IRQHandler)
 <LI><a href="#[99]">UART_DMAError</a> from stm32h7xx_hal_uart.o(.text.UART_DMAError) referenced 2 times from stm32h7xx_hal_uart.o(.text.HAL_UART_Receive_DMA)
 <LI><a href="#[99]">UART_DMAError</a> from stm32h7xx_hal_uart.o(.text.UART_DMAError) referenced 2 times from stm32h7xx_hal_uart.o(.text.HAL_UART_Transmit_DMA)
 <LI><a href="#[99]">UART_DMAError</a> from stm32h7xx_hal_uart.o(.text.UART_DMAError) referenced 2 times from stm32h7xx_hal_uart.o(.text.UART_Start_Receive_DMA)
 <LI><a href="#[97]">UART_DMAReceiveCplt</a> from stm32h7xx_hal_uart.o(.text.UART_DMAReceiveCplt) referenced 2 times from stm32h7xx_hal_uart.o(.text.HAL_UART_Receive_DMA)
 <LI><a href="#[97]">UART_DMAReceiveCplt</a> from stm32h7xx_hal_uart.o(.text.UART_DMAReceiveCplt) referenced 2 times from stm32h7xx_hal_uart.o(.text.UART_Start_Receive_DMA)
 <LI><a href="#[98]">UART_DMARxHalfCplt</a> from stm32h7xx_hal_uart.o(.text.UART_DMARxHalfCplt) referenced 2 times from stm32h7xx_hal_uart.o(.text.HAL_UART_Receive_DMA)
 <LI><a href="#[98]">UART_DMARxHalfCplt</a> from stm32h7xx_hal_uart.o(.text.UART_DMARxHalfCplt) referenced 2 times from stm32h7xx_hal_uart.o(.text.UART_Start_Receive_DMA)
 <LI><a href="#[9a]">UART_DMATransmitCplt</a> from stm32h7xx_hal_uart.o(.text.UART_DMATransmitCplt) referenced 2 times from stm32h7xx_hal_uart.o(.text.HAL_UART_Transmit_DMA)
 <LI><a href="#[9b]">UART_DMATxHalfCplt</a> from stm32h7xx_hal_uart.o(.text.UART_DMATxHalfCplt) referenced 2 times from stm32h7xx_hal_uart.o(.text.HAL_UART_Transmit_DMA)
 <LI><a href="#[9d]">UART_RxISR_16BIT</a> from stm32h7xx_hal_uart.o(.text.UART_RxISR_16BIT) referenced 2 times from stm32h7xx_hal_uart.o(.text.UART_RxISR_16BIT_FIFOEN)
 <LI><a href="#[9d]">UART_RxISR_16BIT</a> from stm32h7xx_hal_uart.o(.text.UART_RxISR_16BIT) referenced 2 times from stm32h7xx_hal_uart.o(.text.UART_Start_Receive_IT)
 <LI><a href="#[a0]">UART_RxISR_16BIT_FIFOEN</a> from stm32h7xx_hal_uart.o(.text.UART_RxISR_16BIT_FIFOEN) referenced 2 times from stm32h7xx_hal_uart.o(.text.UART_Start_Receive_IT)
 <LI><a href="#[9e]">UART_RxISR_8BIT</a> from stm32h7xx_hal_uart.o(.text.UART_RxISR_8BIT) referenced 2 times from stm32h7xx_hal_uart.o(.text.UART_RxISR_8BIT_FIFOEN)
 <LI><a href="#[9e]">UART_RxISR_8BIT</a> from stm32h7xx_hal_uart.o(.text.UART_RxISR_8BIT) referenced 2 times from stm32h7xx_hal_uart.o(.text.UART_Start_Receive_IT)
 <LI><a href="#[9f]">UART_RxISR_8BIT_FIFOEN</a> from stm32h7xx_hal_uart.o(.text.UART_RxISR_8BIT_FIFOEN) referenced 2 times from stm32h7xx_hal_uart.o(.text.UART_Start_Receive_IT)
 <LI><a href="#[8c]">USART10_IRQHandler</a> from startup_stm32h723xx.o(.text) referenced from startup_stm32h723xx.o(RESET)
 <LI><a href="#[2f]">USART1_IRQHandler</a> from stm32h7xx_it.o(.text.USART1_IRQHandler) referenced from startup_stm32h723xx.o(RESET)
 <LI><a href="#[30]">USART2_IRQHandler</a> from stm32h7xx_it.o(.text.USART2_IRQHandler) referenced from startup_stm32h723xx.o(RESET)
 <LI><a href="#[31]">USART3_IRQHandler</a> from stm32h7xx_it.o(.text.USART3_IRQHandler) referenced from startup_stm32h723xx.o(RESET)
 <LI><a href="#[4c]">USART6_IRQHandler</a> from stm32h7xx_it.o(.text.USART6_IRQHandler) referenced from startup_stm32h723xx.o(RESET)
 <LI><a href="#[f7]">USBD_CDC_DataIn</a> from usbd_cdc.o(.text.USBD_CDC_DataIn) referenced from usbd_cdc.o(.data.USBD_CDC)
 <LI><a href="#[f8]">USBD_CDC_DataOut</a> from usbd_cdc.o(.text.USBD_CDC_DataOut) referenced from usbd_cdc.o(.data.USBD_CDC)
 <LI><a href="#[f4]">USBD_CDC_DeInit</a> from usbd_cdc.o(.text.USBD_CDC_DeInit) referenced from usbd_cdc.o(.data.USBD_CDC)
 <LI><a href="#[f6]">USBD_CDC_EP0_RxReady</a> from usbd_cdc.o(.text.USBD_CDC_EP0_RxReady) referenced from usbd_cdc.o(.data.USBD_CDC)
 <LI><a href="#[fc]">USBD_CDC_GetDeviceQualifierDescriptor</a> from usbd_cdc.o(.text.USBD_CDC_GetDeviceQualifierDescriptor) referenced from usbd_cdc.o(.data.USBD_CDC)
 <LI><a href="#[fa]">USBD_CDC_GetFSCfgDesc</a> from usbd_cdc.o(.text.USBD_CDC_GetFSCfgDesc) referenced from usbd_cdc.o(.data.USBD_CDC)
 <LI><a href="#[f9]">USBD_CDC_GetHSCfgDesc</a> from usbd_cdc.o(.text.USBD_CDC_GetHSCfgDesc) referenced from usbd_cdc.o(.data.USBD_CDC)
 <LI><a href="#[fb]">USBD_CDC_GetOtherSpeedCfgDesc</a> from usbd_cdc.o(.text.USBD_CDC_GetOtherSpeedCfgDesc) referenced from usbd_cdc.o(.data.USBD_CDC)
 <LI><a href="#[f3]">USBD_CDC_Init</a> from usbd_cdc.o(.text.USBD_CDC_Init) referenced from usbd_cdc.o(.data.USBD_CDC)
 <LI><a href="#[f5]">USBD_CDC_Setup</a> from usbd_cdc.o(.text.USBD_CDC_Setup) referenced from usbd_cdc.o(.data.USBD_CDC)
 <LI><a href="#[f1]">USBD_HS_ConfigStrDescriptor</a> from usbd_desc.o(.text.USBD_HS_ConfigStrDescriptor) referenced from usbd_desc.o(.data.HS_Desc)
 <LI><a href="#[ec]">USBD_HS_DeviceDescriptor</a> from usbd_desc.o(.text.USBD_HS_DeviceDescriptor) referenced from usbd_desc.o(.data.HS_Desc)
 <LI><a href="#[f2]">USBD_HS_InterfaceStrDescriptor</a> from usbd_desc.o(.text.USBD_HS_InterfaceStrDescriptor) referenced from usbd_desc.o(.data.HS_Desc)
 <LI><a href="#[ed]">USBD_HS_LangIDStrDescriptor</a> from usbd_desc.o(.text.USBD_HS_LangIDStrDescriptor) referenced from usbd_desc.o(.data.HS_Desc)
 <LI><a href="#[ee]">USBD_HS_ManufacturerStrDescriptor</a> from usbd_desc.o(.text.USBD_HS_ManufacturerStrDescriptor) referenced from usbd_desc.o(.data.HS_Desc)
 <LI><a href="#[ef]">USBD_HS_ProductStrDescriptor</a> from usbd_desc.o(.text.USBD_HS_ProductStrDescriptor) referenced from usbd_desc.o(.data.HS_Desc)
 <LI><a href="#[f0]">USBD_HS_SerialStrDescriptor</a> from usbd_desc.o(.text.USBD_HS_SerialStrDescriptor) referenced from usbd_desc.o(.data.HS_Desc)
 <LI><a href="#[5]">UsageFault_Handler</a> from stm32h7xx_it.o(.text.UsageFault_Handler) referenced from startup_stm32h723xx.o(RESET)
 <LI><a href="#[87]">WAKEUP_PIN_IRQHandler</a> from startup_stm32h723xx.o(.text) referenced from startup_stm32h723xx.o(RESET)
 <LI><a href="#[a]">WWDG_IRQHandler</a> from startup_stm32h723xx.o(.text) referenced from startup_stm32h723xx.o(RESET)
 <LI><a href="#[e6]">_GLOBAL__sub_I_RC_arm.cpp</a> from rc_arm.o(.text._GLOBAL__sub_I_RC_arm.cpp) referenced from rc_arm.o(.init_array)
 <LI><a href="#[eb]">_GLOBAL__sub_I_RC_init.cpp</a> from rc_init.o(.text._GLOBAL__sub_I_RC_init.cpp) referenced from rc_init.o(.init_array)
 <LI><a href="#[a4]">Main_Task(void*)</a> from rc_init.o(.text._Z9Main_TaskPv) referenced 2 times from rc_init.o(.text._GLOBAL__sub_I_RC_init.cpp)
 <LI><a href="#[ad]">communication::Lora_communication::EXTI_Prosess()</a> from rc_lora.o(.text._ZN13communication18Lora_communication12EXTI_ProsessEv) referenced from rc_lora.o(.rodata._ZTVN13communication18Lora_communicationE)
 <LI><a href="#[ac]">communication::Lora_communication::Task_Process()</a> from rc_lora.o(.text._ZN13communication18Lora_communication12Task_ProcessEv) referenced from rc_lora.o(.rodata._ZTVN13communication18Lora_communicationE)
 <LI><a href="#[ae]">communication::Lora_communication::Tim_It_Process()</a> from rc_lora.o(.text._ZN13communication18Lora_communication14Tim_It_ProcessEv) referenced from rc_lora.o(.rodata._ZTVN13communication18Lora_communicationE)
 <LI><a href="#[aa]">communication::Lora_communication::Comm_TxUseTxDMA(__UART_HandleTypeDef*, unsigned char*, unsigned short)</a> from rc_lora.o(.text._ZN13communication18Lora_communication15Comm_TxUseTxDMAEP20__UART_HandleTypeDefPht) referenced from rc_lora.o(.rodata._ZTVN13communication18Lora_communicationE)
 <LI><a href="#[ab]">communication::Lora_communication::Uart_Rx_It_Process(unsigned char*, unsigned short)</a> from rc_lora.o(.text._ZN13communication18Lora_communication18Uart_Rx_It_ProcessEPht) referenced from rc_lora.o(.rodata._ZTVN13communication18Lora_communicationE)
 <LI><a href="#[a3]">communication::Lora_communication::~Lora_communication()</a> from rc_lora.o(.text._ZN13communication18Lora_communicationD2Ev) referenced 2 times from rc_init.o(.text._GLOBAL__sub_I_RC_init.cpp)
 <LI><a href="#[b3]">can::Can::Task_Process()</a> from rc_can.o(.text._ZN3can3Can12Task_ProcessEv) referenced from rc_can.o(.rodata._ZTVN3can3CanE)
 <LI><a href="#[b4]">cdc::CDC::Task_Process()</a> from rc_cdc.o(.text._ZN3cdc3CDC12Task_ProcessEv) referenced from rc_cdc.o(.rodata._ZTVN3cdc3CDCE)
 <LI><a href="#[b5]">ros::Map::CDC_Receive_Process(unsigned char*, unsigned short)</a> from rc_map.o(.text._ZN3ros3Map19CDC_Receive_ProcessEPht) referenced from rc_map.o(.rodata._ZTVN3ros3MapE)
 <LI><a href="#[b6]">ros::Radar::CDC_Receive_Process(unsigned char*, unsigned short)</a> from rc_radar.o(.text._ZN3ros5Radar19CDC_Receive_ProcessEPht) referenced from rc_radar.o(.rodata._ZTVN3ros5RadarE)
 <LI><a href="#[b7]">ros::BestPath::CDC_Receive_Process(unsigned char*, unsigned short)</a> from rc_best_path.o(.text._ZN3ros8BestPath19CDC_Receive_ProcessEPht) referenced from rc_best_path.o(.rodata._ZTVN3ros8BestPathE)
 <LI><a href="#[b8]">data::RobotPose::Task_Process()</a> from rc_data_pool.o(.text._ZN4data9RobotPose12Task_ProcessEv) referenced from rc_data_pool.o(.rodata._ZTVN4data9RobotPoseE)
 <LI><a href="#[b9]">path::Navigation::Task_Process()</a> from rc_navigation.o(.text._ZN4path10Navigation12Task_ProcessEv) referenced from rc_navigation.o(.rodata._ZTVN4path10NavigationE)
 <LI><a href="#[ba]">path::TrajTrack3::Task_Process()</a> from rc_traj_track3.o(.text._ZN4path10TrajTrack312Task_ProcessEv) referenced from rc_traj_track3.o(.rodata._ZTVN4path10TrajTrack3E)
 <LI><a href="#[bb]">path::HeadCtrl::Task_Process()</a> from rc_head_ctrl.o(.text._ZN4path8HeadCtrl12Task_ProcessEv) referenced from rc_head_ctrl.o(.rodata._ZTVN4path8HeadCtrlE)
 <LI><a href="#[bc]">path::PathPlan3::Task_Process()</a> from rc_path_plan3.o(.text._ZN4path9PathPlan312Task_ProcessEv) referenced from rc_path_plan3.o(.rodata._ZTVN4path9PathPlan3E)
 <LI><a href="#[a5]">task::ManagedTask::All_Task_Process(void*)</a> from rc_task.o(.text._ZN4task11ManagedTask16All_Task_ProcessEPv) referenced 2 times from rc_task.o(.text._ZN4task11ManagedTaskC2EPKchtNS_8TaskTypeEh)
 <LI><a href="#[c7]">lidar::LiDAR::Uart_Rx_It_Process(unsigned char*, unsigned short)</a> from rc_lidar.o(.text._ZN5lidar5LiDAR18Uart_Rx_It_ProcessEPht) referenced from rc_lidar.o(.rodata._ZTVN5lidar5LiDARE)
 <LI><a href="#[cb]">motor::M2006::Dji_Id_Init(unsigned char)</a> from rc_m2006.o(.text._ZN5motor5M200611Dji_Id_InitEh) referenced from rc_m2006.o(.rodata._ZTVN5motor5M2006E)
 <LI><a href="#[cb]">motor::M2006::Dji_Id_Init(unsigned char)</a> from rc_m2006.o(.text._ZN5motor5M200611Dji_Id_InitEh) referenced from rc_m2006.o(.rodata._ZTVN5motor6M2006DE)
 <LI><a href="#[ce]">motor::M3508::Dji_Id_Init(unsigned char)</a> from rc_m3508.o(.text._ZN5motor5M350811Dji_Id_InitEh) referenced from rc_m3508.o(.rodata._ZTVN5motor5M3508E)
 <LI><a href="#[ce]">motor::M3508::Dji_Id_Init(unsigned char)</a> from rc_m3508.o(.text._ZN5motor5M350811Dji_Id_InitEh) referenced from rc_m3508.o(.rodata._ZTVN5motor6M3508DE)
 <LI><a href="#[d2]">motor::DM4310::Can_Tx_Process()</a> from rc_dm4310.o(.text._ZN5motor6DM431014Can_Tx_ProcessEv) referenced from rc_dm4310.o(.rodata._ZTVN5motor6DM4310E)
 <LI><a href="#[d4]">motor::DM4310::Tim_It_Process()</a> from rc_dm4310.o(.text._ZN5motor6DM431014Tim_It_ProcessEv) referenced from rc_dm4310.o(.rodata._ZTVN5motor6DM4310E)
 <LI><a href="#[d3]">motor::DM4310::Can_Rx_It_Process(unsigned int, unsigned char*)</a> from rc_dm4310.o(.text._ZN5motor6DM431017Can_Rx_It_ProcessEjPh) referenced from rc_dm4310.o(.rodata._ZTVN5motor6DM4310E)
 <LI><a href="#[d1]">motor::DM4310::CanHandler_Register()</a> from rc_dm4310.o(.text._ZN5motor6DM431019CanHandler_RegisterEv) referenced from rc_dm4310.o(.rodata._ZTVN5motor6DM4310E)
 <LI><a href="#[cf]">motor::DM4310::Set_K_Pos(float)</a> from rc_dm4310.o(.text._ZN5motor6DM43109Set_K_PosEf) referenced from rc_dm4310.o(.rodata._ZTVN5motor6DM4310E)
 <LI><a href="#[d0]">motor::DM4310::Set_K_Spd(float)</a> from rc_dm4310.o(.text._ZN5motor6DM43109Set_K_SpdEf) referenced from rc_dm4310.o(.rodata._ZTVN5motor6DM4310E)
 <LI><a href="#[d9]">motor::M2006D::Tim_It_Process()</a> from rc_m2006.o(.text._ZN5motor6M2006D14Tim_It_ProcessEv) referenced from rc_m2006.o(.rodata._ZTVN5motor6M2006DE)
 <LI><a href="#[db]">motor::M3508D::Tim_It_Process()</a> from rc_m3508.o(.text._ZN5motor6M3508D14Tim_It_ProcessEv) referenced from rc_m3508.o(.rodata._ZTVN5motor6M3508DE)
 <LI><a href="#[c8]">motor::DjiMotor::Can_Tx_Process()</a> from rc_dji_motor.o(.text._ZN5motor8DjiMotor14Can_Tx_ProcessEv) referenced from rc_m2006.o(.rodata._ZTVN5motor5M2006E)
 <LI><a href="#[c8]">motor::DjiMotor::Can_Tx_Process()</a> from rc_dji_motor.o(.text._ZN5motor8DjiMotor14Can_Tx_ProcessEv) referenced from rc_m3508.o(.rodata._ZTVN5motor5M3508E)
 <LI><a href="#[c8]">motor::DjiMotor::Can_Tx_Process()</a> from rc_dji_motor.o(.text._ZN5motor8DjiMotor14Can_Tx_ProcessEv) referenced from rc_m2006.o(.rodata._ZTVN5motor6M2006DE)
 <LI><a href="#[c8]">motor::DjiMotor::Can_Tx_Process()</a> from rc_dji_motor.o(.text._ZN5motor8DjiMotor14Can_Tx_ProcessEv) referenced from rc_m3508.o(.rodata._ZTVN5motor6M3508DE)
 <LI><a href="#[c8]">motor::DjiMotor::Can_Tx_Process()</a> from rc_dji_motor.o(.text._ZN5motor8DjiMotor14Can_Tx_ProcessEv) referenced from rc_dji_motor.o(.rodata._ZTVN5motor8DjiMotorE)
 <LI><a href="#[cc]">motor::DjiMotor::Tim_It_Process()</a> from rc_dji_motor.o(.text._ZN5motor8DjiMotor14Tim_It_ProcessEv) referenced from rc_m2006.o(.rodata._ZTVN5motor5M2006E)
 <LI><a href="#[cc]">motor::DjiMotor::Tim_It_Process()</a> from rc_dji_motor.o(.text._ZN5motor8DjiMotor14Tim_It_ProcessEv) referenced from rc_m3508.o(.rodata._ZTVN5motor5M3508E)
 <LI><a href="#[cc]">motor::DjiMotor::Tim_It_Process()</a> from rc_dji_motor.o(.text._ZN5motor8DjiMotor14Tim_It_ProcessEv) referenced from rc_dji_motor.o(.rodata._ZTVN5motor8DjiMotorE)
 <LI><a href="#[c9]">motor::DjiMotor::Can_Rx_It_Process(unsigned int, unsigned char*)</a> from rc_dji_motor.o(.text._ZN5motor8DjiMotor17Can_Rx_It_ProcessEjPh) referenced from rc_m2006.o(.rodata._ZTVN5motor5M2006E)
 <LI><a href="#[c9]">motor::DjiMotor::Can_Rx_It_Process(unsigned int, unsigned char*)</a> from rc_dji_motor.o(.text._ZN5motor8DjiMotor17Can_Rx_It_ProcessEjPh) referenced from rc_m3508.o(.rodata._ZTVN5motor5M3508E)
 <LI><a href="#[c9]">motor::DjiMotor::Can_Rx_It_Process(unsigned int, unsigned char*)</a> from rc_dji_motor.o(.text._ZN5motor8DjiMotor17Can_Rx_It_ProcessEjPh) referenced from rc_m2006.o(.rodata._ZTVN5motor6M2006DE)
 <LI><a href="#[c9]">motor::DjiMotor::Can_Rx_It_Process(unsigned int, unsigned char*)</a> from rc_dji_motor.o(.text._ZN5motor8DjiMotor17Can_Rx_It_ProcessEjPh) referenced from rc_m3508.o(.rodata._ZTVN5motor6M3508DE)
 <LI><a href="#[c9]">motor::DjiMotor::Can_Rx_It_Process(unsigned int, unsigned char*)</a> from rc_dji_motor.o(.text._ZN5motor8DjiMotor17Can_Rx_It_ProcessEjPh) referenced from rc_dji_motor.o(.rodata._ZTVN5motor8DjiMotorE)
 <LI><a href="#[ca]">motor::DjiMotor::CanHandler_Register()</a> from rc_dji_motor.o(.text._ZN5motor8DjiMotor19CanHandler_RegisterEv) referenced from rc_m2006.o(.rodata._ZTVN5motor5M2006E)
 <LI><a href="#[ca]">motor::DjiMotor::CanHandler_Register()</a> from rc_dji_motor.o(.text._ZN5motor8DjiMotor19CanHandler_RegisterEv) referenced from rc_m3508.o(.rodata._ZTVN5motor5M3508E)
 <LI><a href="#[ca]">motor::DjiMotor::CanHandler_Register()</a> from rc_dji_motor.o(.text._ZN5motor8DjiMotor19CanHandler_RegisterEv) referenced from rc_m2006.o(.rodata._ZTVN5motor6M2006DE)
 <LI><a href="#[ca]">motor::DjiMotor::CanHandler_Register()</a> from rc_dji_motor.o(.text._ZN5motor8DjiMotor19CanHandler_RegisterEv) referenced from rc_m3508.o(.rodata._ZTVN5motor6M3508DE)
 <LI><a href="#[ca]">motor::DjiMotor::CanHandler_Register()</a> from rc_dji_motor.o(.text._ZN5motor8DjiMotor19CanHandler_RegisterEv) referenced from rc_dji_motor.o(.rodata._ZTVN5motor8DjiMotorE)
 <LI><a href="#[de]">flysky::FlySky::EXTI_Prosess()</a> from rc_flysky.o(.text._ZN6flysky6FlySky12EXTI_ProsessEv) referenced from rc_flysky.o(.rodata._ZTVN6flysky6FlySkyE)
 <LI><a href="#[dd]">flysky::FlySky::Task_Process()</a> from rc_flysky.o(.text._ZN6flysky6FlySky12Task_ProcessEv) referenced from rc_flysky.o(.rodata._ZTVN6flysky6FlySkyE)
 <LI><a href="#[e0]">gantry::Gantry::Task_Process()</a> from rc_gantry.o(.text._ZN6gantry6Gantry12Task_ProcessEv) referenced from rc_gantry.o(.rodata._ZTVN6gantry6GantryE)
 <LI><a href="#[e3]">chassis::Omni4Chassis::Chassis_Init()</a> from rc_omni_chassis.o(.text._ZN7chassis12Omni4Chassis12Chassis_InitEv) referenced from rc_omni_chassis.o(.rodata._ZTVN7chassis12Omni4ChassisE)
 <LI><a href="#[e2]">chassis::Omni4Chassis::Chassis_Re_Init()</a> from rc_omni_chassis.o(.text._ZN7chassis12Omni4Chassis15Chassis_Re_InitEv) referenced from rc_omni_chassis.o(.rodata._ZTVN7chassis12Omni4ChassisE)
 <LI><a href="#[e4]">chassis::Omni4Chassis::Kinematics_calc(vector2d::Vector2D, float)</a> from rc_omni_chassis.o(.text._ZN7chassis12Omni4Chassis15Kinematics_calcEN8vector2d8Vector2DEf) referenced from rc_omni_chassis.o(.rodata._ZTVN7chassis12Omni4ChassisE)
 <LI><a href="#[e1]">chassis::Chassis::Task_Process()</a> from rc_chassis.o(.text._ZN7chassis7Chassis12Task_ProcessEv) referenced from rc_omni_chassis.o(.rodata._ZTVN7chassis12Omni4ChassisE)
 <LI><a href="#[e1]">chassis::Chassis::Task_Process()</a> from rc_chassis.o(.text._ZN7chassis7Chassis12Task_ProcessEv) referenced from rc_chassis.o(.rodata._ZTVN7chassis7ChassisE)
 <LI><a href="#[e5]">chassis::AutoLift::Task_Process()</a> from rc_auto_lift.o(.text._ZN7chassis8AutoLift12Task_ProcessEv) referenced from rc_auto_lift.o(.rodata._ZTVN7chassis8AutoLiftE)
 <LI><a href="#[a1]">Arm_task::Front_Air_Pump_On()</a> from rc_arm.o(.text._ZN8Arm_task17Front_Air_Pump_OnEv) referenced 2 times from rc_arm.o(.text._GLOBAL__sub_I_RC_arm.cpp)
 <LI><a href="#[a2]">Arm_task::Front_Air_Pump_Off()</a> from rc_arm.o(.text._ZN8Arm_task18Front_Air_Pump_OffEv) referenced 2 times from rc_arm.o(.text._GLOBAL__sub_I_RC_arm.cpp)
 <LI><a href="#[c1]">curve::Arc2D::Get_Len_On_T(float) const</a> from rc_curve.o(.text._ZNK5curve5Arc2D12Get_Len_On_TEf) referenced from rc_curve.o(.rodata._ZTVN5curve5Arc2DE)
 <LI><a href="#[bd]">curve::Arc2D::Get_Point_On_T(float, vector2d::Vector2D*) const</a> from rc_curve.o(.text._ZNK5curve5Arc2D14Get_Point_On_TEfPN8vector2d8Vector2DE) referenced from rc_curve.o(.rodata._ZTVN5curve5Arc2DE)
 <LI><a href="#[be]">curve::Arc2D::Get_Point_On_Len(float, vector2d::Vector2D*) const</a> from rc_curve.o(.text._ZNK5curve5Arc2D16Get_Point_On_LenEfPN8vector2d8Vector2DE) referenced from rc_curve.o(.rodata._ZTVN5curve5Arc2DE)
 <LI><a href="#[bf]">curve::Arc2D::Get_Tan_Nor_On_T(float, vector2d::Vector2D*, vector2d::Vector2D*) const</a> from rc_curve.o(.text._ZNK5curve5Arc2D16Get_Tan_Nor_On_TEfPN8vector2d8Vector2DES3_) referenced from rc_curve.o(.rodata._ZTVN5curve5Arc2DE)
 <LI><a href="#[c0]">curve::Arc2D::Get_Near_Point_T_Dis(vector2d::Vector2D, vector2d::Vector2D*, float*, float*) const</a> from rc_curve.o(.text._ZNK5curve5Arc2D20Get_Near_Point_T_DisEN8vector2d8Vector2DEPS2_PfS4_) referenced from rc_curve.o(.rodata._ZTVN5curve5Arc2DE)
 <LI><a href="#[c6]">curve::Line2D::Get_Len_On_T(float) const</a> from rc_curve.o(.text._ZNK5curve6Line2D12Get_Len_On_TEf) referenced from rc_curve.o(.rodata._ZTVN5curve6Line2DE)
 <LI><a href="#[c2]">curve::Line2D::Get_Point_On_T(float, vector2d::Vector2D*) const</a> from rc_curve.o(.text._ZNK5curve6Line2D14Get_Point_On_TEfPN8vector2d8Vector2DE) referenced from rc_curve.o(.rodata._ZTVN5curve6Line2DE)
 <LI><a href="#[c3]">curve::Line2D::Get_Point_On_Len(float, vector2d::Vector2D*) const</a> from rc_curve.o(.text._ZNK5curve6Line2D16Get_Point_On_LenEfPN8vector2d8Vector2DE) referenced from rc_curve.o(.rodata._ZTVN5curve6Line2DE)
 <LI><a href="#[c4]">curve::Line2D::Get_Tan_Nor_On_T(float, vector2d::Vector2D*, vector2d::Vector2D*) const</a> from rc_curve.o(.text._ZNK5curve6Line2D16Get_Tan_Nor_On_TEfPN8vector2d8Vector2DES3_) referenced from rc_curve.o(.rodata._ZTVN5curve6Line2DE)
 <LI><a href="#[c5]">curve::Line2D::Get_Near_Point_T_Dis(vector2d::Vector2D, vector2d::Vector2D*, float*, float*) const</a> from rc_curve.o(.text._ZNK5curve6Line2D20Get_Near_Point_T_DisEN8vector2d8Vector2DEPS2_PfS4_) referenced from rc_curve.o(.rodata._ZTVN5curve6Line2DE)
 <LI><a href="#[b1]">non-virtual thunk to communication::Lora_communication::EXTI_Prosess()</a> from rc_lora.o(.text._ZThn108_N13communication18Lora_communication12EXTI_ProsessEv) referenced from rc_lora.o(.rodata._ZTVN13communication18Lora_communicationE)
 <LI><a href="#[b2]">non-virtual thunk to communication::Lora_communication::Tim_It_Process()</a> from rc_lora.o(.text._ZThn116_N13communication18Lora_communication14Tim_It_ProcessEv) referenced from rc_lora.o(.rodata._ZTVN13communication18Lora_communicationE)
 <LI><a href="#[df]">non-virtual thunk to flysky::FlySky::EXTI_Prosess()</a> from rc_flysky.o(.text._ZThn12_N6flysky6FlySky12EXTI_ProsessEv) referenced from rc_flysky.o(.rodata._ZTVN6flysky6FlySkyE)
 <LI><a href="#[d5]">non-virtual thunk to motor::DM4310::Can_Tx_Process()</a> from rc_dm4310.o(.text._ZThn280_N5motor6DM431014Can_Tx_ProcessEv) referenced from rc_dm4310.o(.rodata._ZTVN5motor6DM4310E)
 <LI><a href="#[d6]">non-virtual thunk to motor::DM4310::Can_Rx_It_Process(unsigned int, unsigned char*)</a> from rc_dm4310.o(.text._ZThn280_N5motor6DM431017Can_Rx_It_ProcessEjPh) referenced from rc_dm4310.o(.rodata._ZTVN5motor6DM4310E)
 <LI><a href="#[d7]">non-virtual thunk to motor::DM4310::CanHandler_Register()</a> from rc_dm4310.o(.text._ZThn280_N5motor6DM431019CanHandler_RegisterEv) referenced from rc_dm4310.o(.rodata._ZTVN5motor6DM4310E)
 <LI><a href="#[da]">non-virtual thunk to motor::M2006D::Tim_It_Process()</a> from rc_m2006.o(.text._ZThn280_N5motor6M2006D14Tim_It_ProcessEv) referenced from rc_m2006.o(.rodata._ZTVN5motor6M2006DE)
 <LI><a href="#[dc]">non-virtual thunk to motor::M3508D::Tim_It_Process()</a> from rc_m3508.o(.text._ZThn280_N5motor6M3508D14Tim_It_ProcessEv) referenced from rc_m3508.o(.rodata._ZTVN5motor6M3508DE)
 <LI><a href="#[cd]">non-virtual thunk to motor::DjiMotor::Tim_It_Process()</a> from rc_dji_motor.o(.text._ZThn280_N5motor8DjiMotor14Tim_It_ProcessEv) referenced from rc_m2006.o(.rodata._ZTVN5motor5M2006E)
 <LI><a href="#[cd]">non-virtual thunk to motor::DjiMotor::Tim_It_Process()</a> from rc_dji_motor.o(.text._ZThn280_N5motor8DjiMotor14Tim_It_ProcessEv) referenced from rc_m3508.o(.rodata._ZTVN5motor5M3508E)
 <LI><a href="#[cd]">non-virtual thunk to motor::DjiMotor::Tim_It_Process()</a> from rc_dji_motor.o(.text._ZThn280_N5motor8DjiMotor14Tim_It_ProcessEv) referenced from rc_dji_motor.o(.rodata._ZTVN5motor8DjiMotorE)
 <LI><a href="#[d8]">non-virtual thunk to motor::DM4310::Tim_It_Process()</a> from rc_dm4310.o(.text._ZThn308_N5motor6DM431014Tim_It_ProcessEv) referenced from rc_dm4310.o(.rodata._ZTVN5motor6DM4310E)
 <LI><a href="#[af]">non-virtual thunk to communication::Lora_communication::Uart_Rx_It_Process(unsigned char*, unsigned short)</a> from rc_lora.o(.text._ZThn76_N13communication18Lora_communication18Uart_Rx_It_ProcessEPht) referenced from rc_lora.o(.rodata._ZTVN13communication18Lora_communicationE)
 <LI><a href="#[b0]">non-virtual thunk to communication::Lora_communication::Task_Process()</a> from rc_lora.o(.text._ZThn96_N13communication18Lora_communication12Task_ProcessEv) referenced from rc_lora.o(.rodata._ZTVN13communication18Lora_communicationE)
 <LI><a href="#[a9]">__cxa_pure_virtual</a> from cxa_virtual.cpp.o(.text.__cxa_pure_virtual) referenced from rc_communication.o(.rodata._ZTVN13communication13CommunicationE)
 <LI><a href="#[a9]">__cxa_pure_virtual</a> from cxa_virtual.cpp.o(.text.__cxa_pure_virtual) referenced 3 times from rc_can.o(.rodata._ZTVN3can10CanHandlerE)
 <LI><a href="#[a9]">__cxa_pure_virtual</a> from cxa_virtual.cpp.o(.text.__cxa_pure_virtual) referenced from rc_cdc.o(.rodata._ZTVN3cdc10CDCHandlerE)
 <LI><a href="#[a9]">__cxa_pure_virtual</a> from cxa_virtual.cpp.o(.text.__cxa_pure_virtual) referenced from rc_tim.o(.rodata._ZTVN3tim10TimHandlerE)
 <LI><a href="#[a9]">__cxa_pure_virtual</a> from cxa_virtual.cpp.o(.text.__cxa_pure_virtual) referenced from rc_gpio_exti.o(.rodata._ZTVN4gpio8GpioExtiE)
 <LI><a href="#[a9]">__cxa_pure_virtual</a> from cxa_virtual.cpp.o(.text.__cxa_pure_virtual) referenced from rc_task.o(.rodata._ZTVN4task11ManagedTaskE)
 <LI><a href="#[a9]">__cxa_pure_virtual</a> from cxa_virtual.cpp.o(.text.__cxa_pure_virtual) referenced 2 times from rc_motor.o(.rodata._ZTVN5motor6JointME)
 <LI><a href="#[a9]">__cxa_pure_virtual</a> from cxa_virtual.cpp.o(.text.__cxa_pure_virtual) referenced from rc_dji_motor.o(.rodata._ZTVN5motor8DjiMotorE)
 <LI><a href="#[a9]">__cxa_pure_virtual</a> from cxa_virtual.cpp.o(.text.__cxa_pure_virtual) referenced from rc_serial.o(.rodata._ZTVN6serial6UartRxE)
 <LI><a href="#[a9]">__cxa_pure_virtual</a> from cxa_virtual.cpp.o(.text.__cxa_pure_virtual) referenced 3 times from rc_chassis.o(.rodata._ZTVN7chassis7ChassisE)
 <LI><a href="#[e7]">__cxx_global_var_init</a> from rc_map_graph.o(.text.__cxx_global_var_init) referenced from rc_map_graph.o(.init_array)
 <LI><a href="#[e8]">__cxx_global_var_init.1</a> from rc_map_graph.o(.text.__cxx_global_var_init.1) referenced from rc_map_graph.o(.init_array)
 <LI><a href="#[e9]">__cxx_global_var_init.2</a> from rc_map_graph.o(.text.__cxx_global_var_init.2) referenced from rc_map_graph.o(.init_array)
 <LI><a href="#[ea]">__cxx_global_var_init.3</a> from rc_map_graph.o(.text.__cxx_global_var_init.3) referenced from rc_map_graph.o(.init_array)
 <LI><a href="#[95]">__main</a> from __main.o(!!!main) referenced from startup_stm32h723xx.o(.text)
 <LI><a href="#[a7]">prvIdleTask</a> from tasks.o(.text.prvIdleTask) referenced 2 times from tasks.o(.text.vTaskStartScheduler)
 <LI><a href="#[a6]">prvTaskExitError</a> from port.o(.text.prvTaskExitError) referenced 2 times from port.o(.text.pxPortInitialiseStack)
 <LI><a href="#[a8]">prvTimerTask</a> from timers.o(.text.prvTimerTask) referenced 2 times from timers.o(.text.xTimerCreateTimerTask)
</UL>
<P>
<H3>
Global Symbols
</H3>
<P><STRONG><a name="[95]"></a>__main</STRONG> (Thumb, 8 bytes, Stack size 0 bytes, __main.o(!!!main))
<BR><BR>[Calls]<UL><LI><a href="#[104]">&gt;&gt;</a>&nbsp;&nbsp;&nbsp;__rt_entry
<LI><a href="#[103]">&gt;&gt;</a>&nbsp;&nbsp;&nbsp;__scatterload
</UL>
<BR>[Address Reference Count : 1]<UL><LI> startup_stm32h723xx.o(.text)
</UL>
<P><STRONG><a name="[103]"></a>__scatterload</STRONG> (Thumb, 0 bytes, Stack size unknown bytes, __scatter.o(!!!scatter))
<BR><BR>[Called By]<UL><LI><a href="#[95]">&gt;&gt;</a>&nbsp;&nbsp;&nbsp;__main
</UL>

<P><STRONG><a name="[105]"></a>__scatterload_rt2</STRONG> (Thumb, 84 bytes, Stack size unknown bytes, __scatter.o(!!!scatter), UNUSED)
<BR><BR>[Calls]<UL><LI><a href="#[104]">&gt;&gt;</a>&nbsp;&nbsp;&nbsp;__rt_entry
</UL>

<P><STRONG><a name="[310]"></a>__scatterload_rt2_thumb_only</STRONG> (Thumb, 0 bytes, Stack size unknown bytes, __scatter.o(!!!scatter), UNUSED)

<P><STRONG><a name="[311]"></a>__scatterload_loop</STRONG> (Thumb, 0 bytes, Stack size unknown bytes, __scatter.o(!!!scatter), UNUSED)

<P><STRONG><a name="[106]"></a>__scatterload_copy</STRONG> (Thumb, 26 bytes, Stack size unknown bytes, __scatter_copy.o(!!handler_copy), UNUSED)
<BR><BR>[Calls]<UL><LI><a href="#[106]">&gt;&gt;</a>&nbsp;&nbsp;&nbsp;__scatterload_copy
</UL>
<BR>[Called By]<UL><LI><a href="#[106]">&gt;&gt;</a>&nbsp;&nbsp;&nbsp;__scatterload_copy
</UL>

<P><STRONG><a name="[312]"></a>__scatterload_null</STRONG> (Thumb, 2 bytes, Stack size unknown bytes, __scatter.o(!!handler_null), UNUSED)

<P><STRONG><a name="[313]"></a>__scatterload_zeroinit</STRONG> (Thumb, 28 bytes, Stack size unknown bytes, __scatter_zi.o(!!handler_zi), UNUSED)

<P><STRONG><a name="[113]"></a>__rt_lib_init</STRONG> (Thumb, 0 bytes, Stack size unknown bytes, libinit.o(.ARM.Collect$$libinit$$00000000))
<BR><BR>[Called By]<UL><LI><a href="#[112]">&gt;&gt;</a>&nbsp;&nbsp;&nbsp;__rt_entry_li
</UL>

<P><STRONG><a name="[107]"></a>__rt_lib_init_fp_1</STRONG> (Thumb, 0 bytes, Stack size unknown bytes, libinit2.o(.ARM.Collect$$libinit$$00000001))
<BR><BR>[Calls]<UL><LI><a href="#[108]">&gt;&gt;</a>&nbsp;&nbsp;&nbsp;_fp_init
</UL>

<P><STRONG><a name="[109]"></a>__rt_lib_init_heap_2</STRONG> (Thumb, 0 bytes, Stack size unknown bytes, libinit2.o(.ARM.Collect$$libinit$$00000007))
<BR><BR>[Stack]<UL><LI>Max Depth = 64 + Unknown Stack Size
<LI>Call Chain = __rt_lib_init_heap_2 &rArr; _init_alloc &rArr; __rt_SIGRTMEM &rArr; __rt_SIGRTMEM_inner &rArr; __default_signal_display &rArr; _ttywrch
</UL>
<BR>[Calls]<UL><LI><a href="#[10a]">&gt;&gt;</a>&nbsp;&nbsp;&nbsp;_init_alloc
</UL>

<P><STRONG><a name="[314]"></a>__rt_lib_init_preinit_1</STRONG> (Thumb, 0 bytes, Stack size unknown bytes, libinit2.o(.ARM.Collect$$libinit$$00000006))

<P><STRONG><a name="[315]"></a>__rt_lib_init_relocate_pie_1</STRONG> (Thumb, 0 bytes, Stack size unknown bytes, libinit2.o(.ARM.Collect$$libinit$$00000004))

<P><STRONG><a name="[10b]"></a>__rt_lib_init_atexit_2</STRONG> (Thumb, 0 bytes, Stack size unknown bytes, libinit2.o(.ARM.Collect$$libinit$$0000001C))
<BR><BR>[Calls]<UL><LI><a href="#[10c]">&gt;&gt;</a>&nbsp;&nbsp;&nbsp;_atexit_init
</UL>

<P><STRONG><a name="[316]"></a>__rt_lib_init_heap_1</STRONG> (Thumb, 0 bytes, Stack size unknown bytes, libinit2.o(.ARM.Collect$$libinit$$0000000C))

<P><STRONG><a name="[317]"></a>__rt_lib_init_lc_collate_1</STRONG> (Thumb, 0 bytes, Stack size unknown bytes, libinit2.o(.ARM.Collect$$libinit$$00000013))

<P><STRONG><a name="[318]"></a>__rt_lib_init_lc_ctype_1</STRONG> (Thumb, 0 bytes, Stack size unknown bytes, libinit2.o(.ARM.Collect$$libinit$$00000015))

<P><STRONG><a name="[319]"></a>__rt_lib_init_lc_monetary_1</STRONG> (Thumb, 0 bytes, Stack size unknown bytes, libinit2.o(.ARM.Collect$$libinit$$00000017))

<P><STRONG><a name="[31a]"></a>__rt_lib_init_lc_numeric_1</STRONG> (Thumb, 0 bytes, Stack size unknown bytes, libinit2.o(.ARM.Collect$$libinit$$00000019))

<P><STRONG><a name="[31b]"></a>__rt_lib_init_lc_time_1</STRONG> (Thumb, 0 bytes, Stack size unknown bytes, libinit2.o(.ARM.Collect$$libinit$$0000001B))

<P><STRONG><a name="[31c]"></a>__rt_lib_init_rand_1</STRONG> (Thumb, 0 bytes, Stack size unknown bytes, libinit2.o(.ARM.Collect$$libinit$$00000010))

<P><STRONG><a name="[31d]"></a>__rt_lib_init_user_alloc_1</STRONG> (Thumb, 0 bytes, Stack size unknown bytes, libinit2.o(.ARM.Collect$$libinit$$0000000E))

<P><STRONG><a name="[31e]"></a>__rt_lib_init_alloca_1</STRONG> (Thumb, 0 bytes, Stack size unknown bytes, libinit2.o(.ARM.Collect$$libinit$$00000030))

<P><STRONG><a name="[31f]"></a>__rt_lib_init_argv_1</STRONG> (Thumb, 0 bytes, Stack size unknown bytes, libinit2.o(.ARM.Collect$$libinit$$0000002E))

<P><STRONG><a name="[320]"></a>__rt_lib_init_atexit_1</STRONG> (Thumb, 0 bytes, Stack size unknown bytes, libinit2.o(.ARM.Collect$$libinit$$0000001D))

<P><STRONG><a name="[321]"></a>__rt_lib_init_clock_1</STRONG> (Thumb, 0 bytes, Stack size unknown bytes, libinit2.o(.ARM.Collect$$libinit$$00000023))

<P><STRONG><a name="[10d]"></a>__rt_lib_init_cpp_2</STRONG> (Thumb, 0 bytes, Stack size unknown bytes, libinit2.o(.ARM.Collect$$libinit$$00000033))
<BR><BR>[Stack]<UL><LI>Max Depth = 24 + Unknown Stack Size
<LI>Call Chain = __rt_lib_init_cpp_2 &rArr; __cpp_initialize__aeabi_
</UL>
<BR>[Calls]<UL><LI><a href="#[102]">&gt;&gt;</a>&nbsp;&nbsp;&nbsp;__cpp_initialize__aeabi_
</UL>

<P><STRONG><a name="[322]"></a>__rt_lib_init_exceptions_1</STRONG> (Thumb, 0 bytes, Stack size unknown bytes, libinit2.o(.ARM.Collect$$libinit$$00000032))

<P><STRONG><a name="[323]"></a>__rt_lib_init_fp_trap_1</STRONG> (Thumb, 0 bytes, Stack size unknown bytes, libinit2.o(.ARM.Collect$$libinit$$00000021))

<P><STRONG><a name="[324]"></a>__rt_lib_init_getenv_1</STRONG> (Thumb, 0 bytes, Stack size unknown bytes, libinit2.o(.ARM.Collect$$libinit$$00000025))

<P><STRONG><a name="[325]"></a>__rt_lib_init_signal_1</STRONG> (Thumb, 0 bytes, Stack size unknown bytes, libinit2.o(.ARM.Collect$$libinit$$0000001F))

<P><STRONG><a name="[326]"></a>__rt_lib_init_stdio_1</STRONG> (Thumb, 0 bytes, Stack size unknown bytes, libinit2.o(.ARM.Collect$$libinit$$00000027))

<P><STRONG><a name="[327]"></a>__rt_lib_init_cpp_1</STRONG> (Thumb, 0 bytes, Stack size unknown bytes, libinit2.o(.ARM.Collect$$libinit$$00000034))

<P><STRONG><a name="[328]"></a>__rt_lib_init_return</STRONG> (Thumb, 0 bytes, Stack size unknown bytes, libinit2.o(.ARM.Collect$$libinit$$00000035))

<P><STRONG><a name="[118]"></a>__rt_lib_shutdown</STRONG> (Thumb, 0 bytes, Stack size unknown bytes, libshutdown.o(.ARM.Collect$$libshutdown$$00000000))
<BR><BR>[Called By]<UL><LI><a href="#[129]">&gt;&gt;</a>&nbsp;&nbsp;&nbsp;abort
<LI><a href="#[117]">&gt;&gt;</a>&nbsp;&nbsp;&nbsp;__rt_exit_ls
</UL>

<P><STRONG><a name="[10e]"></a>__rt_lib_shutdown_cpp_2</STRONG> (Thumb, 0 bytes, Stack size unknown bytes, libshutdown2.o(.ARM.Collect$$libshutdown$$00000001))
<BR><BR>[Stack]<UL><LI>Max Depth = 32 + Unknown Stack Size
<LI>Call Chain = __rt_lib_shutdown_cpp_2 &rArr; __cxa_finalize
</UL>
<BR>[Calls]<UL><LI><a href="#[10f]">&gt;&gt;</a>&nbsp;&nbsp;&nbsp;__cxa_finalize
</UL>

<P><STRONG><a name="[329]"></a>__rt_lib_shutdown_cpp_1</STRONG> (Thumb, 0 bytes, Stack size unknown bytes, libshutdown2.o(.ARM.Collect$$libshutdown$$00000002))

<P><STRONG><a name="[32a]"></a>__rt_lib_shutdown_fp_trap_1</STRONG> (Thumb, 0 bytes, Stack size unknown bytes, libshutdown2.o(.ARM.Collect$$libshutdown$$00000007))

<P><STRONG><a name="[32b]"></a>__rt_lib_shutdown_heap_1</STRONG> (Thumb, 0 bytes, Stack size unknown bytes, libshutdown2.o(.ARM.Collect$$libshutdown$$0000000F))

<P><STRONG><a name="[32c]"></a>__rt_lib_shutdown_return</STRONG> (Thumb, 0 bytes, Stack size unknown bytes, libshutdown2.o(.ARM.Collect$$libshutdown$$00000010))

<P><STRONG><a name="[32d]"></a>__rt_lib_shutdown_signal_1</STRONG> (Thumb, 0 bytes, Stack size unknown bytes, libshutdown2.o(.ARM.Collect$$libshutdown$$0000000A))

<P><STRONG><a name="[32e]"></a>__rt_lib_shutdown_stdio_1</STRONG> (Thumb, 0 bytes, Stack size unknown bytes, libshutdown2.o(.ARM.Collect$$libshutdown$$00000004))

<P><STRONG><a name="[32f]"></a>__rt_lib_shutdown_user_alloc_1</STRONG> (Thumb, 0 bytes, Stack size unknown bytes, libshutdown2.o(.ARM.Collect$$libshutdown$$0000000C))

<P><STRONG><a name="[104]"></a>__rt_entry</STRONG> (Thumb, 0 bytes, Stack size unknown bytes, __rtentry.o(.ARM.Collect$$rtentry$$00000000))
<BR><BR>[Called By]<UL><LI><a href="#[95]">&gt;&gt;</a>&nbsp;&nbsp;&nbsp;__main
<LI><a href="#[105]">&gt;&gt;</a>&nbsp;&nbsp;&nbsp;__scatterload_rt2
</UL>

<P><STRONG><a name="[330]"></a>__rt_entry_presh_1</STRONG> (Thumb, 0 bytes, Stack size unknown bytes, __rtentry2.o(.ARM.Collect$$rtentry$$00000002))

<P><STRONG><a name="[110]"></a>__rt_entry_sh</STRONG> (Thumb, 0 bytes, Stack size unknown bytes, __rtentry4.o(.ARM.Collect$$rtentry$$00000004))
<BR><BR>[Stack]<UL><LI>Max Depth = 8 + Unknown Stack Size
<LI>Call Chain = __rt_entry_sh &rArr; __user_setup_stackheap
</UL>
<BR>[Calls]<UL><LI><a href="#[111]">&gt;&gt;</a>&nbsp;&nbsp;&nbsp;__user_setup_stackheap
</UL>

<P><STRONG><a name="[112]"></a>__rt_entry_li</STRONG> (Thumb, 0 bytes, Stack size unknown bytes, __rtentry2.o(.ARM.Collect$$rtentry$$0000000A))
<BR><BR>[Calls]<UL><LI><a href="#[113]">&gt;&gt;</a>&nbsp;&nbsp;&nbsp;__rt_lib_init
</UL>

<P><STRONG><a name="[331]"></a>__rt_entry_postsh_1</STRONG> (Thumb, 0 bytes, Stack size unknown bytes, __rtentry2.o(.ARM.Collect$$rtentry$$00000009))

<P><STRONG><a name="[114]"></a>__rt_entry_main</STRONG> (Thumb, 0 bytes, Stack size unknown bytes, __rtentry2.o(.ARM.Collect$$rtentry$$0000000D))
<BR><BR>[Stack]<UL><LI>Max Depth = 360 + Unknown Stack Size
<LI>Call Chain = __rt_entry_main &rArr; main &rArr; MX_FDCAN3_Init &rArr; HAL_FDCAN_Init &rArr; HAL_FDCAN_MspInit &rArr; HAL_RCCEx_PeriphCLKConfig &rArr; RCCEx_PLL3_Config
</UL>
<BR>[Calls]<UL><LI><a href="#[115]">&gt;&gt;</a>&nbsp;&nbsp;&nbsp;main
<LI><a href="#[116]">&gt;&gt;</a>&nbsp;&nbsp;&nbsp;exit
</UL>

<P><STRONG><a name="[332]"></a>__rt_entry_postli_1</STRONG> (Thumb, 0 bytes, Stack size unknown bytes, __rtentry2.o(.ARM.Collect$$rtentry$$0000000C))

<P><STRONG><a name="[133]"></a>__rt_exit</STRONG> (Thumb, 0 bytes, Stack size unknown bytes, rtexit.o(.ARM.Collect$$rtexit$$00000000))
<BR><BR>[Called By]<UL><LI><a href="#[116]">&gt;&gt;</a>&nbsp;&nbsp;&nbsp;exit
</UL>

<P><STRONG><a name="[117]"></a>__rt_exit_ls</STRONG> (Thumb, 0 bytes, Stack size unknown bytes, rtexit2.o(.ARM.Collect$$rtexit$$00000003))
<BR><BR>[Calls]<UL><LI><a href="#[118]">&gt;&gt;</a>&nbsp;&nbsp;&nbsp;__rt_lib_shutdown
</UL>

<P><STRONG><a name="[333]"></a>__rt_exit_prels_1</STRONG> (Thumb, 0 bytes, Stack size unknown bytes, rtexit2.o(.ARM.Collect$$rtexit$$00000002))

<P><STRONG><a name="[119]"></a>__rt_exit_exit</STRONG> (Thumb, 0 bytes, Stack size unknown bytes, rtexit2.o(.ARM.Collect$$rtexit$$00000004))
<BR><BR>[Calls]<UL><LI><a href="#[11a]">&gt;&gt;</a>&nbsp;&nbsp;&nbsp;_sys_exit
</UL>

<P><STRONG><a name="[0]"></a>Reset_Handler</STRONG> (Thumb, 12 bytes, Stack size 0 bytes, startup_stm32h723xx.o(.text))
<BR>[Address Reference Count : 1]<UL><LI> startup_stm32h723xx.o(RESET)
</UL>
<P><STRONG><a name="[73]"></a>ADC3_IRQHandler</STRONG> (Thumb, 0 bytes, Stack size 0 bytes, startup_stm32h723xx.o(.text))
<BR><BR>[Calls]<UL><LI><a href="#[73]">&gt;&gt;</a>&nbsp;&nbsp;&nbsp;ADC3_IRQHandler
</UL>
<BR>[Called By]<UL><LI><a href="#[73]">&gt;&gt;</a>&nbsp;&nbsp;&nbsp;ADC3_IRQHandler
</UL>
<BR>[Address Reference Count : 1]<UL><LI> startup_stm32h723xx.o(RESET)
</UL>
<P><STRONG><a name="[1c]"></a>ADC_IRQHandler</STRONG> (Thumb, 0 bytes, Stack size 0 bytes, startup_stm32h723xx.o(.text))
<BR>[Address Reference Count : 1]<UL><LI> startup_stm32h723xx.o(RESET)
</UL>
<P><STRONG><a name="[75]"></a>BDMA_Channel0_IRQHandler</STRONG> (Thumb, 0 bytes, Stack size 0 bytes, startup_stm32h723xx.o(.text))
<BR>[Address Reference Count : 1]<UL><LI> startup_stm32h723xx.o(RESET)
</UL>
<P><STRONG><a name="[76]"></a>BDMA_Channel1_IRQHandler</STRONG> (Thumb, 0 bytes, Stack size 0 bytes, startup_stm32h723xx.o(.text))
<BR>[Address Reference Count : 1]<UL><LI> startup_stm32h723xx.o(RESET)
</UL>
<P><STRONG><a name="[77]"></a>BDMA_Channel2_IRQHandler</STRONG> (Thumb, 0 bytes, Stack size 0 bytes, startup_stm32h723xx.o(.text))
<BR>[Address Reference Count : 1]<UL><LI> startup_stm32h723xx.o(RESET)
</UL>
<P><STRONG><a name="[78]"></a>BDMA_Channel3_IRQHandler</STRONG> (Thumb, 0 bytes, Stack size 0 bytes, startup_stm32h723xx.o(.text))
<BR>[Address Reference Count : 1]<UL><LI> startup_stm32h723xx.o(RESET)
</UL>
<P><STRONG><a name="[79]"></a>BDMA_Channel4_IRQHandler</STRONG> (Thumb, 0 bytes, Stack size 0 bytes, startup_stm32h723xx.o(.text))
<BR>[Address Reference Count : 1]<UL><LI> startup_stm32h723xx.o(RESET)
</UL>
<P><STRONG><a name="[7a]"></a>BDMA_Channel5_IRQHandler</STRONG> (Thumb, 0 bytes, Stack size 0 bytes, startup_stm32h723xx.o(.text))
<BR>[Address Reference Count : 1]<UL><LI> startup_stm32h723xx.o(RESET)
</UL>
<P><STRONG><a name="[7b]"></a>BDMA_Channel6_IRQHandler</STRONG> (Thumb, 0 bytes, Stack size 0 bytes, startup_stm32h723xx.o(.text))
<BR>[Address Reference Count : 1]<UL><LI> startup_stm32h723xx.o(RESET)
</UL>
<P><STRONG><a name="[7c]"></a>BDMA_Channel7_IRQHandler</STRONG> (Thumb, 0 bytes, Stack size 0 bytes, startup_stm32h723xx.o(.text))
<BR>[Address Reference Count : 1]<UL><LI> startup_stm32h723xx.o(RESET)
</UL>
<P><STRONG><a name="[61]"></a>CEC_IRQHandler</STRONG> (Thumb, 0 bytes, Stack size 0 bytes, startup_stm32h723xx.o(.text))
<BR>[Address Reference Count : 1]<UL><LI> startup_stm32h723xx.o(RESET)
</UL>
<P><STRONG><a name="[7d]"></a>COMP1_IRQHandler</STRONG> (Thumb, 0 bytes, Stack size 0 bytes, startup_stm32h723xx.o(.text))
<BR>[Address Reference Count : 1]<UL><LI> startup_stm32h723xx.o(RESET)
</UL>
<P><STRONG><a name="[83]"></a>CRS_IRQHandler</STRONG> (Thumb, 0 bytes, Stack size 0 bytes, startup_stm32h723xx.o(.text))
<BR>[Address Reference Count : 1]<UL><LI> startup_stm32h723xx.o(RESET)
</UL>
<P><STRONG><a name="[53]"></a>DCMI_PSSI_IRQHandler</STRONG> (Thumb, 0 bytes, Stack size 0 bytes, startup_stm32h723xx.o(.text))
<BR>[Address Reference Count : 1]<UL><LI> startup_stm32h723xx.o(RESET)
</UL>
<P><STRONG><a name="[66]"></a>DFSDM1_FLT0_IRQHandler</STRONG> (Thumb, 0 bytes, Stack size 0 bytes, startup_stm32h723xx.o(.text))
<BR>[Address Reference Count : 1]<UL><LI> startup_stm32h723xx.o(RESET)
</UL>
<P><STRONG><a name="[67]"></a>DFSDM1_FLT1_IRQHandler</STRONG> (Thumb, 0 bytes, Stack size 0 bytes, startup_stm32h723xx.o(.text))
<BR>[Address Reference Count : 1]<UL><LI> startup_stm32h723xx.o(RESET)
</UL>
<P><STRONG><a name="[68]"></a>DFSDM1_FLT2_IRQHandler</STRONG> (Thumb, 0 bytes, Stack size 0 bytes, startup_stm32h723xx.o(.text))
<BR>[Address Reference Count : 1]<UL><LI> startup_stm32h723xx.o(RESET)
</UL>
<P><STRONG><a name="[69]"></a>DFSDM1_FLT3_IRQHandler</STRONG> (Thumb, 0 bytes, Stack size 0 bytes, startup_stm32h723xx.o(.text))
<BR>[Address Reference Count : 1]<UL><LI> startup_stm32h723xx.o(RESET)
</UL>
<P><STRONG><a name="[5e]"></a>DMA2D_IRQHandler</STRONG> (Thumb, 0 bytes, Stack size 0 bytes, startup_stm32h723xx.o(.text))
<BR>[Address Reference Count : 1]<UL><LI> startup_stm32h723xx.o(RESET)
</UL>
<P><STRONG><a name="[45]"></a>DMA2_Stream4_IRQHandler</STRONG> (Thumb, 0 bytes, Stack size 0 bytes, startup_stm32h723xx.o(.text))
<BR>[Address Reference Count : 1]<UL><LI> startup_stm32h723xx.o(RESET)
</UL>
<P><STRONG><a name="[49]"></a>DMA2_Stream5_IRQHandler</STRONG> (Thumb, 0 bytes, Stack size 0 bytes, startup_stm32h723xx.o(.text))
<BR>[Address Reference Count : 1]<UL><LI> startup_stm32h723xx.o(RESET)
</UL>
<P><STRONG><a name="[4a]"></a>DMA2_Stream6_IRQHandler</STRONG> (Thumb, 0 bytes, Stack size 0 bytes, startup_stm32h723xx.o(.text))
<BR>[Address Reference Count : 1]<UL><LI> startup_stm32h723xx.o(RESET)
</UL>
<P><STRONG><a name="[4b]"></a>DMA2_Stream7_IRQHandler</STRONG> (Thumb, 0 bytes, Stack size 0 bytes, startup_stm32h723xx.o(.text))
<BR>[Address Reference Count : 1]<UL><LI> startup_stm32h723xx.o(RESET)
</UL>
<P><STRONG><a name="[65]"></a>DMAMUX1_OVR_IRQHandler</STRONG> (Thumb, 0 bytes, Stack size 0 bytes, startup_stm32h723xx.o(.text))
<BR>[Address Reference Count : 1]<UL><LI> startup_stm32h723xx.o(RESET)
</UL>
<P><STRONG><a name="[74]"></a>DMAMUX2_OVR_IRQHandler</STRONG> (Thumb, 0 bytes, Stack size 0 bytes, startup_stm32h723xx.o(.text))
<BR>[Address Reference Count : 1]<UL><LI> startup_stm32h723xx.o(RESET)
</UL>
<P><STRONG><a name="[86]"></a>DTS_IRQHandler</STRONG> (Thumb, 0 bytes, Stack size 0 bytes, startup_stm32h723xx.o(.text))
<BR>[Address Reference Count : 1]<UL><LI> startup_stm32h723xx.o(RESET)
</UL>
<P><STRONG><a name="[84]"></a>ECC_IRQHandler</STRONG> (Thumb, 0 bytes, Stack size 0 bytes, startup_stm32h723xx.o(.text))
<BR>[Address Reference Count : 1]<UL><LI> startup_stm32h723xx.o(RESET)
</UL>
<P><STRONG><a name="[46]"></a>ETH_IRQHandler</STRONG> (Thumb, 0 bytes, Stack size 0 bytes, startup_stm32h723xx.o(.text))
<BR>[Address Reference Count : 1]<UL><LI> startup_stm32h723xx.o(RESET)
</UL>
<P><STRONG><a name="[47]"></a>ETH_WKUP_IRQHandler</STRONG> (Thumb, 0 bytes, Stack size 0 bytes, startup_stm32h723xx.o(.text))
<BR>[Address Reference Count : 1]<UL><LI> startup_stm32h723xx.o(RESET)
</UL>
<P><STRONG><a name="[10]"></a>EXTI0_IRQHandler</STRONG> (Thumb, 0 bytes, Stack size 0 bytes, startup_stm32h723xx.o(.text))
<BR>[Address Reference Count : 1]<UL><LI> startup_stm32h723xx.o(RESET)
</UL>
<P><STRONG><a name="[11]"></a>EXTI1_IRQHandler</STRONG> (Thumb, 0 bytes, Stack size 0 bytes, startup_stm32h723xx.o(.text))
<BR>[Address Reference Count : 1]<UL><LI> startup_stm32h723xx.o(RESET)
</UL>
<P><STRONG><a name="[13]"></a>EXTI3_IRQHandler</STRONG> (Thumb, 0 bytes, Stack size 0 bytes, startup_stm32h723xx.o(.text))
<BR>[Address Reference Count : 1]<UL><LI> startup_stm32h723xx.o(RESET)
</UL>
<P><STRONG><a name="[14]"></a>EXTI4_IRQHandler</STRONG> (Thumb, 0 bytes, Stack size 0 bytes, startup_stm32h723xx.o(.text))
<BR>[Address Reference Count : 1]<UL><LI> startup_stm32h723xx.o(RESET)
</UL>
<P><STRONG><a name="[48]"></a>FDCAN_CAL_IRQHandler</STRONG> (Thumb, 0 bytes, Stack size 0 bytes, startup_stm32h723xx.o(.text))
<BR>[Address Reference Count : 1]<UL><LI> startup_stm32h723xx.o(RESET)
</UL>
<P><STRONG><a name="[e]"></a>FLASH_IRQHandler</STRONG> (Thumb, 0 bytes, Stack size 0 bytes, startup_stm32h723xx.o(.text))
<BR>[Address Reference Count : 1]<UL><LI> startup_stm32h723xx.o(RESET)
</UL>
<P><STRONG><a name="[89]"></a>FMAC_IRQHandler</STRONG> (Thumb, 0 bytes, Stack size 0 bytes, startup_stm32h723xx.o(.text))
<BR>[Address Reference Count : 1]<UL><LI> startup_stm32h723xx.o(RESET)
</UL>
<P><STRONG><a name="[39]"></a>FMC_IRQHandler</STRONG> (Thumb, 0 bytes, Stack size 0 bytes, startup_stm32h723xx.o(.text))
<BR>[Address Reference Count : 1]<UL><LI> startup_stm32h723xx.o(RESET)
</UL>
<P><STRONG><a name="[55]"></a>FPU_IRQHandler</STRONG> (Thumb, 0 bytes, Stack size 0 bytes, startup_stm32h723xx.o(.text))
<BR>[Address Reference Count : 1]<UL><LI> startup_stm32h723xx.o(RESET)
</UL>
<P><STRONG><a name="[72]"></a>HSEM1_IRQHandler</STRONG> (Thumb, 0 bytes, Stack size 0 bytes, startup_stm32h723xx.o(.text))
<BR>[Address Reference Count : 1]<UL><LI> startup_stm32h723xx.o(RESET)
</UL>
<P><STRONG><a name="[2a]"></a>I2C1_ER_IRQHandler</STRONG> (Thumb, 0 bytes, Stack size 0 bytes, startup_stm32h723xx.o(.text))
<BR>[Address Reference Count : 1]<UL><LI> startup_stm32h723xx.o(RESET)
</UL>
<P><STRONG><a name="[29]"></a>I2C1_EV_IRQHandler</STRONG> (Thumb, 0 bytes, Stack size 0 bytes, startup_stm32h723xx.o(.text))
<BR>[Address Reference Count : 1]<UL><LI> startup_stm32h723xx.o(RESET)
</UL>
<P><STRONG><a name="[2c]"></a>I2C2_ER_IRQHandler</STRONG> (Thumb, 0 bytes, Stack size 0 bytes, startup_stm32h723xx.o(.text))
<BR>[Address Reference Count : 1]<UL><LI> startup_stm32h723xx.o(RESET)
</UL>
<P><STRONG><a name="[2b]"></a>I2C2_EV_IRQHandler</STRONG> (Thumb, 0 bytes, Stack size 0 bytes, startup_stm32h723xx.o(.text))
<BR>[Address Reference Count : 1]<UL><LI> startup_stm32h723xx.o(RESET)
</UL>
<P><STRONG><a name="[4e]"></a>I2C3_ER_IRQHandler</STRONG> (Thumb, 0 bytes, Stack size 0 bytes, startup_stm32h723xx.o(.text))
<BR>[Address Reference Count : 1]<UL><LI> startup_stm32h723xx.o(RESET)
</UL>
<P><STRONG><a name="[4d]"></a>I2C3_EV_IRQHandler</STRONG> (Thumb, 0 bytes, Stack size 0 bytes, startup_stm32h723xx.o(.text))
<BR>[Address Reference Count : 1]<UL><LI> startup_stm32h723xx.o(RESET)
</UL>
<P><STRONG><a name="[63]"></a>I2C4_ER_IRQHandler</STRONG> (Thumb, 0 bytes, Stack size 0 bytes, startup_stm32h723xx.o(.text))
<BR>[Address Reference Count : 1]<UL><LI> startup_stm32h723xx.o(RESET)
</UL>
<P><STRONG><a name="[62]"></a>I2C4_EV_IRQHandler</STRONG> (Thumb, 0 bytes, Stack size 0 bytes, startup_stm32h723xx.o(.text))
<BR>[Address Reference Count : 1]<UL><LI> startup_stm32h723xx.o(RESET)
</UL>
<P><STRONG><a name="[8e]"></a>I2C5_ER_IRQHandler</STRONG> (Thumb, 0 bytes, Stack size 0 bytes, startup_stm32h723xx.o(.text))
<BR>[Address Reference Count : 1]<UL><LI> startup_stm32h723xx.o(RESET)
</UL>
<P><STRONG><a name="[8d]"></a>I2C5_EV_IRQHandler</STRONG> (Thumb, 0 bytes, Stack size 0 bytes, startup_stm32h723xx.o(.text))
<BR>[Address Reference Count : 1]<UL><LI> startup_stm32h723xx.o(RESET)
</UL>
<P><STRONG><a name="[60]"></a>LPTIM1_IRQHandler</STRONG> (Thumb, 0 bytes, Stack size 0 bytes, startup_stm32h723xx.o(.text))
<BR>[Address Reference Count : 1]<UL><LI> startup_stm32h723xx.o(RESET)
</UL>
<P><STRONG><a name="[7e]"></a>LPTIM2_IRQHandler</STRONG> (Thumb, 0 bytes, Stack size 0 bytes, startup_stm32h723xx.o(.text))
<BR>[Address Reference Count : 1]<UL><LI> startup_stm32h723xx.o(RESET)
</UL>
<P><STRONG><a name="[7f]"></a>LPTIM3_IRQHandler</STRONG> (Thumb, 0 bytes, Stack size 0 bytes, startup_stm32h723xx.o(.text))
<BR>[Address Reference Count : 1]<UL><LI> startup_stm32h723xx.o(RESET)
</UL>
<P><STRONG><a name="[80]"></a>LPTIM4_IRQHandler</STRONG> (Thumb, 0 bytes, Stack size 0 bytes, startup_stm32h723xx.o(.text))
<BR>[Address Reference Count : 1]<UL><LI> startup_stm32h723xx.o(RESET)
</UL>
<P><STRONG><a name="[81]"></a>LPTIM5_IRQHandler</STRONG> (Thumb, 0 bytes, Stack size 0 bytes, startup_stm32h723xx.o(.text))
<BR>[Address Reference Count : 1]<UL><LI> startup_stm32h723xx.o(RESET)
</UL>
<P><STRONG><a name="[82]"></a>LPUART1_IRQHandler</STRONG> (Thumb, 0 bytes, Stack size 0 bytes, startup_stm32h723xx.o(.text))
<BR>[Address Reference Count : 1]<UL><LI> startup_stm32h723xx.o(RESET)
</UL>
<P><STRONG><a name="[5d]"></a>LTDC_ER_IRQHandler</STRONG> (Thumb, 0 bytes, Stack size 0 bytes, startup_stm32h723xx.o(.text))
<BR>[Address Reference Count : 1]<UL><LI> startup_stm32h723xx.o(RESET)
</UL>
<P><STRONG><a name="[5c]"></a>LTDC_IRQHandler</STRONG> (Thumb, 0 bytes, Stack size 0 bytes, startup_stm32h723xx.o(.text))
<BR>[Address Reference Count : 1]<UL><LI> startup_stm32h723xx.o(RESET)
</UL>
<P><STRONG><a name="[6f]"></a>MDIOS_IRQHandler</STRONG> (Thumb, 0 bytes, Stack size 0 bytes, startup_stm32h723xx.o(.text))
<BR>[Address Reference Count : 1]<UL><LI> startup_stm32h723xx.o(RESET)
</UL>
<P><STRONG><a name="[6e]"></a>MDIOS_WKUP_IRQHandler</STRONG> (Thumb, 0 bytes, Stack size 0 bytes, startup_stm32h723xx.o(.text))
<BR>[Address Reference Count : 1]<UL><LI> startup_stm32h723xx.o(RESET)
</UL>
<P><STRONG><a name="[70]"></a>MDMA_IRQHandler</STRONG> (Thumb, 0 bytes, Stack size 0 bytes, startup_stm32h723xx.o(.text))
<BR>[Address Reference Count : 1]<UL><LI> startup_stm32h723xx.o(RESET)
</UL>
<P><STRONG><a name="[5f]"></a>OCTOSPI1_IRQHandler</STRONG> (Thumb, 0 bytes, Stack size 0 bytes, startup_stm32h723xx.o(.text))
<BR>[Address Reference Count : 1]<UL><LI> startup_stm32h723xx.o(RESET)
</UL>
<P><STRONG><a name="[88]"></a>OCTOSPI2_IRQHandler</STRONG> (Thumb, 0 bytes, Stack size 0 bytes, startup_stm32h723xx.o(.text))
<BR>[Address Reference Count : 1]<UL><LI> startup_stm32h723xx.o(RESET)
</UL>
<P><STRONG><a name="[50]"></a>OTG_HS_EP1_IN_IRQHandler</STRONG> (Thumb, 0 bytes, Stack size 0 bytes, startup_stm32h723xx.o(.text))
<BR>[Address Reference Count : 1]<UL><LI> startup_stm32h723xx.o(RESET)
</UL>
<P><STRONG><a name="[4f]"></a>OTG_HS_EP1_OUT_IRQHandler</STRONG> (Thumb, 0 bytes, Stack size 0 bytes, startup_stm32h723xx.o(.text))
<BR>[Address Reference Count : 1]<UL><LI> startup_stm32h723xx.o(RESET)
</UL>
<P><STRONG><a name="[51]"></a>OTG_HS_WKUP_IRQHandler</STRONG> (Thumb, 0 bytes, Stack size 0 bytes, startup_stm32h723xx.o(.text))
<BR>[Address Reference Count : 1]<UL><LI> startup_stm32h723xx.o(RESET)
</UL>
<P><STRONG><a name="[b]"></a>PVD_AVD_IRQHandler</STRONG> (Thumb, 0 bytes, Stack size 0 bytes, startup_stm32h723xx.o(.text))
<BR>[Address Reference Count : 1]<UL><LI> startup_stm32h723xx.o(RESET)
</UL>
<P><STRONG><a name="[f]"></a>RCC_IRQHandler</STRONG> (Thumb, 0 bytes, Stack size 0 bytes, startup_stm32h723xx.o(.text))
<BR>[Address Reference Count : 1]<UL><LI> startup_stm32h723xx.o(RESET)
</UL>
<P><STRONG><a name="[54]"></a>RNG_IRQHandler</STRONG> (Thumb, 0 bytes, Stack size 0 bytes, startup_stm32h723xx.o(.text))
<BR>[Address Reference Count : 1]<UL><LI> startup_stm32h723xx.o(RESET)
</UL>
<P><STRONG><a name="[33]"></a>RTC_Alarm_IRQHandler</STRONG> (Thumb, 0 bytes, Stack size 0 bytes, startup_stm32h723xx.o(.text))
<BR>[Address Reference Count : 1]<UL><LI> startup_stm32h723xx.o(RESET)
</UL>
<P><STRONG><a name="[d]"></a>RTC_WKUP_IRQHandler</STRONG> (Thumb, 0 bytes, Stack size 0 bytes, startup_stm32h723xx.o(.text))
<BR>[Address Reference Count : 1]<UL><LI> startup_stm32h723xx.o(RESET)
</UL>
<P><STRONG><a name="[5b]"></a>SAI1_IRQHandler</STRONG> (Thumb, 0 bytes, Stack size 0 bytes, startup_stm32h723xx.o(.text))
<BR>[Address Reference Count : 1]<UL><LI> startup_stm32h723xx.o(RESET)
</UL>
<P><STRONG><a name="[85]"></a>SAI4_IRQHandler</STRONG> (Thumb, 0 bytes, Stack size 0 bytes, startup_stm32h723xx.o(.text))
<BR>[Address Reference Count : 1]<UL><LI> startup_stm32h723xx.o(RESET)
</UL>
<P><STRONG><a name="[3a]"></a>SDMMC1_IRQHandler</STRONG> (Thumb, 0 bytes, Stack size 0 bytes, startup_stm32h723xx.o(.text))
<BR>[Address Reference Count : 1]<UL><LI> startup_stm32h723xx.o(RESET)
</UL>
<P><STRONG><a name="[71]"></a>SDMMC2_IRQHandler</STRONG> (Thumb, 0 bytes, Stack size 0 bytes, startup_stm32h723xx.o(.text))
<BR>[Address Reference Count : 1]<UL><LI> startup_stm32h723xx.o(RESET)
</UL>
<P><STRONG><a name="[64]"></a>SPDIF_RX_IRQHandler</STRONG> (Thumb, 0 bytes, Stack size 0 bytes, startup_stm32h723xx.o(.text))
<BR>[Address Reference Count : 1]<UL><LI> startup_stm32h723xx.o(RESET)
</UL>
<P><STRONG><a name="[2d]"></a>SPI1_IRQHandler</STRONG> (Thumb, 0 bytes, Stack size 0 bytes, startup_stm32h723xx.o(.text))
<BR>[Address Reference Count : 1]<UL><LI> startup_stm32h723xx.o(RESET)
</UL>
<P><STRONG><a name="[2e]"></a>SPI2_IRQHandler</STRONG> (Thumb, 0 bytes, Stack size 0 bytes, startup_stm32h723xx.o(.text))
<BR>[Address Reference Count : 1]<UL><LI> startup_stm32h723xx.o(RESET)
</UL>
<P><STRONG><a name="[3c]"></a>SPI3_IRQHandler</STRONG> (Thumb, 0 bytes, Stack size 0 bytes, startup_stm32h723xx.o(.text))
<BR>[Address Reference Count : 1]<UL><LI> startup_stm32h723xx.o(RESET)
</UL>
<P><STRONG><a name="[58]"></a>SPI4_IRQHandler</STRONG> (Thumb, 0 bytes, Stack size 0 bytes, startup_stm32h723xx.o(.text))
<BR>[Address Reference Count : 1]<UL><LI> startup_stm32h723xx.o(RESET)
</UL>
<P><STRONG><a name="[59]"></a>SPI5_IRQHandler</STRONG> (Thumb, 0 bytes, Stack size 0 bytes, startup_stm32h723xx.o(.text))
<BR>[Address Reference Count : 1]<UL><LI> startup_stm32h723xx.o(RESET)
</UL>
<P><STRONG><a name="[5a]"></a>SPI6_IRQHandler</STRONG> (Thumb, 0 bytes, Stack size 0 bytes, startup_stm32h723xx.o(.text))
<BR>[Address Reference Count : 1]<UL><LI> startup_stm32h723xx.o(RESET)
</UL>
<P><STRONG><a name="[6a]"></a>SWPMI1_IRQHandler</STRONG> (Thumb, 0 bytes, Stack size 0 bytes, startup_stm32h723xx.o(.text))
<BR>[Address Reference Count : 1]<UL><LI> startup_stm32h723xx.o(RESET)
</UL>
<P><STRONG><a name="[c]"></a>TAMP_STAMP_IRQHandler</STRONG> (Thumb, 0 bytes, Stack size 0 bytes, startup_stm32h723xx.o(.text))
<BR>[Address Reference Count : 1]<UL><LI> startup_stm32h723xx.o(RESET)
</UL>
<P><STRONG><a name="[6b]"></a>TIM15_IRQHandler</STRONG> (Thumb, 0 bytes, Stack size 0 bytes, startup_stm32h723xx.o(.text))
<BR>[Address Reference Count : 1]<UL><LI> startup_stm32h723xx.o(RESET)
</UL>
<P><STRONG><a name="[6c]"></a>TIM16_IRQHandler</STRONG> (Thumb, 0 bytes, Stack size 0 bytes, startup_stm32h723xx.o(.text))
<BR>[Address Reference Count : 1]<UL><LI> startup_stm32h723xx.o(RESET)
</UL>
<P><STRONG><a name="[6d]"></a>TIM17_IRQHandler</STRONG> (Thumb, 0 bytes, Stack size 0 bytes, startup_stm32h723xx.o(.text))
<BR>[Address Reference Count : 1]<UL><LI> startup_stm32h723xx.o(RESET)
</UL>
<P><STRONG><a name="[22]"></a>TIM1_BRK_IRQHandler</STRONG> (Thumb, 0 bytes, Stack size 0 bytes, startup_stm32h723xx.o(.text))
<BR>[Address Reference Count : 1]<UL><LI> startup_stm32h723xx.o(RESET)
</UL>
<P><STRONG><a name="[25]"></a>TIM1_CC_IRQHandler</STRONG> (Thumb, 0 bytes, Stack size 0 bytes, startup_stm32h723xx.o(.text))
<BR>[Address Reference Count : 1]<UL><LI> startup_stm32h723xx.o(RESET)
</UL>
<P><STRONG><a name="[24]"></a>TIM1_TRG_COM_IRQHandler</STRONG> (Thumb, 0 bytes, Stack size 0 bytes, startup_stm32h723xx.o(.text))
<BR>[Address Reference Count : 1]<UL><LI> startup_stm32h723xx.o(RESET)
</UL>
<P><STRONG><a name="[23]"></a>TIM1_UP_IRQHandler</STRONG> (Thumb, 0 bytes, Stack size 0 bytes, startup_stm32h723xx.o(.text))
<BR>[Address Reference Count : 1]<UL><LI> startup_stm32h723xx.o(RESET)
</UL>
<P><STRONG><a name="[91]"></a>TIM23_IRQHandler</STRONG> (Thumb, 0 bytes, Stack size 0 bytes, startup_stm32h723xx.o(.text))
<BR>[Address Reference Count : 1]<UL><LI> startup_stm32h723xx.o(RESET)
</UL>
<P><STRONG><a name="[92]"></a>TIM24_IRQHandler</STRONG> (Thumb, 0 bytes, Stack size 0 bytes, startup_stm32h723xx.o(.text))
<BR>[Address Reference Count : 1]<UL><LI> startup_stm32h723xx.o(RESET)
</UL>
<P><STRONG><a name="[27]"></a>TIM3_IRQHandler</STRONG> (Thumb, 0 bytes, Stack size 0 bytes, startup_stm32h723xx.o(.text))
<BR>[Address Reference Count : 1]<UL><LI> startup_stm32h723xx.o(RESET)
</UL>
<P><STRONG><a name="[3b]"></a>TIM5_IRQHandler</STRONG> (Thumb, 0 bytes, Stack size 0 bytes, startup_stm32h723xx.o(.text))
<BR>[Address Reference Count : 1]<UL><LI> startup_stm32h723xx.o(RESET)
</UL>
<P><STRONG><a name="[34]"></a>TIM8_BRK_TIM12_IRQHandler</STRONG> (Thumb, 0 bytes, Stack size 0 bytes, startup_stm32h723xx.o(.text))
<BR>[Address Reference Count : 1]<UL><LI> startup_stm32h723xx.o(RESET)
</UL>
<P><STRONG><a name="[37]"></a>TIM8_CC_IRQHandler</STRONG> (Thumb, 0 bytes, Stack size 0 bytes, startup_stm32h723xx.o(.text))
<BR>[Address Reference Count : 1]<UL><LI> startup_stm32h723xx.o(RESET)
</UL>
<P><STRONG><a name="[36]"></a>TIM8_TRG_COM_TIM14_IRQHandler</STRONG> (Thumb, 0 bytes, Stack size 0 bytes, startup_stm32h723xx.o(.text))
<BR>[Address Reference Count : 1]<UL><LI> startup_stm32h723xx.o(RESET)
</UL>
<P><STRONG><a name="[3d]"></a>UART4_IRQHandler</STRONG> (Thumb, 0 bytes, Stack size 0 bytes, startup_stm32h723xx.o(.text))
<BR>[Address Reference Count : 1]<UL><LI> startup_stm32h723xx.o(RESET)
</UL>
<P><STRONG><a name="[3e]"></a>UART5_IRQHandler</STRONG> (Thumb, 0 bytes, Stack size 0 bytes, startup_stm32h723xx.o(.text))
<BR>[Address Reference Count : 1]<UL><LI> startup_stm32h723xx.o(RESET)
</UL>
<P><STRONG><a name="[56]"></a>UART7_IRQHandler</STRONG> (Thumb, 0 bytes, Stack size 0 bytes, startup_stm32h723xx.o(.text))
<BR>[Address Reference Count : 1]<UL><LI> startup_stm32h723xx.o(RESET)
</UL>
<P><STRONG><a name="[8b]"></a>UART9_IRQHandler</STRONG> (Thumb, 0 bytes, Stack size 0 bytes, startup_stm32h723xx.o(.text))
<BR>[Address Reference Count : 1]<UL><LI> startup_stm32h723xx.o(RESET)
</UL>
<P><STRONG><a name="[8c]"></a>USART10_IRQHandler</STRONG> (Thumb, 0 bytes, Stack size 0 bytes, startup_stm32h723xx.o(.text))
<BR>[Address Reference Count : 1]<UL><LI> startup_stm32h723xx.o(RESET)
</UL>
<P><STRONG><a name="[87]"></a>WAKEUP_PIN_IRQHandler</STRONG> (Thumb, 0 bytes, Stack size 0 bytes, startup_stm32h723xx.o(.text))
<BR>[Address Reference Count : 1]<UL><LI> startup_stm32h723xx.o(RESET)
</UL>
<P><STRONG><a name="[a]"></a>WWDG_IRQHandler</STRONG> (Thumb, 0 bytes, Stack size 0 bytes, startup_stm32h723xx.o(.text))
<BR>[Address Reference Count : 1]<UL><LI> startup_stm32h723xx.o(RESET)
</UL>
<P><STRONG><a name="[12d]"></a>__user_initial_stackheap</STRONG> (Thumb, 0 bytes, Stack size unknown bytes, startup_stm32h723xx.o(.text))
<BR><BR>[Called By]<UL><LI><a href="#[111]">&gt;&gt;</a>&nbsp;&nbsp;&nbsp;__user_setup_stackheap
</UL>

<P><STRONG><a name="[211]"></a>__aeabi_uldivmod</STRONG> (Thumb, 0 bytes, Stack size 48 bytes, lludivv7m.o(.text))
<BR><BR>[Stack]<UL><LI>Max Depth = 48<LI>Call Chain = __aeabi_uldivmod
</UL>
<BR>[Called By]<UL><LI><a href="#[1e2]">&gt;&gt;</a>&nbsp;&nbsp;&nbsp;UART_SetConfig
</UL>

<P><STRONG><a name="[334]"></a>_ll_udiv</STRONG> (Thumb, 240 bytes, Stack size 48 bytes, lludivv7m.o(.text), UNUSED)

<P><STRONG><a name="[11b]"></a>__cxa_atexit</STRONG> (Thumb, 10 bytes, Stack size 0 bytes, cxa_atexit.o(.text))
<BR><BR>[Stack]<UL><LI>Max Depth = 72<LI>Call Chain = __cxa_atexit &rArr; __aeabi_atexit &rArr; malloc &rArr; __Heap_Full &rArr; __Heap_ProvideMemory &rArr; free
</UL>
<BR>[Calls]<UL><LI><a href="#[11c]">&gt;&gt;</a>&nbsp;&nbsp;&nbsp;__aeabi_atexit
</UL>
<BR>[Called By]<UL><LI><a href="#[eb]">&gt;&gt;</a>&nbsp;&nbsp;&nbsp;_GLOBAL__sub_I_RC_init.cpp
</UL>

[...]
</UL>
<BR>[Calls]<UL><LI><a href="#[1d7]">&gt;&gt;</a>&nbsp;&nbsp;&nbsp;HAL_UART_ErrorCallback
</UL>
<BR>[Address Reference Count : 3]<UL><LI> stm32h7xx_hal_uart.o(.text.HAL_UART_Transmit_DMA)
<LI> stm32h7xx_hal_uart.o(.text.HAL_UART_Receive_DMA)
<LI> stm32h7xx_hal_uart.o(.text.UART_Start_Receive_DMA)
</UL>
<P><STRONG><a name="[97]"></a>UART_DMAReceiveCplt</STRONG> (Thumb, 130 bytes, Stack size 0 bytes, stm32h7xx_hal_uart.o(.text.UART_DMAReceiveCplt))
<BR><BR>[Stack]<UL><LI>Max Depth = 48<LI>Call Chain = UART_DMAReceiveCplt &rArr; HAL_UARTEx_RxEventCallback &rArr; serial::UartRx::All_Uart_Rx_It_Process(__UART_HandleTypeDef*, unsigned short) &rArr; HAL_UARTEx_ReceiveToIdle_DMA &rArr; UART_Start_Receive_DMA &rArr; HAL_DMA_Start_IT &rArr; DMA_SetConfig
</UL>
<BR>[Calls]<UL><LI><a href="#[1d5]">&gt;&gt;</a>&nbsp;&nbsp;&nbsp;HAL_UARTEx_RxEventCallback
<LI><a href="#[1e7]">&gt;&gt;</a>&nbsp;&nbsp;&nbsp;HAL_UART_RxCpltCallback
</UL>
<BR>[Address Reference Count : 2]<UL><LI> stm32h7xx_hal_uart.o(.text.HAL_UART_Receive_DMA)
<LI> stm32h7xx_hal_uart.o(.text.UART_Start_Receive_DMA)
</UL>
<P><STRONG><a name="[98]"></a>UART_DMARxHalfCplt</STRONG> (Thumb, 26 bytes, Stack size 0 bytes, stm32h7xx_hal_uart.o(.text.UART_DMARxHalfCplt))
<BR><BR>[Stack]<UL><LI>Max Depth = 48<LI>Call Chain = UART_DMARxHalfCplt &rArr; HAL_UARTEx_RxEventCallback &rArr; serial::UartRx::All_Uart_Rx_It_Process(__UART_HandleTypeDef*, unsigned short) &rArr; HAL_UARTEx_ReceiveToIdle_DMA &rArr; UART_Start_Receive_DMA &rArr; HAL_DMA_Start_IT &rArr; DMA_SetConfig
</UL>
<BR>[Calls]<UL><LI><a href="#[20d]">&gt;&gt;</a>&nbsp;&nbsp;&nbsp;HAL_UART_RxHalfCpltCallback
<LI><a href="#[1d5]">&gt;&gt;</a>&nbsp;&nbsp;&nbsp;HAL_UARTEx_RxEventCallback
</UL>
<BR>[Address Reference Count : 2]<UL><LI> stm32h7xx_hal_uart.o(.text.HAL_UART_Receive_DMA)
<LI> stm32h7xx_hal_uart.o(.text.UART_Start_Receive_DMA)
</UL>
<P><STRONG><a name="[96]"></a>UART_DMAAbortOnError</STRONG> (Thumb, 12 bytes, Stack size 0 bytes, stm32h7xx_hal_uart.o(.text.UART_DMAAbortOnError))
<BR><BR>[Stack]<UL><LI>Max Depth = 48<LI>Call Chain = UART_DMAAbortOnError &rArr; HAL_UART_ErrorCallback &rArr; serial::UartRx::All_Uart_Error_It_Process(__UART_HandleTypeDef*) &rArr; HAL_UARTEx_ReceiveToIdle_DMA &rArr; UART_Start_Receive_DMA &rArr; HAL_DMA_Start_IT &rArr; DMA_SetConfig
</UL>
<BR>[Calls]<UL><LI><a href="#[1d7]">&gt;&gt;</a>&nbsp;&nbsp;&nbsp;HAL_UART_ErrorCallback
</UL>
<BR>[Address Reference Count : 1]<UL><LI> stm32h7xx_hal_uart.o(.text.HAL_UART_IRQHandler)
</UL>
<P><STRONG><a name="[2f3]"></a>prvUnlockQueue</STRONG> (Thumb, 122 bytes, Stack size 24 bytes, queue.o(.text.prvUnlockQueue))
<BR><BR>[Stack]<UL><LI>Max Depth = 40<LI>Call Chain = prvUnlockQueue &rArr; xTaskRemoveFromEventList
</UL>
<BR>[Calls]<UL><LI><a href="#[2f5]">&gt;&gt;</a>&nbsp;&nbsp;&nbsp;vTaskMissedYield
<LI><a href="#[2f4]">&gt;&gt;</a>&nbsp;&nbsp;&nbsp;xTaskRemoveFromEventList
<LI><a href="#[26e]">&gt;&gt;</a>&nbsp;&nbsp;&nbsp;vPortExitCritical
<LI><a href="#[26d]">&gt;&gt;</a>&nbsp;&nbsp;&nbsp;vPortEnterCritical
</UL>
<BR>[Called By]<UL><LI><a href="#[2f1]">&gt;&gt;</a>&nbsp;&nbsp;&nbsp;vQueueWaitForMessageRestricted
<LI><a href="#[2f2]">&gt;&gt;</a>&nbsp;&nbsp;&nbsp;xQueueReceive
<LI><a href="#[270]">&gt;&gt;</a>&nbsp;&nbsp;&nbsp;xQueueSemaphoreTake
<LI><a href="#[271]">&gt;&gt;</a>&nbsp;&nbsp;&nbsp;xQueueGenericSend
</UL>

<P><STRONG><a name="[2e5]"></a>prvAddNewTaskToReadyList</STRONG> (Thumb, 284 bytes, Stack size 32 bytes, tasks.o(.text.prvAddNewTaskToReadyList))
<BR><BR>[Stack]<UL><LI>Max Depth = 32<LI>Call Chain = prvAddNewTaskToReadyList
</UL>
<BR>[Calls]<UL><LI><a href="#[2e7]">&gt;&gt;</a>&nbsp;&nbsp;&nbsp;vListInsertEnd
<LI><a href="#[26e]">&gt;&gt;</a>&nbsp;&nbsp;&nbsp;vPortExitCritical
<LI><a href="#[26d]">&gt;&gt;</a>&nbsp;&nbsp;&nbsp;vPortEnterCritical
<LI><a href="#[2e6]">&gt;&gt;</a>&nbsp;&nbsp;&nbsp;vListInitialise
</UL>
<BR>[Called By]<UL><LI><a href="#[2e4]">&gt;&gt;</a>&nbsp;&nbsp;&nbsp;xTaskCreate
<LI><a href="#[2e3]">&gt;&gt;</a>&nbsp;&nbsp;&nbsp;xTaskCreateStatic
</UL>

<P><STRONG><a name="[a7]"></a>prvIdleTask</STRONG> (Thumb, 150 bytes, Stack size 0 bytes, tasks.o(.text.prvIdleTask))
<BR><BR>[Stack]<UL><LI>Max Depth = 96<LI>Call Chain = prvIdleTask &rArr; vPortFree &rArr; xTaskResumeAll &rArr; xTaskIncrementTick
</UL>
<BR>[Calls]<UL><LI><a href="#[2ec]">&gt;&gt;</a>&nbsp;&nbsp;&nbsp;uxListRemove
<LI><a href="#[2eb]">&gt;&gt;</a>&nbsp;&nbsp;&nbsp;vPortFree
<LI><a href="#[26e]">&gt;&gt;</a>&nbsp;&nbsp;&nbsp;vPortExitCritical
<LI><a href="#[26d]">&gt;&gt;</a>&nbsp;&nbsp;&nbsp;vPortEnterCritical
</UL>
<BR>[Address Reference Count : 1]<UL><LI> tasks.o(.text.vTaskStartScheduler)
</UL>
<P><STRONG><a name="[2e8]"></a>prvCheckForValidListAndQueue</STRONG> (Thumb, 116 bytes, Stack size 24 bytes, timers.o(.text.prvCheckForValidListAndQueue))
<BR><BR>[Stack]<UL><LI>Max Depth = 48<LI>Call Chain = prvCheckForValidListAndQueue &rArr; xQueueGenericCreateStatic
</UL>
<BR>[Calls]<UL><LI><a href="#[2ea]">&gt;&gt;</a>&nbsp;&nbsp;&nbsp;vQueueAddToRegistry
<LI><a href="#[2e9]">&gt;&gt;</a>&nbsp;&nbsp;&nbsp;xQueueGenericCreateStatic
<LI><a href="#[26e]">&gt;&gt;</a>&nbsp;&nbsp;&nbsp;vPortExitCritical
<LI><a href="#[26d]">&gt;&gt;</a>&nbsp;&nbsp;&nbsp;vPortEnterCritical
<LI><a href="#[2e6]">&gt;&gt;</a>&nbsp;&nbsp;&nbsp;vListInitialise
</UL>
<BR>[Called By]<UL><LI><a href="#[2fb]">&gt;&gt;</a>&nbsp;&nbsp;&nbsp;xTimerCreateTimerTask
</UL>

<P><STRONG><a name="[a8]"></a>prvTimerTask</STRONG> (Thumb, 698 bytes, Stack size 40 bytes, timers.o(.text.prvTimerTask))
<BR><BR>[Stack]<UL><LI>Max Depth = 232<LI>Call Chain = prvTimerTask &rArr; prvSampleTimeNow &rArr; xQueueGenericSend &rArr; xTaskResumeAll &rArr; xTaskIncrementTick
</UL>
<BR>[Calls]<UL><LI><a href="#[2ed]">&gt;&gt;</a>&nbsp;&nbsp;&nbsp;prvSampleTimeNow
<LI><a href="#[2f1]">&gt;&gt;</a>&nbsp;&nbsp;&nbsp;vQueueWaitForMessageRestricted
<LI><a href="#[2f2]">&gt;&gt;</a>&nbsp;&nbsp;&nbsp;xQueueReceive
<LI><a href="#[271]">&gt;&gt;</a>&nbsp;&nbsp;&nbsp;xQueueGenericSend
<LI><a href="#[2ec]">&gt;&gt;</a>&nbsp;&nbsp;&nbsp;uxListRemove
<LI><a href="#[2ee]">&gt;&gt;</a>&nbsp;&nbsp;&nbsp;vListInsert
<LI><a href="#[2eb]">&gt;&gt;</a>&nbsp;&nbsp;&nbsp;vPortFree
<LI><a href="#[2f0]">&gt;&gt;</a>&nbsp;&nbsp;&nbsp;xTaskResumeAll
<LI><a href="#[2ef]">&gt;&gt;</a>&nbsp;&nbsp;&nbsp;vTaskSuspendAll
<LI><a href="#[208]">&gt;&gt;</a>&nbsp;&nbsp;&nbsp;xTaskGetSchedulerState
</UL>
<BR>[Address Reference Count : 1]<UL><LI> timers.o(.text.xTimerCreateTimerTask)
</UL>
<P><STRONG><a name="[2ed]"></a>prvSampleTimeNow</STRONG> (Thumb, 230 bytes, Stack size 56 bytes, timers.o(.text.prvSampleTimeNow))
<BR><BR>[Stack]<UL><LI>Max Depth = 192<LI>Call Chain = prvSampleTimeNow &rArr; xQueueGenericSend &rArr; xTaskResumeAll &rArr; xTaskIncrementTick
</UL>
<BR>[Calls]<UL><LI><a href="#[2b3]">&gt;&gt;</a>&nbsp;&nbsp;&nbsp;xTaskGetTickCount
<LI><a href="#[271]">&gt;&gt;</a>&nbsp;&nbsp;&nbsp;xQueueGenericSend
<LI><a href="#[2ec]">&gt;&gt;</a>&nbsp;&nbsp;&nbsp;uxListRemove
<LI><a href="#[2ee]">&gt;&gt;</a>&nbsp;&nbsp;&nbsp;vListInsert
<LI><a href="#[208]">&gt;&gt;</a>&nbsp;&nbsp;&nbsp;xTaskGetSchedulerState
</UL>
<BR>[Called By]<UL><LI><a href="#[a8]">&gt;&gt;</a>&nbsp;&nbsp;&nbsp;prvTimerTask
</UL>

<P><STRONG><a name="[a6]"></a>prvTaskExitError</STRONG> (Thumb, 50 bytes, Stack size 4 bytes, port.o(.text.prvTaskExitError))
<BR><BR>[Stack]<UL><LI>Max Depth = 4<LI>Call Chain = prvTaskExitError
</UL>
<BR>[Address Reference Count : 1]<UL><LI> port.o(.text.pxPortInitialiseStack)
</UL>
<P><STRONG><a name="[2fe]"></a>vPortEnableVFP</STRONG> (Thumb, 14 bytes, Stack size 0 bytes, port.o(.text.vPortEnableVFP))
<BR><BR>[Called By]<UL><LI><a href="#[2fc]">&gt;&gt;</a>&nbsp;&nbsp;&nbsp;xPortStartScheduler
</UL>

<P><STRONG><a name="[2ff]"></a>prvPortStartFirstTask</STRONG> (Thumb, 34 bytes, Stack size 0 bytes, port.o(.text.prvPortStartFirstTask))
<BR><BR>[Called By]<UL><LI><a href="#[2fc]">&gt;&gt;</a>&nbsp;&nbsp;&nbsp;xPortStartScheduler
</UL>

<P><STRONG><a name="[f3]"></a>USBD_CDC_Init</STRONG> (Thumb, 204 bytes, Stack size 24 bytes, usbd_cdc.o(.text.USBD_CDC_Init))
<BR><BR>[Stack]<UL><LI>Max Depth = 60 + Unknown Stack Size
<LI>Call Chain = USBD_CDC_Init &rArr; USBD_LL_PrepareReceive &rArr; HAL_PCD_EP_Receive &rArr; USB_EPStartXfer
</UL>
<BR>[Calls]<UL><LI><a href="#[217]">&gt;&gt;</a>&nbsp;&nbsp;&nbsp;USBD_static_malloc
<LI><a href="#[219]">&gt;&gt;</a>&nbsp;&nbsp;&nbsp;USBD_LL_PrepareReceive
<LI><a href="#[218]">&gt;&gt;</a>&nbsp;&nbsp;&nbsp;USBD_LL_OpenEP
<LI><a href="#[20b]">&gt;&gt;</a>&nbsp;&nbsp;&nbsp;__aeabi_memclr4
</UL>
<BR>[Address Reference Count : 1]<UL><LI> usbd_cdc.o(.data.USBD_CDC)
</UL>
<P><STRONG><a name="[f4]"></a>USBD_CDC_DeInit</STRONG> (Thumb, 90 bytes, Stack size 16 bytes, usbd_cdc.o(.text.USBD_CDC_DeInit))
<BR><BR>[Stack]<UL><LI>Max Depth = 40<LI>Call Chain = USBD_CDC_DeInit &rArr; USBD_LL_CloseEP &rArr; HAL_PCD_EP_Close &rArr; USB_DeactivateEndpoint
</UL>
<BR>[Calls]<UL><LI><a href="#[215]">&gt;&gt;</a>&nbsp;&nbsp;&nbsp;USBD_static_free
<LI><a href="#[214]">&gt;&gt;</a>&nbsp;&nbsp;&nbsp;USBD_LL_CloseEP
</UL>
<BR>[Address Reference Count : 1]<UL><LI> usbd_cdc.o(.data.USBD_CDC)
</UL>
<P><STRONG><a name="[f5]"></a>USBD_CDC_Setup</STRONG> (Thumb, 208 bytes, Stack size 24 bytes, usbd_cdc.o(.text.USBD_CDC_Setup))
<BR><BR>[Stack]<UL><LI>Max Depth = 68<LI>Call Chain = USBD_CDC_Setup &rArr; USBD_CtlPrepareRx &rArr; USBD_LL_PrepareReceive &rArr; HAL_PCD_EP_Receive &rArr; USB_EPStartXfer
</UL>
<BR>[Calls]<UL><LI><a href="#[21a]">&gt;&gt;</a>&nbsp;&nbsp;&nbsp;USBD_CtlPrepareRx
<LI><a href="#[21c]">&gt;&gt;</a>&nbsp;&nbsp;&nbsp;USBD_CtlError
<LI><a href="#[21b]">&gt;&gt;</a>&nbsp;&nbsp;&nbsp;USBD_CtlSendData
</UL>
<BR>[Address Reference Count : 1]<UL><LI> usbd_cdc.o(.data.USBD_CDC)
</UL>
<P><STRONG><a name="[f6]"></a>USBD_CDC_EP0_RxReady</STRONG> (Thumb, 54 bytes, Stack size 8 bytes, usbd_cdc.o(.text.USBD_CDC_EP0_RxReady))
<BR><BR>[Stack]<UL><LI>Max Depth = 8<LI>Call Chain = USBD_CDC_EP0_RxReady
</UL>
<BR>[Address Reference Count : 1]<UL><LI> usbd_cdc.o(.data.USBD_CDC)
</UL>
<P><STRONG><a name="[f7]"></a>USBD_CDC_DataIn</STRONG> (Thumb, 114 bytes, Stack size 16 bytes, usbd_cdc.o(.text.USBD_CDC_DataIn))
<BR><BR>[Stack]<UL><LI>Max Depth = 52<LI>Call Chain = USBD_CDC_DataIn &rArr; USBD_LL_Transmit &rArr; HAL_PCD_EP_Transmit &rArr; USB_EPStartXfer
</UL>
<BR>[Calls]<UL><LI><a href="#[212]">&gt;&gt;</a>&nbsp;&nbsp;&nbsp;USBD_LL_Transmit
</UL>
<BR>[Address Reference Count : 1]<UL><LI> usbd_cdc.o(.data.USBD_CDC)
</UL>
<P><STRONG><a name="[f8]"></a>USBD_CDC_DataOut</STRONG> (Thumb, 58 bytes, Stack size 16 bytes, usbd_cdc.o(.text.USBD_CDC_DataOut))
<BR><BR>[Stack]<UL><LI>Max Depth = 16<LI>Call Chain = USBD_CDC_DataOut
</UL>
<BR>[Calls]<UL><LI><a href="#[213]">&gt;&gt;</a>&nbsp;&nbsp;&nbsp;USBD_LL_GetRxDataSize
</UL>
<BR>[Address Reference Count : 1]<UL><LI> usbd_cdc.o(.data.USBD_CDC)
</UL>
<P><STRONG><a name="[f9]"></a>USBD_CDC_GetHSCfgDesc</STRONG> (Thumb, 86 bytes, Stack size 24 bytes, usbd_cdc.o(.text.USBD_CDC_GetHSCfgDesc))
<BR><BR>[Stack]<UL><LI>Max Depth = 32<LI>Call Chain = USBD_CDC_GetHSCfgDesc &rArr; USBD_GetEpDesc
</UL>
<BR>[Calls]<UL><LI><a href="#[216]">&gt;&gt;</a>&nbsp;&nbsp;&nbsp;USBD_GetEpDesc
</UL>
<BR>[Address Reference Count : 1]<UL><LI> usbd_cdc.o(.data.USBD_CDC)
</UL>
<P><STRONG><a name="[fa]"></a>USBD_CDC_GetFSCfgDesc</STRONG> (Thumb, 82 bytes, Stack size 24 bytes, usbd_cdc.o(.text.USBD_CDC_GetFSCfgDesc))
<BR><BR>[Stack]<UL><LI>Max Depth = 32<LI>Call Chain = USBD_CDC_GetFSCfgDesc &rArr; USBD_GetEpDesc
</UL>
<BR>[Calls]<UL><LI><a href="#[216]">&gt;&gt;</a>&nbsp;&nbsp;&nbsp;USBD_GetEpDesc
</UL>
<BR>[Address Reference Count : 1]<UL><LI> usbd_cdc.o(.data.USBD_CDC)
</UL>
<P><STRONG><a name="[fb]"></a>USBD_CDC_GetOtherSpeedCfgDesc</STRONG> (Thumb, 82 bytes, Stack size 24 bytes, usbd_cdc.o(.text.USBD_CDC_GetOtherSpeedCfgDesc))
<BR><BR>[Stack]<UL><LI>Max Depth = 32<LI>Call Chain = USBD_CDC_GetOtherSpeedCfgDesc &rArr; USBD_GetEpDesc
</UL>
<BR>[Calls]<UL><LI><a href="#[216]">&gt;&gt;</a>&nbsp;&nbsp;&nbsp;USBD_GetEpDesc
</UL>
<BR>[Address Reference Count : 1]<UL><LI> usbd_cdc.o(.data.USBD_CDC)
</UL>
<P><STRONG><a name="[e6]"></a>_GLOBAL__sub_I_RC_arm.cpp</STRONG> (Thumb, 1616 bytes, Stack size 40 bytes, rc_arm.o(.text._GLOBAL__sub_I_RC_arm.cpp))
<BR><BR>[Stack]<UL><LI>Max Depth = 40 + Unknown Stack Size
<LI>Call Chain = _GLOBAL__sub_I_RC_arm.cpp
</UL>
<BR>[Calls]<UL><LI><a href="#[20b]">&gt;&gt;</a>&nbsp;&nbsp;&nbsp;__aeabi_memclr4
</UL>
<BR>[Address Reference Count : 1]<UL><LI> rc_arm.o(.init_array)
</UL>
<P><STRONG><a name="[e7]"></a>__cxx_global_var_init</STRONG> (Thumb, 272 bytes, Stack size 56 bytes, rc_map_graph.o(.text.__cxx_global_var_init))
<BR><BR>[Stack]<UL><LI>Max Depth = 112 + Unknown Stack Size
<LI>Call Chain = __cxx_global_var_init &rArr; __cxa_guard_acquire &rArr; abort_message &rArr; abort &rArr; __rt_SIGABRT &rArr; __rt_SIGABRT_inner &rArr; __default_signal_display &rArr; _ttywrch
</UL>
<BR>[Calls]<UL><LI><a href="#[297]">&gt;&gt;</a>&nbsp;&nbsp;&nbsp;arm_sub_f32
<LI><a href="#[298]">&gt;&gt;</a>&nbsp;&nbsp;&nbsp;arm_dot_prod_f32
<LI><a href="#[2db]">&gt;&gt;</a>&nbsp;&nbsp;&nbsp;__cxa_guard_release
<LI><a href="#[2da]">&gt;&gt;</a>&nbsp;&nbsp;&nbsp;__cxa_guard_acquire
</UL>
<BR>[Address Reference Count : 1]<UL><LI> rc_map_graph.o(.init_array)
</UL>
<P><STRONG><a name="[e8]"></a>__cxx_global_var_init.1</STRONG> (Thumb, 288 bytes, Stack size 48 bytes, rc_map_graph.o(.text.__cxx_global_var_init.1))
<BR><BR>[Stack]<UL><LI>Max Depth = 104 + Unknown Stack Size
<LI>Call Chain = __cxx_global_var_init.1 &rArr; __cxa_guard_acquire &rArr; abort_message &rArr; abort &rArr; __rt_SIGABRT &rArr; __rt_SIGABRT_inner &rArr; __default_signal_display &rArr; _ttywrch
</UL>
<BR>[Calls]<UL><LI><a href="#[297]">&gt;&gt;</a>&nbsp;&nbsp;&nbsp;arm_sub_f32
<LI><a href="#[298]">&gt;&gt;</a>&nbsp;&nbsp;&nbsp;arm_dot_prod_f32
<LI><a href="#[2db]">&gt;&gt;</a>&nbsp;&nbsp;&nbsp;__cxa_guard_release
<LI><a href="#[2da]">&gt;&gt;</a>&nbsp;&nbsp;&nbsp;__cxa_guard_acquire
</UL>
<BR>[Address Reference Count : 1]<UL><LI> rc_map_graph.o(.init_array)
</UL>
<P><STRONG><a name="[e9]"></a>__cxx_global_var_init.2</STRONG> (Thumb, 276 bytes, Stack size 56 bytes, rc_map_graph.o(.text.__cxx_global_var_init.2))
<BR><BR>[Stack]<UL><LI>Max Depth = 112 + Unknown Stack Size
<LI>Call Chain = __cxx_global_var_init.2 &rArr; __cxa_guard_acquire &rArr; abort_message &rArr; abort &rArr; __rt_SIGABRT &rArr; __rt_SIGABRT_inner &rArr; __default_signal_display &rArr; _ttywrch
</UL>
<BR>[Calls]<UL><LI><a href="#[297]">&gt;&gt;</a>&nbsp;&nbsp;&nbsp;arm_sub_f32
<LI><a href="#[298]">&gt;&gt;</a>&nbsp;&nbsp;&nbsp;arm_dot_prod_f32
<LI><a href="#[2db]">&gt;&gt;</a>&nbsp;&nbsp;&nbsp;__cxa_guard_release
<LI><a href="#[2da]">&gt;&gt;</a>&nbsp;&nbsp;&nbsp;__cxa_guard_acquire
</UL>
<BR>[Address Reference Count : 1]<UL><LI> rc_map_graph.o(.init_array)
</UL>
<P><STRONG><a name="[ea]"></a>__cxx_global_var_init.3</STRONG> (Thumb, 278 bytes, Stack size 56 bytes, rc_map_graph.o(.text.__cxx_global_var_init.3))
<BR><BR>[Stack]<UL><LI>Max Depth = 112 + Unknown Stack Size
<LI>Call Chain = __cxx_global_var_init.3 &rArr; __cxa_guard_acquire &rArr; abort_message &rArr; abort &rArr; __rt_SIGABRT &rArr; __rt_SIGABRT_inner &rArr; __default_signal_display &rArr; _ttywrch
</UL>
<BR>[Calls]<UL><LI><a href="#[297]">&gt;&gt;</a>&nbsp;&nbsp;&nbsp;arm_sub_f32
<LI><a href="#[298]">&gt;&gt;</a>&nbsp;&nbsp;&nbsp;arm_dot_prod_f32
<LI><a href="#[2db]">&gt;&gt;</a>&nbsp;&nbsp;&nbsp;__cxa_guard_release
<LI><a href="#[2da]">&gt;&gt;</a>&nbsp;&nbsp;&nbsp;__cxa_guard_acquire
</UL>
<BR>[Address Reference Count : 1]<UL><LI> rc_map_graph.o(.init_array)
</UL>
<P><STRONG><a name="[eb]"></a>_GLOBAL__sub_I_RC_init.cpp</STRONG> (Thumb, 1104 bytes, Stack size 88 bytes, rc_init.o(.text._GLOBAL__sub_I_RC_init.cpp))
<BR><BR>[Stack]<UL><LI>Max Depth = 416 + Unknown Stack Size
<LI>Call Chain = _GLOBAL__sub_I_RC_init.cpp &rArr; communication::Lora_communication::Lora_communication(__UART_HandleTypeDef*, __UART_HandleTypeDef*, GPIO_TypeDef*, unsigned short, GPIO_TypeDef*, unsigned short, tim::Tim*) &rArr; task::ManagedTask::ManagedTask__sub_object(char const*, unsigned char, unsigned short, task::TaskType, unsigned char) &rArr; osThreadNew &rArr; xTaskCreate &rArr; pvPortMalloc &rArr; xTaskResumeAll &rArr; xTaskIncrementTick
</UL>
<BR>[Calls]<UL><LI><a href="#[238]">&gt;&gt;</a>&nbsp;&nbsp;&nbsp;motor::M3508D::M3508D(unsigned char, can::Can&, tim::Tim*, unsigned char, can::Can&, tim::Tim*, float, motor::MotorPol, bool)
<LI><a href="#[236]">&gt;&gt;</a>&nbsp;&nbsp;&nbsp;motor::M3508::M3508(unsigned char, can::Can&, tim::Tim*, float, bool)
<LI><a href="#[237]">&gt;&gt;</a>&nbsp;&nbsp;&nbsp;motor::M2006D::M2006D(unsigned char, can::Can&, tim::Tim*, unsigned char, can::Can&, tim::Tim*, float, motor::MotorPol, bool)
<LI><a href="#[239]">&gt;&gt;</a>&nbsp;&nbsp;&nbsp;motor::M2006::M2006(unsigned char, can::Can&, tim::Tim*, float, bool)
<LI><a href="#[240]">&gt;&gt;</a>&nbsp;&nbsp;&nbsp;communication::Lora_communication::Lora_communication(__UART_HandleTypeDef*, __UART_HandleTypeDef*, GPIO_TypeDef*, unsigned short, GPIO_TypeDef*, unsigned short, tim::Tim*)
<LI><a href="#[249]">&gt;&gt;</a>&nbsp;&nbsp;&nbsp;chassis::AutoLift::AutoLift(chassis::LiftChassis&, path::TrajTrack3&, data::RobotPose&)
<LI><a href="#[243]">&gt;&gt;</a>&nbsp;&nbsp;&nbsp;chassis::LiftChassis::LiftChassis(motor::Motor&, motor::Motor&, motor::Motor&, motor::Motor&, chassis::Chassis*, path::TrajTrack3*)
<LI><a href="#[242]">&gt;&gt;</a>&nbsp;&nbsp;&nbsp;chassis::Omni4Chassis::Omni4Chassis(motor::Motor&, motor::Motor&, motor::Motor&, motor::Motor&, float, float, float, float, float, float, data::RobotPose&)
<LI><a href="#[23f]">&gt;&gt;</a>&nbsp;&nbsp;&nbsp;lidar::LiDAR::LiDAR(__UART_HandleTypeDef&)
<LI><a href="#[241]">&gt;&gt;</a>&nbsp;&nbsp;&nbsp;flysky::FlySky::FlySky(unsigned short)
<LI><a href="#[233]">&gt;&gt;</a>&nbsp;&nbsp;&nbsp;tim::Tim::Tim(TIM_HandleTypeDef&)
<LI><a href="#[24d]">&gt;&gt;</a>&nbsp;&nbsp;&nbsp;task::TaskCreator::TaskCreator(char const*, unsigned char, unsigned short, void (*)(void*), void*)
<LI><a href="#[235]">&gt;&gt;</a>&nbsp;&nbsp;&nbsp;cdc::CDC::CDC(cdc::CDCType)
<LI><a href="#[234]">&gt;&gt;</a>&nbsp;&nbsp;&nbsp;can::Can::Can(FDCAN_HandleTypeDef&)
<LI><a href="#[23b]">&gt;&gt;</a>&nbsp;&nbsp;&nbsp;data::RobotPose::RobotPose()
<LI><a href="#[23e]">&gt;&gt;</a>&nbsp;&nbsp;&nbsp;ros::BestPath::BestPath(cdc::CDC&, unsigned char)
<LI><a href="#[23c]">&gt;&gt;</a>&nbsp;&nbsp;&nbsp;ros::Radar::Radar(cdc::CDC&, unsigned char, data::RobotPose&)
<LI><a href="#[23d]">&gt;&gt;</a>&nbsp;&nbsp;&nbsp;ros::Map::Map(cdc::CDC&, unsigned char)
<LI><a href="#[24b]">&gt;&gt;</a>&nbsp;&nbsp;&nbsp;gantry::Suction::Suction(GPIO_TypeDef*, unsigned short)
<LI><a href="#[24c]">&gt;&gt;</a>&nbsp;&nbsp;&nbsp;gantry::GetKFS::GetKFS(gantry::Gantry&, gantry::Suction&, lidar::LiDAR&)
<LI><a href="#[24a]">&gt;&gt;</a>&nbsp;&nbsp;&nbsp;gantry::Gantry::Gantry(motor::Motor&, motor::Motor&, motor::Motor&, motor::JointM&)
<LI><a href="#[248]">&gt;&gt;</a>&nbsp;&nbsp;&nbsp;path::Navigation::Navigation(path::GraphPlan&)
<LI><a href="#[247]">&gt;&gt;</a>&nbsp;&nbsp;&nbsp;path::GraphPlan::GraphPlan(path::PathPlan3&)
<LI><a href="#[244]">&gt;&gt;</a>&nbsp;&nbsp;&nbsp;path::HeadCtrl::HeadCtrl(data::RobotPose&, chassis::Chassis&, float)
<LI><a href="#[246]">&gt;&gt;</a>&nbsp;&nbsp;&nbsp;path::PathPlan3::PathPlan3(path::LonConstr3, path::HeadConstr3, path::TrajTrack3&)
<LI><a href="#[245]">&gt;&gt;</a>&nbsp;&nbsp;&nbsp;path::TrajTrack3::TrajTrack3(data::RobotPose&, chassis::Chassis&, path::HeadCtrl&, float)
<LI><a href="#[23a]">&gt;&gt;</a>&nbsp;&nbsp;&nbsp;motor::DM4310::DM4310(unsigned char, can::Can&, tim::Tim*, bool, float, float, bool)
<LI><a href="#[11b]">&gt;&gt;</a>&nbsp;&nbsp;&nbsp;__cxa_atexit
</UL>
<BR>[Address Reference Count : 1]<UL><LI> rc_init.o(.init_array)
</UL><P>
<H3>
Undefined Global Symbols
</H3><HR></body></html>
