Component: Arm Compiler for Embedded 6.24 Tool: armlink [5f371500]

==============================================================================

Section Cross References

    startup_stm32f407xx.o(STACK) refers (Special) to heapauxi.o(.text) for __use_two_region_memory
    startup_stm32f407xx.o(HEAP) refers (Special) to heapauxi.o(.text) for __use_two_region_memory
    startup_stm32f407xx.o(RESET) refers (Special) to heapauxi.o(.text) for __use_two_region_memory
    startup_stm32f407xx.o(RESET) refers to startup_stm32f407xx.o(STACK) for __initial_sp
    startup_stm32f407xx.o(RESET) refers to startup_stm32f407xx.o(.text) for Reset_Handler
    startup_stm32f407xx.o(RESET) refers to stm32f4xx_it.o(.text.NMI_Handler) for NMI_Handler
    startup_stm32f407xx.o(RESET) refers to stm32f4xx_it.o(.text.HardFault_Handler) for HardFault_Handler
    startup_stm32f407xx.o(RESET) refers to stm32f4xx_it.o(.text.MemManage_Handler) for MemManage_Handler
    startup_stm32f407xx.o(RESET) refers to stm32f4xx_it.o(.text.BusFault_Handler) for BusFault_Handler
    startup_stm32f407xx.o(RESET) refers to stm32f4xx_it.o(.text.UsageFault_Handler) for UsageFault_Handler
    startup_stm32f407xx.o(RESET) refers to port.o(.text.SVC_Handler) for SVC_Handler
    startup_stm32f407xx.o(RESET) refers to stm32f4xx_it.o(.text.DebugMon_Handler) for DebugMon_Handler
    startup_stm32f407xx.o(RESET) refers to port.o(.text.PendSV_Handler) for PendSV_Handler
    startup_stm32f407xx.o(RESET) refers to cmsis_os2.o(.text.SysTick_Handler) for SysTick_Handler
    startup_stm32f407xx.o(RESET) refers to stm32f4xx_it.o(.text.DMA1_Stream1_IRQHandler) for DMA1_Stream1_IRQHandler
    startup_stm32f407xx.o(RESET) refers to stm32f4xx_it.o(.text.DMA1_Stream3_IRQHandler) for DMA1_Stream3_IRQHandler
    startup_stm32f407xx.o(RESET) refers to stm32f4xx_it.o(.text.DMA1_Stream5_IRQHandler) for DMA1_Stream5_IRQHandler
    startup_stm32f407xx.o(RESET) refers to stm32f4xx_it.o(.text.DMA1_Stream6_IRQHandler) for DMA1_Stream6_IRQHandler
    startup_stm32f407xx.o(RESET) refers to stm32f4xx_it.o(.text.TIM1_UP_TIM10_IRQHandler) for TIM1_UP_TIM10_IRQHandler
    startup_stm32f407xx.o(RESET) refers to stm32f4xx_it.o(.text.TIM2_IRQHandler) for TIM2_IRQHandler
    startup_stm32f407xx.o(RESET) refers to stm32f4xx_it.o(.text.USART2_IRQHandler) for USART2_IRQHandler
    startup_stm32f407xx.o(RESET) refers to stm32f4xx_it.o(.text.USART3_IRQHandler) for USART3_IRQHandler
    startup_stm32f407xx.o(RESET) refers to stm32f4xx_it.o(.text.EXTI15_10_IRQHandler) for EXTI15_10_IRQHandler
    startup_stm32f407xx.o(RESET) refers to stm32f4xx_it.o(.text.DMA2_Stream0_IRQHandler) for DMA2_Stream0_IRQHandler
    startup_stm32f407xx.o(RESET) refers to stm32f4xx_it.o(.text.DMA2_Stream1_IRQHandler) for DMA2_Stream1_IRQHandler
    startup_stm32f407xx.o(RESET) refers to stm32f4xx_it.o(.text.DMA2_Stream2_IRQHandler) for DMA2_Stream2_IRQHandler
    startup_stm32f407xx.o(RESET) refers to stm32f4xx_it.o(.text.DMA2_Stream6_IRQHandler) for DMA2_Stream6_IRQHandler
    startup_stm32f407xx.o(RESET) refers to stm32f4xx_it.o(.text.USART6_IRQHandler) for USART6_IRQHandler
    startup_stm32f407xx.o(.text) refers (Special) to heapauxi.o(.text) for __use_two_region_memory
    startup_stm32f407xx.o(.text) refers to system_stm32f4xx.o(.text.SystemInit) for SystemInit
    startup_stm32f407xx.o(.text) refers to __main.o(!!!main) for __main
    startup_stm32f407xx.o(.text) refers to startup_stm32f407xx.o(HEAP) for Heap_Mem
    startup_stm32f407xx.o(.text) refers to startup_stm32f407xx.o(STACK) for Stack_Mem
    main.o(.text.main) refers to stm32f4xx_hal.o(.text.HAL_Init) for HAL_Init
    main.o(.text.main) refers to main.o(.text.SystemClock_Config) for SystemClock_Config
    main.o(.text.main) refers to gpio.o(.text.MX_GPIO_Init) for MX_GPIO_Init
    main.o(.text.main) refers to dma.o(.text.MX_DMA_Init) for MX_DMA_Init
    main.o(.text.main) refers to tim.o(.text.MX_TIM1_Init) for MX_TIM1_Init
    main.o(.text.main) refers to usart.o(.text.MX_USART2_UART_Init) for MX_USART2_UART_Init
    main.o(.text.main) refers to usart.o(.text.MX_USART3_UART_Init) for MX_USART3_UART_Init
    main.o(.text.main) refers to adc.o(.text.MX_ADC1_Init) for MX_ADC1_Init
    main.o(.text.main) refers to adc.o(.text.MX_ADC2_Init) for MX_ADC2_Init
    main.o(.text.main) refers to tim.o(.text.MX_TIM3_Init) for MX_TIM3_Init
    main.o(.text.main) refers to usart.o(.text.MX_USART6_UART_Init) for MX_USART6_UART_Init
    main.o(.text.main) refers to tim.o(.bss.htim1) for htim1
    main.o(.text.main) refers to stm32f4xx_hal_tim.o(.text.HAL_TIM_Base_Start_IT) for HAL_TIM_Base_Start_IT
    main.o(.text.main) refers to cmsis_os2.o(.text.osKernelInitialize) for osKernelInitialize
    main.o(.text.main) refers to freertos.o(.text.MX_FREERTOS_Init) for MX_FREERTOS_Init
    main.o(.text.main) refers to cmsis_os2.o(.text.osKernelStart) for osKernelStart
    main.o(.ARM.exidx.text.main) refers to main.o(.text.main) for [Anonymous Symbol]
[...]
    [Anonymous Symbol]                       0x20000e00   Section        0  tasks.o(.bss.pxReadyTasksLists)
    ucHeap                                   0x2000126e   Data       15360  heap_4.o(.bss.ucHeap)
    [Anonymous Symbol]                       0x2000126e   Section        0  heap_4.o(.bss.ucHeap)
    vApplicationGetIdleTaskMemory.Idle_Stack 0x20004e74   Data         512  cmsis_os2.o(.bss.vApplicationGetIdleTaskMemory.Idle_Stack)
    [Anonymous Symbol]                       0x20004e74   Section        0  cmsis_os2.o(.bss.vApplicationGetIdleTaskMemory.Idle_Stack)
    vApplicationGetIdleTaskMemory.Idle_TCB   0x20005074   Data          92  cmsis_os2.o(.bss.vApplicationGetIdleTaskMemory.Idle_TCB)
    [Anonymous Symbol]                       0x20005074   Section        0  cmsis_os2.o(.bss.vApplicationGetIdleTaskMemory.Idle_TCB)
    vApplicationGetTimerTaskMemory.Timer_Stack 0x200050d0   Data        1024  cmsis_os2.o(.bss.vApplicationGetTimerTaskMemory.Timer_Stack)
    [Anonymous Symbol]                       0x200050d0   Section        0  cmsis_os2.o(.bss.vApplicationGetTimerTaskMemory.Timer_Stack)
    vApplicationGetTimerTaskMemory.Timer_TCB 0x200054d0   Data          92  cmsis_os2.o(.bss.vApplicationGetTimerTaskMemory.Timer_TCB)
    [Anonymous Symbol]                       0x200054d0   Section        0  cmsis_os2.o(.bss.vApplicationGetTimerTaskMemory.Timer_TCB)
    Heap_Mem                                 0x20005570   Data         512  startup_stm32f407xx.o(HEAP)
    HEAP                                     0x20005570   Section      512  startup_stm32f407xx.o(HEAP)
    Stack_Mem                                0x20005770   Data        1024  startup_stm32f407xx.o(STACK)
    STACK                                    0x20005770   Section     1024  startup_stm32f407xx.o(STACK)
    __initial_sp                             0x20005b70   Data           0  startup_stm32f407xx.o(STACK)

    Global Symbols

    Symbol Name                              Value     Ov Type        Size  Object(Section)

    BuildAttributes$$THM_ISAv4$E$P$D$K$B$S$7EM$VFPi3$EXTD16$VFPS$VFMA$PE$A:L22UL41UL21$X:L11$S22US41US21$IEEE1$IW$~IW$USESV6$~STKCKD$USESV7$~SHL$OTIME$ROPI$EBA8$UX$STANDARDLIB$REQ8$PRES8$EABIv2 0x00000000   Number         0  anon$$obj.o ABSOLUTE
    __ARM_exceptions_init                     - Undefined Weak Reference
    __alloca_initialize                       - Undefined Weak Reference
    __arm_preinit_                            - Undefined Weak Reference
    __arm_relocate_pie_                       - Undefined Weak Reference
    __cpp_initialize__aeabi_                  - Undefined Weak Reference
    __cxa_finalize                            - Undefined Weak Reference
    __rt_locale                               - Undefined Weak Reference
    __sigvec_lookup                           - Undefined Weak Reference
    _atexit_init                              - Undefined Weak Reference
    _call_atexit_fns                          - Undefined Weak Reference
    _clock_init                               - Undefined Weak Reference
    _fp_trap_init                             - Undefined Weak Reference
    _fp_trap_shutdown                         - Undefined Weak Reference
    _get_lc_collate                           - Undefined Weak Reference
    _get_lc_ctype                             - Undefined Weak Reference
    _get_lc_monetary                          - Undefined Weak Reference
    _get_lc_numeric                           - Undefined Weak Reference
    _get_lc_time                              - Undefined Weak Reference
    _getenv_init                              - Undefined Weak Reference
    _handle_redirection                       - Undefined Weak Reference
    _init_alloc                               - Undefined Weak Reference
    _init_user_alloc                          - Undefined Weak Reference
    _initio                                   - Undefined Weak Reference
    _rand_init                                - Undefined Weak Reference
    _signal_finish                            - Undefined Weak Reference
    _signal_init                              - Undefined Weak Reference
    _terminate_alloc                          - Undefined Weak Reference
    _terminate_user_alloc                     - Undefined Weak Reference
    _terminateio                              - Undefined Weak Reference
    __Vectors_Size                           0x00000188   Number         0  startup_stm32f407xx.o ABSOLUTE
    __Vectors                                0x08000000   Data           4  startup_stm32f407xx.o(RESET)
    __Vectors_End                            0x08000188   Data           0  startup_stm32f407xx.o(RESET)
    __main                                   0x08000189   Thumb Code     8  __main.o(!!!main)
    __scatterload                            0x08000191   Thumb Code     0  __scatter.o(!!!scatter)
    __scatterload_rt2                        0x08000191   Thumb Code    84  __scatter.o(!!!scatter)
    __scatterload_rt2_thumb_only             0x08000191   Thumb Code     0  __scatter.o(!!!scatter)
    __scatterload_loop                       0x0800019b   Thumb Code     0  __scatter.o(!!!scatter)
    __scatterload_copy                       0x080001ed   Thumb Code    26  __scatter_copy.o(!!handler_copy)
    __scatterload_null                       0x08000209   Thumb Code     2  __scatter.o(!!handler_null)
    __scatterload_zeroinit                   0x0800020d   Thumb Code    28  __scatter_zi.o(!!handler_zi)
    __rt_lib_init                            0x08000229   Thumb Code     0  libinit.o(.ARM.Collect$$libinit$$00000000)
    __rt_lib_init_fp_1                       0x0800022b   Thumb Code     0  libinit2.o(.ARM.Collect$$libinit$$00000001)
    __rt_lib_init_alloca_1                   0x0800022f   Thumb Code     0  libinit2.o(.ARM.Collect$$libinit$$00000030)
    __rt_lib_init_argv_1                     0x0800022f   Thumb Code     0  libinit2.o(.ARM.Collect$$libinit$$0000002E)
    __rt_lib_init_atexit_1                   0x0800022f   Thumb Code     0  libinit2.o(.ARM.Collect$$libinit$$0000001D)
    __rt_lib_init_clock_1                    0x0800022f   Thumb Code     0  libinit2.o(.ARM.Collect$$libinit$$00000023)
    __rt_lib_init_cpp_1                      0x0800022f   Thumb Code     0  libinit2.o(.ARM.Collect$$libinit$$00000034)
    __rt_lib_init_exceptions_1               0x0800022f   Thumb Code     0  libinit2.o(.ARM.Collect$$libinit$$00000032)
    __rt_lib_init_fp_trap_1                  0x0800022f   Thumb Code     0  libinit2.o(.ARM.Collect$$libinit$$00000021)
    __rt_lib_init_getenv_1                   0x0800022f   Thumb Code     0  libinit2.o(.ARM.Collect$$libinit$$00000025)
    __rt_lib_init_heap_1                     0x0800022f   Thumb Code     0  libinit2.o(.ARM.Collect$$libinit$$0000000C)
    __rt_lib_init_lc_collate_1               0x0800022f   Thumb Code     0  libinit2.o(.ARM.Collect$$libinit$$00000013)
    __rt_lib_init_lc_ctype_1                 0x0800022f   Thumb Code     0  libinit2.o(.ARM.Collect$$libinit$$00000015)
    __rt_lib_init_lc_monetary_1              0x0800022f   Thumb Code     0  libinit2.o(.ARM.Collect$$libinit$$00000017)
    __rt_lib_init_lc_numeric_1               0x0800022f   Thumb Code     0  libinit2.o(.ARM.Collect$$libinit$$00000019)
    __rt_lib_init_lc_time_1                  0x0800022f   Thumb Code     0  libinit2.o(.ARM.Collect$$libinit$$0000001B)
    __rt_lib_init_preinit_1                  0x0800022f   Thumb Code     0  libinit2.o(.ARM.Collect$$libinit$$00000006)
    __rt_lib_init_rand_1                     0x0800022f   Thumb Code     0  libinit2.o(.ARM.Collect$$libinit$$00000010)
    __rt_lib_init_relocate_pie_1             0x0800022f   Thumb Code     0  libinit2.o(.ARM.Collect$$libinit$$00000004)
    __rt_lib_init_return                     0x0800022f   Thumb Code     0  libinit2.o(.ARM.Collect$$libinit$$00000035)
    __rt_lib_init_signal_1                   0x0800022f   Thumb Code     0  libinit2.o(.ARM.Collect$$libinit$$0000001F)
    __rt_lib_init_stdio_1                    0x0800022f   Thumb Code     0  libinit2.o(.ARM.Collect$$libinit$$00000027)
    __rt_lib_init_user_alloc_1               0x0800022f   Thumb Code     0  libinit2.o(.ARM.Collect$$libinit$$0000000E)
    __rt_lib_shutdown                        0x08000231   Thumb Code     0  libshutdown.o(.ARM.Collect$$libshutdown$$00000000)
    __rt_lib_shutdown_cpp_1                  0x08000233   Thumb Code     0  libshutdown2.o(.ARM.Collect$$libshutdown$$00000002)
    __rt_lib_shutdown_fp_trap_1              0x08000233   Thumb Code     0  libshutdown2.o(.ARM.Collect$$libshutdown$$00000007)
    __rt_lib_shutdown_heap_1                 0x08000233   Thumb Code     0  libshutdown2.o(.ARM.Collect$$libshutdown$$0000000F)
    __rt_lib_shutdown_return                 0x08000233   Thumb Code     0  libshutdown2.o(.ARM.Collect$$libshutdown$$00000010)
    __rt_lib_shutdown_signal_1               0x08000233   Thumb Code     0  libshutdown2.o(.ARM.Collect$$libshutdown$$0000000A)
    __rt_lib_shutdown_stdio_1                0x08000233   Thumb Code     0  libshutdown2.o(.ARM.Collect$$libshutdown$$00000004)
    __rt_lib_shutdown_user_alloc_1           0x08000233   Thumb Code     0  libshutdown2.o(.ARM.Collect$$libshutdown$$0000000C)
    __rt_entry                               0x08000235   Thumb Code     0  __rtentry.o(.ARM.Collect$$rtentry$$00000000)
    __rt_entry_presh_1                       0x08000235   Thumb Code     0  __rtentry2.o(.ARM.Collect$$rtentry$$00000002)
    __rt_entry_sh                            0x08000235   Thumb Code     0  __rtentry4.o(.ARM.Collect$$rtentry$$00000004)
    __rt_entry_li                            0x0800023b   Thumb Code     0  __rtentry2.o(.ARM.Collect$$rtentry$$0000000A)
    __rt_entry_postsh_1                      0x0800023b   Thumb Code     0  __rtentry2.o(.ARM.Collect$$rtentry$$00000009)
    __rt_entry_main                          0x0800023f   Thumb Code     0  __rtentry2.o(.ARM.Collect$$rtentry$$0000000D)
    __rt_entry_postli_1                      0x0800023f   Thumb Code     0  __rtentry2.o(.ARM.Collect$$rtentry$$0000000C)
    __rt_exit                                0x08000247   Thumb Code     0  rtexit.o(.ARM.Collect$$rtexit$$00000000)
    __rt_exit_ls                             0x08000249   Thumb Code     0  rtexit2.o(.ARM.Collect$$rtexit$$00000003)
    __rt_exit_prels_1                        0x08000249   Thumb Code     0  rtexit2.o(.ARM.Collect$$rtexit$$00000002)
    __rt_exit_exit                           0x0800024d   Thumb Code     0  rtexit2.o(.ARM.Collect$$rtexit$$00000004)
    Reset_Handler                            0x08000255   Thumb Code     8  startup_stm32f407xx.o(.text)
    ADC_IRQHandler                           0x0800026f   Thumb Code     0  startup_stm32f407xx.o(.text)
    CAN1_RX0_IRQHandler                      0x0800026f   Thumb Code     0  startup_stm32f407xx.o(.text)
    CAN1_RX1_IRQHandler                      0x0800026f   Thumb Code     0  startup_stm32f407xx.o(.text)
    CAN1_SCE_IRQHandler                      0x0800026f   Thumb Code     0  startup_stm32f407xx.o(.text)
    CAN1_TX_IRQHandler                       0x0800026f   Thumb Code     0  startup_stm32f407xx.o(.text)
    CAN2_RX0_IRQHandler                      0x0800026f   Thumb Code     0  startup_stm32f407xx.o(.text)
    CAN2_RX1_IRQHandler                      0x0800026f   Thumb Code     0  startup_stm32f407xx.o(.text)
    CAN2_SCE_IRQHandler                      0x0800026f   Thumb Code     0  startup_stm32f407xx.o(.text)
    CAN2_TX_IRQHandler                       0x0800026f   Thumb Code     0  startup_stm32f407xx.o(.text)
    DCMI_IRQHandler                          0x0800026f   Thumb Code     0  startup_stm32f407xx.o(.text)
    DMA1_Stream0_IRQHandler                  0x0800026f   Thumb Code     0  startup_stm32f407xx.o(.text)
    DMA1_Stream2_IRQHandler                  0x0800026f   Thumb Code     0  startup_stm32f407xx.o(.text)
    DMA1_Stream4_IRQHandler                  0x0800026f   Thumb Code     0  startup_stm32f407xx.o(.text)
    DMA1_Stream7_IRQHandler                  0x0800026f   Thumb Code     0  startup_stm32f407xx.o(.text)
    DMA2_Stream3_IRQHandler                  0x0800026f   Thumb Code     0  startup_stm32f407xx.o(.text)
    DMA2_Stream4_IRQHandler                  0x0800026f   Thumb Code     0  startup_stm32f407xx.o(.text)
    DMA2_Stream5_IRQHandler                  0x0800026f   Thumb Code     0  startup_stm32f407xx.o(.text)
    DMA2_Stream7_IRQHandler                  0x0800026f   Thumb Code     0  startup_stm32f407xx.o(.text)
    ETH_IRQHandler                           0x0800026f   Thumb Code     0  startup_stm32f407xx.o(.text)
    ETH_WKUP_IRQHandler                      0x0800026f   Thumb Code     0  startup_stm32f407xx.o(.text)
    EXTI0_IRQHandler                         0x0800026f   Thumb Code     0  startup_stm32f407xx.o(.text)
    EXTI1_IRQHandler                         0x0800026f   Thumb Code     0  startup_stm32f407xx.o(.text)
    EXTI2_IRQHandler                         0x0800026f   Thumb Code     0  startup_stm32f407xx.o(.text)
    EXTI3_IRQHandler                         0x0800026f   Thumb Code     0  startup_stm32f407xx.o(.text)
    EXTI4_IRQHandler                         0x0800026f   Thumb Code     0  startup_stm32f407xx.o(.text)
    EXTI9_5_IRQHandler                       0x0800026f   Thumb Code     0  startup_stm32f407xx.o(.text)
    FLASH_IRQHandler                         0x0800026f   Thumb Code     0  startup_stm32f407xx.o(.text)
    FMC_IRQHandler                           0x0800026f   Thumb Code     0  startup_stm32f407xx.o(.text)
    FPU_IRQHandler                           0x0800026f   Thumb Code     0  startup_stm32f407xx.o(.text)
    HASH_RNG_IRQHandler                      0x0800026f   Thumb Code     0  startup_stm32f407xx.o(.text)
    I2C1_ER_IRQHandler                       0x0800026f   Thumb Code     0  startup_stm32f407xx.o(.text)
    I2C1_EV_IRQHandler                       0x0800026f   Thumb Code     0  startup_stm32f407xx.o(.text)
    I2C2_ER_IRQHandler                       0x0800026f   Thumb Code     0  startup_stm32f407xx.o(.text)
    I2C2_EV_IRQHandler                       0x0800026f   Thumb Code     0  startup_stm32f407xx.o(.text)
    I2C3_ER_IRQHandler                       0x0800026f   Thumb Code     0  startup_stm32f407xx.o(.text)
    I2C3_EV_IRQHandler                       0x0800026f   Thumb Code     0  startup_stm32f407xx.o(.text)
    OTG_FS_IRQHandler                        0x0800026f   Thumb Code     0  startup_stm32f407xx.o(.text)
    OTG_FS_WKUP_IRQHandler                   0x0800026f   Thumb Code     0  startup_stm32f407xx.o(.text)
    OTG_HS_EP1_IN_IRQHandler                 0x0800026f   Thumb Code     0  startup_stm32f407xx.o(.text)
    OTG_HS_EP1_OUT_IRQHandler                0x0800026f   Thumb Code     0  startup_stm32f407xx.o(.text)
    OTG_HS_IRQHandler                        0x0800026f   Thumb Code     0  startup_stm32f407xx.o(.text)
    OTG_HS_WKUP_IRQHandler                   0x0800026f   Thumb Code     0  startup_stm32f407xx.o(.text)
    PVD_IRQHandler                           0x0800026f   Thumb Code     0  startup_stm32f407xx.o(.text)
    RCC_IRQHandler                           0x0800026f   Thumb Code     0  startup_stm32f407xx.o(.text)
    RTC_Alarm_IRQHandler                     0x0800026f   Thumb Code     0  startup_stm32f407xx.o(.text)
    RTC_WKUP_IRQHandler                      0x0800026f   Thumb Code     0  startup_stm32f407xx.o(.text)
    SDIO_IRQHandler                          0x0800026f   Thumb Code     0  startup_stm32f407xx.o(.text)
    SPI1_IRQHandler                          0x0800026f   Thumb Code     0  startup_stm32f407xx.o(.text)
    SPI2_IRQHandler                          0x0800026f   Thumb Code     0  startup_stm32f407xx.o(.text)
    SPI3_IRQHandler                          0x0800026f   Thumb Code     0  startup_stm32f407xx.o(.text)
    TAMP_STAMP_IRQHandler                    0x0800026f   Thumb Code     0  startup_stm32f407xx.o(.text)
    TIM1_BRK_TIM9_IRQHandler                 0x0800026f   Thumb Code     0  startup_stm32f407xx.o(.text)
    TIM1_CC_IRQHandler                       0x0800026f   Thumb Code     0  startup_stm32f407xx.o(.text)
    TIM1_TRG_COM_TIM11_IRQHandler            0x0800026f   Thumb Code     0  startup_stm32f407xx.o(.text)
    TIM3_IRQHandler                          0x0800026f   Thumb Code     0  startup_stm32f407xx.o(.text)
    TIM4_IRQHandler                          0x0800026f   Thumb Code     0  startup_stm32f407xx.o(.text)
    TIM5_IRQHandler                          0x0800026f   Thumb Code     0  startup_stm32f407xx.o(.text)
    TIM6_DAC_IRQHandler                      0x0800026f   Thumb Code     0  startup_stm32f407xx.o(.text)
    TIM7_IRQHandler                          0x0800026f   Thumb Code     0  startup_stm32f407xx.o(.text)
    TIM8_BRK_TIM12_IRQHandler                0x0800026f   Thumb Code     0  startup_stm32f407xx.o(.text)
    TIM8_CC_IRQHandler                       0x0800026f   Thumb Code     0  startup_stm32f407xx.o(.text)
    TIM8_TRG_COM_TIM14_IRQHandler            0x0800026f   Thumb Code     0  startup_stm32f407xx.o(.text)
    TIM8_UP_TIM13_IRQHandler                 0x0800026f   Thumb Code     0  startup_stm32f407xx.o(.text)
    UART4_IRQHandler                         0x0800026f   Thumb Code     0  startup_stm32f407xx.o(.text)
    UART5_IRQHandler                         0x0800026f   Thumb Code     0  startup_stm32f407xx.o(.text)
    USART1_IRQHandler                        0x0800026f   Thumb Code     0  startup_stm32f407xx.o(.text)
    WWDG_IRQHandler                          0x0800026f   Thumb Code     0  startup_stm32f407xx.o(.text)
    __user_initial_stackheap                 0x08000271   Thumb Code     0  startup_stm32f407xx.o(.text)
    __aeabi_uldivmod                         0x08000295   Thumb Code     0  lludivv7m.o(.text)
    _ll_udiv                                 0x08000295   Thumb Code   240  lludivv7m.o(.text)
    __aeabi_memcpy                           0x08000385   Thumb Code     0  rt_memcpy_v6.o(.text)
    __rt_memcpy                              0x08000385   Thumb Code   138  rt_memcpy_v6.o(.text)
    _memcpy_lastbytes                        0x080003eb   Thumb Code     0  rt_memcpy_v6.o(.text)
    __aeabi_memset4                          0x0800040f   Thumb Code    16  aeabi_memset4.o(.text)
    __aeabi_memset8                          0x0800040f   Thumb Code     0  aeabi_memset4.o(.text)
    __aeabi_memclr4                          0x0800041f   Thumb Code     0  rt_memclr_w.o(.text)
    __aeabi_memclr8                          0x0800041f   Thumb Code     0  rt_memclr_w.o(.text)
    __rt_memclr_w                            0x0800041f   Thumb Code     0  rt_memclr_w.o(.text)
    _memset_w                                0x08000423   Thumb Code    74  rt_memclr_w.o(.text)
    __use_two_region_memory                  0x0800046d   Thumb Code     2  heapauxi.o(.text)
    __rt_heap_escrow$2region                 0x0800046f   Thumb Code     2  heapauxi.o(.text)
    __rt_heap_expand$2region                 0x08000471   Thumb Code     2  heapauxi.o(.text)
    __aeabi_memcpy4                          0x08000473   Thumb Code     0  rt_memcpy_w.o(.text)
    __aeabi_memcpy8                          0x08000473   Thumb Code     0  rt_memcpy_w.o(.text)
    __rt_memcpy_w                            0x08000473   Thumb Code   100  rt_memcpy_w.o(.text)
    _memcpy_lastbytes_aligned                0x080004bb   Thumb Code     0  rt_memcpy_w.o(.text)
    __user_setup_stackheap                   0x080004d7   Thumb Code    74  sys_stackheap_outer.o(.text)
    exit                                     0x08000521   Thumb Code    18  exit.o(.text)
    __user_libspace                          0x08000535   Thumb Code     8  libspace.o(.text)
    __user_perproc_libspace                  0x08000535   Thumb Code     0  libspace.o(.text)
    __user_perthread_libspace                0x08000535   Thumb Code     0  libspace.o(.text)
    _sys_exit                                0x0800053d   Thumb Code     8  sys_exit.o(.text)
    __I$use$semihosting                      0x08000549   Thumb Code     0  use_no_semi.o(.text)
    __use_no_semihosting_swi                 0x08000549   Thumb Code     2  use_no_semi.o(.text)
    __semihosting_library_function           0x0800054b   Thumb Code     0  indicate_semi.o(.text)
    BusFault_Handler                         0x080005d9   Thumb Code     2  stm32f4xx_it.o(.text.BusFault_Handler)
    Button_Task_Init                         0x080005dd   Thumb Code   134  gpio_button.o(.text.Button_Task_Init)
    Button_Task_Loop                         0x08000665   Thumb Code   262  gpio_button.o(.text.Button_Task_Loop)
    Button_task                              0x0800076d   Thumb Code    48  freertos.o(.text.Button_task)
    Comm_Timer_Callback_Wrapper              0x0800079d   Thumb Code   914  communication.o(.text.Comm_Timer_Callback_Wrapper)
    Comm_UartError_Callback_Wrapper          0x08000b31   Thumb Code    38  communication.o(.text.Comm_UartError_Callback_Wrapper)
    Comm_UartRx_Callback_Wrapper             0x08000b59   Thumb Code   430  communication.o(.text.Comm_UartRx_Callback_Wrapper)
    Communication_SendSettingFrame           0x08000d09   Thumb Code   498  communication.o(.text.Communication_SendSettingFrame)
    Communication_Task_Init                  0x08000efd   Thumb Code   120  communication.o(.text.Communication_Task_Init)
    Communication_Task_Loop                  0x08000f75   Thumb Code   438  communication.o(.text.Communication_Task_Loop)
    DMA1_Stream1_IRQHandler                  0x0800112d   Thumb Code    12  stm32f4xx_it.o(.text.DMA1_Stream1_IRQHandler)
    DMA1_Stream3_IRQHandler                  0x08001139   Thumb Code    12  stm32f4xx_it.o(.text.DMA1_Stream3_IRQHandler)
    DMA1_Stream5_IRQHandler                  0x08001145   Thumb Code    12  stm32f4xx_it.o(.text.DMA1_Stream5_IRQHandler)
    DMA1_Stream6_IRQHandler                  0x08001151   Thumb Code    12  stm32f4xx_it.o(.text.DMA1_Stream6_IRQHandler)
    DMA2_Stream0_IRQHandler                  0x0800115d   Thumb Code    12  stm32f4xx_it.o(.text.DMA2_Stream0_IRQHandler)
    DMA2_Stream1_IRQHandler                  0x08001169   Thumb Code    12  stm32f4xx_it.o(.text.DMA2_Stream1_IRQHandler)
    DMA2_Stream2_IRQHandler                  0x08001175   Thumb Code    12  stm32f4xx_it.o(.text.DMA2_Stream2_IRQHandler)
    DMA2_Stream6_IRQHandler                  0x08001181   Thumb Code    12  stm32f4xx_it.o(.text.DMA2_Stream6_IRQHandler)
    DebugMon_Handler                         0x0800118d   Thumb Code     2  stm32f4xx_it.o(.text.DebugMon_Handler)
    Display_task                             0x08001191   Thumb Code    24  freertos.o(.text.Display_task)
    EXTI15_10_IRQHandler                     0x080011a9   Thumb Code    22  stm32f4xx_it.o(.text.EXTI15_10_IRQHandler)
    Error_Handler                            0x080011c1   Thumb Code     6  main.o(.text.Error_Handler)
    HAL_ADC_ConfigChannel                    0x080011c9   Thumb Code   316  stm32f4xx_hal_adc.o(.text.HAL_ADC_ConfigChannel)
    HAL_ADC_ConvCpltCallback                 0x08001305   Thumb Code    18  main.o(.text.HAL_ADC_ConvCpltCallback)
    HAL_ADC_ConvHalfCpltCallback             0x08001319   Thumb Code     2  stm32f4xx_hal_adc.o(.text.HAL_ADC_ConvHalfCpltCallback)
    HAL_ADC_ErrorCallback                    0x0800131d   Thumb Code     2  stm32f4xx_hal_adc.o(.text.HAL_ADC_ErrorCallback)
    HAL_ADC_Init                             0x08001321   Thumb Code   348  stm32f4xx_hal_adc.o(.text.HAL_ADC_Init)
    HAL_ADC_MspInit                          0x0800147d   Thumb Code   318  adc.o(.text.HAL_ADC_MspInit)
    HAL_ADC_Start_DMA                        0x080015bd   Thumb Code   416  stm32f4xx_hal_adc.o(.text.HAL_ADC_Start_DMA)
    HAL_DMA_Abort                            0x0800175d   Thumb Code   142  stm32f4xx_hal_dma.o(.text.HAL_DMA_Abort)
    HAL_DMA_Abort_IT                         0x080017ed   Thumb Code    36  stm32f4xx_hal_dma.o(.text.HAL_DMA_Abort_IT)
    HAL_DMA_IRQHandler                       0x08001811   Thumb Code   452  stm32f4xx_hal_dma.o(.text.HAL_DMA_IRQHandler)
    HAL_DMA_Init                             0x080019d5   Thumb Code   354  stm32f4xx_hal_dma.o(.text.HAL_DMA_Init)
    HAL_DMA_Start_IT                         0x08001b39   Thumb Code   162  stm32f4xx_hal_dma.o(.text.HAL_DMA_Start_IT)
    HAL_GPIO_EXTI_Callback                   0x08001bdd   Thumb Code   114  main.o(.text.HAL_GPIO_EXTI_Callback)
    HAL_GPIO_EXTI_IRQHandler                 0x08001c51   Thumb Code    22  stm32f4xx_hal_gpio.o(.text.HAL_GPIO_EXTI_IRQHandler)
    HAL_GPIO_Init                            0x08001c69   Thumb Code   414  stm32f4xx_hal_gpio.o(.text.HAL_GPIO_Init)
    HAL_GPIO_ReadPin                         0x08001e09   Thumb Code    10  stm32f4xx_hal_gpio.o(.text.HAL_GPIO_ReadPin)
    HAL_GPIO_WritePin                        0x08001e15   Thumb Code    10  stm32f4xx_hal_gpio.o(.text.HAL_GPIO_WritePin)
    HAL_GetTick                              0x08001e21   Thumb Code    12  stm32f4xx_hal.o(.text.HAL_GetTick)
    HAL_IncTick                              0x08001e2d   Thumb Code    26  stm32f4xx_hal.o(.text.HAL_IncTick)
    HAL_Init                                 0x08001e49   Thumb Code    54  stm32f4xx_hal.o(.text.HAL_Init)
    HAL_InitTick                             0x08001e81   Thumb Code   174  stm32f4xx_hal_timebase_tim.o(.text.HAL_InitTick)
    HAL_MspInit                              0x08001f31   Thumb Code    66  stm32f4xx_hal_msp.o(.text.HAL_MspInit)
    HAL_NVIC_EnableIRQ                       0x08001f75   Thumb Code    34  stm32f4xx_hal_cortex.o(.text.HAL_NVIC_EnableIRQ)
    HAL_NVIC_SetPriority                     0x08001f99   Thumb Code    86  stm32f4xx_hal_cortex.o(.text.HAL_NVIC_SetPriority)
    HAL_NVIC_SetPriorityGrouping             0x08001ff1   Thumb Code    32  stm32f4xx_hal_cortex.o(.text.HAL_NVIC_SetPriorityGrouping)
    HAL_RCC_ClockConfig                      0x08002011   Thumb Code   356  stm32f4xx_hal_rcc.o(.text.HAL_RCC_ClockConfig)
    HAL_RCC_GetClockConfig                   0x08002175   Thumb Code    62  stm32f4xx_hal_rcc.o(.text.HAL_RCC_GetClockConfig)
    HAL_RCC_GetPCLK1Freq                     0x080021b5   Thumb Code    38  stm32f4xx_hal_rcc.o(.text.HAL_RCC_GetPCLK1Freq)
    HAL_RCC_GetPCLK2Freq                     0x080021dd   Thumb Code    38  stm32f4xx_hal_rcc.o(.text.HAL_RCC_GetPCLK2Freq)
    HAL_RCC_GetSysClockFreq                  0x08002205   Thumb Code   112  stm32f4xx_hal_rcc.o(.text.HAL_RCC_GetSysClockFreq)
    HAL_RCC_OscConfig                        0x08002275   Thumb Code   940  stm32f4xx_hal_rcc.o(.text.HAL_RCC_OscConfig)
    HAL_TIMEx_BreakCallback                  0x08002621   Thumb Code     2  stm32f4xx_hal_tim_ex.o(.text.HAL_TIMEx_BreakCallback)
    HAL_TIMEx_CommutCallback                 0x08002625   Thumb Code     2  stm32f4xx_hal_tim_ex.o(.text.HAL_TIMEx_CommutCallback)
    HAL_TIMEx_MasterConfigSynchronization    0x08002629   Thumb Code   186  stm32f4xx_hal_tim_ex.o(.text.HAL_TIMEx_MasterConfigSynchronization)
    HAL_TIM_Base_Init                        0x080026e5   Thumb Code    90  stm32f4xx_hal_tim.o(.text.HAL_TIM_Base_Init)
    HAL_TIM_Base_MspInit                     0x08002741   Thumb Code    70  tim.o(.text.HAL_TIM_Base_MspInit)
    HAL_TIM_Base_Start_IT                    0x08002789   Thumb Code   170  stm32f4xx_hal_tim.o(.text.HAL_TIM_Base_Start_IT)
    HAL_TIM_ConfigClockSource                0x08002835   Thumb Code   416  stm32f4xx_hal_tim.o(.text.HAL_TIM_ConfigClockSource)
    HAL_TIM_IC_CaptureCallback               0x080029d5   Thumb Code     2  stm32f4xx_hal_tim.o(.text.HAL_TIM_IC_CaptureCallback)
    HAL_TIM_IRQHandler                       0x080029d9   Thumb Code   334  stm32f4xx_hal_tim.o(.text.HAL_TIM_IRQHandler)
    HAL_TIM_OC_DelayElapsedCallback          0x08002b29   Thumb Code     2  stm32f4xx_hal_tim.o(.text.HAL_TIM_OC_DelayElapsedCallback)
    HAL_TIM_PWM_ConfigChannel                0x08002b2d   Thumb Code   544  stm32f4xx_hal_tim.o(.text.HAL_TIM_PWM_ConfigChannel)
    HAL_TIM_PWM_Init                         0x08002d4d   Thumb Code    90  stm32f4xx_hal_tim.o(.text.HAL_TIM_PWM_Init)
    HAL_TIM_PWM_MspInit                      0x08002da9   Thumb Code    52  tim.o(.text.HAL_TIM_PWM_MspInit)
    HAL_TIM_PWM_PulseFinishedCallback        0x08002ddd   Thumb Code     2  stm32f4xx_hal_tim.o(.text.HAL_TIM_PWM_PulseFinishedCallback)
    HAL_TIM_PWM_Start                        0x08002de1   Thumb Code   270  stm32f4xx_hal_tim.o(.text.HAL_TIM_PWM_Start)
    HAL_TIM_PeriodElapsedCallback            0x08002ef1   Thumb Code    56  main.o(.text.HAL_TIM_PeriodElapsedCallback)
    HAL_TIM_TriggerCallback                  0x08002f29   Thumb Code     2  stm32f4xx_hal_tim.o(.text.HAL_TIM_TriggerCallback)
    HAL_UARTEx_ReceiveToIdle_DMA             0x08002f2d   Thumb Code   494  stm32f4xx_hal_uart.o(.text.HAL_UARTEx_ReceiveToIdle_DMA)
    HAL_UARTEx_RxEventCallback               0x0800311d   Thumb Code    22  main.o(.text.HAL_UARTEx_RxEventCallback)
    HAL_UART_ErrorCallback                   0x08003135   Thumb Code    18  main.o(.text.HAL_UART_ErrorCallback)
    HAL_UART_IRQHandler                      0x08003149   Thumb Code  1428  stm32f4xx_hal_uart.o(.text.HAL_UART_IRQHandler)
    HAL_UART_Init                            0x080036dd   Thumb Code    96  stm32f4xx_hal_uart.o(.text.HAL_UART_Init)
    HAL_UART_MspInit                         0x0800373d   Thumb Code   698  usart.o(.text.HAL_UART_MspInit)
    HAL_UART_RxCpltCallback                  0x080039f9   Thumb Code     2  stm32f4xx_hal_uart.o(.text.HAL_UART_RxCpltCallback)
    HAL_UART_RxHalfCpltCallback              0x080039fd   Thumb Code     2  stm32f4xx_hal_uart.o(.text.HAL_UART_RxHalfCpltCallback)
    HAL_UART_Transmit_DMA                    0x08003a01   Thumb Code   212  stm32f4xx_hal_uart.o(.text.HAL_UART_Transmit_DMA)
    HAL_UART_TxCpltCallback                  0x08003ad5   Thumb Code     4  main.o(.text.HAL_UART_TxCpltCallback)
    HAL_UART_TxHalfCpltCallback              0x08003ad9   Thumb Code     2  stm32f4xx_hal_uart.o(.text.HAL_UART_TxHalfCpltCallback)
    HMI_SendDataFrame                        0x08003add   Thumb Code  1110  tjc_huart_hmi.o(.text.HMI_SendDataFrame)
    HMI_SendSettingFrame                     0x08003f35   Thumb Code   778  tjc_huart_hmi.o(.text.HMI_SendSettingFrame)
    HMI_Task_Init                            0x08004241   Thumb Code    38  tjc_huart_hmi.o(.text.HMI_Task_Init)
    HMI_Task_Loop                            0x08004269   Thumb Code  1058  tjc_huart_hmi.o(.text.HMI_Task_Loop)
    HMI_UartError_Callback_Wrapper           0x0800468d   Thumb Code    26  tjc_huart_hmi.o(.text.HMI_UartError_Callback_Wrapper)
    HMI_UartRx_Callback_Wrapper              0x080046a9   Thumb Code   416  tjc_huart_hmi.o(.text.HMI_UartRx_Callback_Wrapper)
    HMI_UartTxCplt_Callback_Wrapper          0x08004849   Thumb Code   462  tjc_huart_hmi.o(.text.HMI_UartTxCplt_Callback_Wrapper)
    HardFault_Handler                        0x08004a19   Thumb Code     2  stm32f4xx_it.o(.text.HardFault_Handler)
    JOY_AdcConvCplt_Callback_Wrapper         0x08004a1d   Thumb Code    34  joystick.o(.text.JOY_AdcConvCplt_Callback_Wrapper)
    Joystick_Task_Init                       0x08004a41   Thumb Code    44  joystick.o(.text.Joystick_Task_Init)
    Joystick_Task_Loop                       0x08004a6d   Thumb Code     2  joystick.o(.text.Joystick_Task_Loop)
    KEY_AdcConvCplt_Callback_Wrapper         0x08004a71   Thumb Code   130  adc_switch.o(.text.KEY_AdcConvCplt_Callback_Wrapper)
    Key_Task_Init                            0x08004af5   Thumb Code    18  adc_switch.o(.text.Key_Task_Init)
    Key_Task_Loop                            0x08004b09   Thumb Code     2  adc_switch.o(.text.Key_Task_Loop)
    MX_ADC1_Init                             0x08004b0d   Thumb Code   142  adc.o(.text.MX_ADC1_Init)
    MX_ADC2_Init                             0x08004b9d   Thumb Code   204  adc.o(.text.MX_ADC2_Init)
    MX_DMA_Init                              0x08004c69   Thumb Code   188  dma.o(.text.MX_DMA_Init)
    MX_FREERTOS_Init                         0x08004d25   Thumb Code   132  freertos.o(.text.MX_FREERTOS_Init)
    MX_GPIO_Init                             0x08004da9   Thumb Code   336  gpio.o(.text.MX_GPIO_Init)
    MX_TIM1_Init                             0x08004ef9   Thumb Code   118  tim.o(.text.MX_TIM1_Init)
    MX_TIM3_Init                             0x08004f71   Thumb Code   126  tim.o(.text.MX_TIM3_Init)
    MX_USART2_UART_Init                      0x08004ff1   Thumb Code    60  usart.o(.text.MX_USART2_UART_Init)
    MX_USART3_UART_Init                      0x0800502d   Thumb Code    60  usart.o(.text.MX_USART3_UART_Init)
    MX_USART6_UART_Init                      0x08005069   Thumb Code    60  usart.o(.text.MX_USART6_UART_Init)
    MemManage_Handler                        0x080050a5   Thumb Code     2  stm32f4xx_it.o(.text.MemManage_Handler)
    NMI_Handler                              0x080050a9   Thumb Code     2  stm32f4xx_it.o(.text.NMI_Handler)
    PendSV_Handler                           0x080050b1   Thumb Code   100  port.o(.text.PendSV_Handler)
    RXComunication_task                      0x08005115   Thumb Code    32  freertos.o(.text.RXComunication_task)
    SVC_Handler                              0x08005141   Thumb Code    36  port.o(.text.SVC_Handler)
    StartDefaultTask                         0x08005165   Thumb Code     8  freertos.o(.text.StartDefaultTask)
    SysTick_Handler                          0x0800516d   Thumb Code    30  cmsis_os2.o(.text.SysTick_Handler)
    SystemClock_Config                       0x0800518d   Thumb Code   168  main.o(.text.SystemClock_Config)
    SystemInit                               0x08005235   Thumb Code    18  system_stm32f4xx.o(.text.SystemInit)
    TIM1_UP_TIM10_IRQHandler                 0x08005249   Thumb Code    12  stm32f4xx_it.o(.text.TIM1_UP_TIM10_IRQHandler)
    TIM2_IRQHandler                          0x08005255   Thumb Code    12  stm32f4xx_it.o(.text.TIM2_IRQHandler)
    TIM_Base_SetConfig                       0x08005261   Thumb Code   314  stm32f4xx_hal_tim.o(.text.TIM_Base_SetConfig)
    TxBufferToDMA                            0x0800539d   Thumb Code   478  communication.o(.text.TxBufferToDMA)
    TxBufferToDMA_task                       0x0800557d   Thumb Code    74  freertos.o(.text.TxBufferToDMA_task)
    USART2_IRQHandler                        0x08005b69   Thumb Code    12  stm32f4xx_it.o(.text.USART2_IRQHandler)
    USART3_IRQHandler                        0x08005b75   Thumb Code    12  stm32f4xx_it.o(.text.USART3_IRQHandler)
    USART6_IRQHandler                        0x08005b81   Thumb Code    12  stm32f4xx_it.o(.text.USART6_IRQHandler)
    UsageFault_Handler                       0x08005b8d   Thumb Code     2  stm32f4xx_it.o(.text.UsageFault_Handler)
    main                                     0x08005b91   Thumb Code    70  main.o(.text.main)
    osDelay                                  0x08005bd9   Thumb Code    32  cmsis_os2.o(.text.osDelay)
    osKernelInitialize                       0x08005bf9   Thumb Code    40  cmsis_os2.o(.text.osKernelInitialize)
    osKernelStart                            0x08005c21   Thumb Code    60  cmsis_os2.o(.text.osKernelStart)
    osThreadNew                              0x08005c5d   Thumb Code   148  cmsis_os2.o(.text.osThreadNew)
    pvPortMalloc                             0x08006561   Thumb Code   488  heap_4.o(.text.pvPortMalloc)
    pxPortInitialiseStack                    0x08006749   Thumb Code    36  port.o(.text.pxPortInitialiseStack)
    ulTaskNotifyTake                         0x0800676d   Thumb Code   172  tasks.o(.text.ulTaskNotifyTake)
    uxListRemove                             0x08006819   Thumb Code    34  list.o(.text.uxListRemove)
    vApplicationGetIdleTaskMemory            0x0800683d   Thumb Code    26  cmsis_os2.o(.text.vApplicationGetIdleTaskMemory)
    vApplicationGetTimerTaskMemory           0x08006859   Thumb Code    28  cmsis_os2.o(.text.vApplicationGetTimerTaskMemory)
    vListInitialise                          0x08006875   Thumb Code    22  list.o(.text.vListInitialise)
    vListInitialiseItem                      0x0800688d   Thumb Code     6  list.o(.text.vListInitialiseItem)
    vListInsert                              0x08006895   Thumb Code    98  list.o(.text.vListInsert)
    vListInsertEnd                           0x080068f9   Thumb Code    26  list.o(.text.vListInsertEnd)
    vPortEnterCritical                       0x08006929   Thumb Code    70  port.o(.text.vPortEnterCritical)
    vPortExitCritical                        0x08006971   Thumb Code    46  port.o(.text.vPortExitCritical)
    vPortFree                                0x080069a1   Thumb Code   222  heap_4.o(.text.vPortFree)
    vPortSetupTimerInterrupt                 0x08006a81   Thumb Code    52  port.o(.text.vPortSetupTimerInterrupt)
    vPortValidateInterruptPriority           0x08006ab5   Thumb Code    94  port.o(.text.vPortValidateInterruptPriority)
    vQueueAddToRegistry                      0x08006b15   Thumb Code    88  queue.o(.text.vQueueAddToRegistry)
    vQueueWaitForMessageRestricted           0x08006b6d   Thumb Code    82  queue.o(.text.vQueueWaitForMessageRestricted)
    vTaskDelay                               0x08006bc1   Thumb Code   128  tasks.o(.text.vTaskDelay)
    vTaskInternalSetTimeOutState             0x08006c41   Thumb Code    18  tasks.o(.text.vTaskInternalSetTimeOutState)
    vTaskMissedYield                         0x08006c55   Thumb Code    14  tasks.o(.text.vTaskMissedYield)
    vTaskNotifyGiveFromISR                   0x08006c65   Thumb Code   196  tasks.o(.text.vTaskNotifyGiveFromISR)
    vTaskPlaceOnEventList                    0x08006d29   Thumb Code   116  tasks.o(.text.vTaskPlaceOnEventList)
    vTaskPlaceOnEventListRestricted          0x08006d9d   Thumb Code   122  tasks.o(.text.vTaskPlaceOnEventListRestricted)
    vTaskStartScheduler                      0x08006e19   Thumb Code   232  tasks.o(.text.vTaskStartScheduler)
    vTaskSuspendAll                          0x08006f09   Thumb Code    16  tasks.o(.text.vTaskSuspendAll)
    vTaskSwitchContext                       0x08006f19   Thumb Code   204  tasks.o(.text.vTaskSwitchContext)
    xPortStartScheduler                      0x08006fe5   Thumb Code   392  port.o(.text.xPortStartScheduler)
    xPortSysTickHandler                      0x0800716d   Thumb Code    46  port.o(.text.xPortSysTickHandler)
    xQueueGenericCreateStatic                0x0800719d   Thumb Code   218  queue.o(.text.xQueueGenericCreateStatic)
    xQueueGenericSend                        0x08007279   Thumb Code   704  queue.o(.text.xQueueGenericSend)
    xQueueReceive                            0x08007539   Thumb Code   574  queue.o(.text.xQueueReceive)
    xTaskCheckForTimeOut                     0x08007779   Thumb Code   154  tasks.o(.text.xTaskCheckForTimeOut)
    xTaskCreate                              0x08007815   Thumb Code    96  tasks.o(.text.xTaskCreate)
    xTaskCreateStatic                        0x08007875   Thumb Code   118  tasks.o(.text.xTaskCreateStatic)
    xTaskGenericNotify                       0x080078ed   Thumb Code   256  tasks.o(.text.xTaskGenericNotify)
    xTaskGetSchedulerState                   0x080079ed   Thumb Code    30  tasks.o(.text.xTaskGetSchedulerState)
    xTaskGetTickCount                        0x08007a0d   Thumb Code    12  tasks.o(.text.xTaskGetTickCount)
    xTaskIncrementTick                       0x08007a19   Thumb Code   260  tasks.o(.text.xTaskIncrementTick)
    xTaskPriorityDisinherit                  0x08007b1d   Thumb Code   142  tasks.o(.text.xTaskPriorityDisinherit)
    xTaskRemoveFromEventList                 0x08007bad   Thumb Code   114  tasks.o(.text.xTaskRemoveFromEventList)
    xTaskResumeAll                           0x08007c21   Thumb Code   238  tasks.o(.text.xTaskResumeAll)
    xTimerCreateTimerTask                    0x08007d11   Thumb Code   172  timers.o(.text.xTimerCreateTimerTask)
    _fp_init                                 0x08007dc5   Thumb Code    26  fpinit.o(x$fpl$fpinit)
    __fplib_config_fpu_vfp                   0x08007ddd   Thumb Code     0  fpinit.o(x$fpl$fpinit)
    __fplib_config_pureend_doubles           0x08007ddd   Thumb Code     0  fpinit.o(x$fpl$fpinit)
    AHBPrescTable                            0x08007dde   Data          16  system_stm32f4xx.o(.rodata.AHBPrescTable)
    APBPrescTable                            0x08007dee   Data           8  system_stm32f4xx.o(.rodata.APBPrescTable)
    Button_attributes                        0x08007df8   Data          36  freertos.o(.rodata.Button_attributes)
    Display_attributes                       0x08007e1c   Data          36  freertos.o(.rodata.Display_attributes)
    RXComunication_attributes                0x08007e40   Data          36  freertos.o(.rodata.RXComunication_attributes)
    TxBufferToDMA_attributes                 0x08007e64   Data          36  freertos.o(.rodata.TxBufferToDMA_attributes)
    defaultTask_attributes                   0x08007f90   Data          36  freertos.o(.rodata.defaultTask_attributes)
    Region$$Table$$Base                      0x08007ff4   Number         0  anon$$obj.o(Region$$Table)
    Region$$Table$$Limit                     0x08008014   Number         0  anon$$obj.o(Region$$Table)
    uwTickFreq                               0x20000000   Data           1  stm32f4xx_hal.o(.data..L_MergedGlobals)
    uwTickPrio                               0x20000004   Data           4  stm32f4xx_hal.o(.data..L_MergedGlobals)
    Buttons                                  0x20000008   Data         192  gpio_button.o(.data.Buttons)
    SystemCoreClock                          0x200000c8   Data           4  system_stm32f4xx.o(.data.SystemCoreClock)
    __libspace_start                         0x200000d0   Data          96  libspace.o(.bss)
    __temporary_stack_top$libspace           0x20000130   Data           0  libspace.o(.bss)
    rf_tx_cnt                                0x20000130   Data           4  main.o(.bss..L_MergedGlobals)
    rf_last_tx_cyccnt                        0x20000134   Data           4  main.o(.bss..L_MergedGlobals)
    rf_tx_interval_us                        0x20000138   Data           4  main.o(.bss..L_MergedGlobals)
    defaultTaskHandle                        0x2000013c   Data           4  freertos.o(.bss..L_MergedGlobals)
    DisplayHandle                            0x20000140   Data           4  freertos.o(.bss..L_MergedGlobals)
    ButtonHandle                             0x20000144   Data           4  freertos.o(.bss..L_MergedGlobals)
    RXComunicationHandle                     0x20000148   Data           4  freertos.o(.bss..L_MergedGlobals)
    TxBufferToDMAHandle                      0x2000014c   Data           4  freertos.o(.bss..L_MergedGlobals)
    pxCurrentTCB                             0x20000150   Data           4  tasks.o(.bss..L_MergedGlobals)
    joystick_AdcBuf                          0x20000230   Data           8  joystick.o(.bss..L_MergedGlobals)
    key_AdcBuf                               0x2000023c   Data           4  adc_switch.o(.bss..L_MergedGlobals)
    adc_key_val                              0x2000026c   Data           4  datapool.o(.bss.adc_key_val)
    g_Comm                                   0x20000270   Data         684  communication.o(.bss.g_Comm)
    g_HMI                                    0x2000051c   Data         680  tjc_huart_hmi.o(.bss.g_HMI)
    hadc1                                    0x200007c4   Data          72  adc.o(.bss.hadc1)
    hadc2                                    0x2000080c   Data          72  adc.o(.bss.hadc2)
    hdma_adc1                                0x20000854   Data          96  adc.o(.bss.hdma_adc1)
    hdma_adc2                                0x200008b4   Data          96  adc.o(.bss.hdma_adc2)
    hdma_usart2_rx                           0x20000914   Data          96  usart.o(.bss.hdma_usart2_rx)
    hdma_usart2_tx                           0x20000974   Data          96  usart.o(.bss.hdma_usart2_tx)
    hdma_usart3_rx                           0x200009d4   Data          96  usart.o(.bss.hdma_usart3_rx)
    hdma_usart3_tx                           0x20000a34   Data          96  usart.o(.bss.hdma_usart3_tx)
    hdma_usart6_rx                           0x20000a94   Data          96  usart.o(.bss.hdma_usart6_rx)
    hdma_usart6_tx                           0x20000af4   Data          96  usart.o(.bss.hdma_usart6_tx)
    hmi_state                                0x20000b54   Data           1  datapool.o(.bss.hmi_state)
    htim1                                    0x20000b58   Data          72  tim.o(.bss.htim1)
    htim2                                    0x20000ba0   Data          72  stm32f4xx_hal_timebase_tim.o(.bss.htim2)
    htim3                                    0x20000be8   Data          72  tim.o(.bss.htim3)
    huart2                                   0x20000c30   Data          72  usart.o(.bss.huart2)
    huart3                                   0x20000c78   Data          72  usart.o(.bss.huart3)
    huart6                                   0x20000cc0   Data          72  usart.o(.bss.huart6)
    joystick_Buf                             0x20000d08   Data           8  datapool.o(.bss.joystick_Buf)
    rx_cnt                                   0x20001260   Data           2  datapool.o(.bss.rx_cnt)
    rx_stamp                                 0x20001264   Data           4  datapool.o(.bss.rx_stamp)
    timer_tick_count                         0x20001268   Data           1  datapool.o(.bss.timer_tick_count)
    tx_button_state                          0x2000126a   Data           2  datapool.o(.bss.tx_button_state)
    tx_cnt                                   0x2000126c   Data           2  datapool.o(.bss.tx_cnt)
    uwTick                                   0x20004e70   Data           4  stm32f4xx_hal.o(.bss.uwTick)
    xQueueRegistry                           0x2000552c   Data          64  queue.o(.bss.xQueueRegistry)



==============================================================================

Memory Map of the image

  Image Entry point : 0x08000189

  Load Region LR_IROM1 (Base: 0x08000000, Size: 0x000080e8, Max: 0x00080000, ABSOLUTE)

    Execution Region ER_IROM1 (Exec base: 0x08000000, Load base: 0x08000000, Size: 0x00008014, Max: 0x00080000, ABSOLUTE)

    Exec Addr    Load Addr    Size         Type   Attr      Idx    E Section Name        Object

    0x08000000   0x08000000   0x00000188   Data   RO            3    RESET               startup_stm32f407xx.o
    0x08000188   0x08000188   0x00000008   Code   RO         1855  * !!!main             c_w.l(__main.o)
    0x08000190   0x08000190   0x0000005c   Code   RO         2032    !!!scatter          c_w.l(__scatter.o)
    0x080001ec   0x080001ec   0x0000001a   Code   RO         2036    !!handler_copy      c_w.l(__scatter_copy.o)
    0x08000206   0x08000206   0x00000002   PAD
    0x08000208   0x08000208   0x00000002   Code   RO         2033    !!handler_null      c_w.l(__scatter.o)
    0x0800020a   0x0800020a   0x00000002   PAD
    0x0800020c   0x0800020c   0x0000001c   Code   RO         2038    !!handler_zi        c_w.l(__scatter_zi.o)
    0x08000228   0x08000228   0x00000002   Code   RO         1894    .ARM.Collect$$libinit$$00000000  c_w.l(libinit.o)
    0x0800022a   0x0800022a   0x00000004   Code   RO         1906    .ARM.Collect$$libinit$$00000001  c_w.l(libinit2.o)
    0x0800022e   0x0800022e   0x00000000   Code   RO         1909    .ARM.Collect$$libinit$$00000004  c_w.l(libinit2.o)
    0x0800022e   0x0800022e   0x00000000   Code   RO         1911    .ARM.Collect$$libinit$$00000006  c_w.l(libinit2.o)
    0x0800022e   0x0800022e   0x00000000   Code   RO         1914    .ARM.Collect$$libinit$$0000000C  c_w.l(libinit2.o)
    0x0800022e   0x0800022e   0x00000000   Code   RO         1916    .ARM.Collect$$libinit$$0000000E  c_w.l(libinit2.o)
    0x0800022e   0x0800022e   0x00000000   Code   RO         1918    .ARM.Collect$$libinit$$00000010  c_w.l(libinit2.o)
    0x0800022e   0x0800022e   0x00000000   Code   RO         1921    .ARM.Collect$$libinit$$00000013  c_w.l(libinit2.o)
    0x0800022e   0x0800022e   0x00000000   Code   RO         1923    .ARM.Collect$$libinit$$00000015  c_w.l(libinit2.o)
    0x0800022e   0x0800022e   0x00000000   Code   RO         1925    .ARM.Collect$$libinit$$00000017  c_w.l(libinit2.o)
    0x0800022e   0x0800022e   0x00000000   Code   RO         1927    .ARM.Collect$$libinit$$00000019  c_w.l(libinit2.o)
    0x0800022e   0x0800022e   0x00000000   Code   RO         1929    .ARM.Collect$$libinit$$0000001B  c_w.l(libinit2.o)
    0x0800022e   0x0800022e   0x00000000   Code   RO         1931    .ARM.Collect$$libinit$$0000001D  c_w.l(libinit2.o)
    0x0800022e   0x0800022e   0x00000000   Code   RO         1933    .ARM.Collect$$libinit$$0000001F  c_w.l(libinit2.o)
    0x0800022e   0x0800022e   0x00000000   Code   RO         1935    .ARM.Collect$$libinit$$00000021  c_w.l(libinit2.o)
    0x0800022e   0x0800022e   0x00000000   Code   RO         1937    .ARM.Collect$$libinit$$00000023  c_w.l(libinit2.o)
    0x0800022e   0x0800022e   0x00000000   Code   RO         1939    .ARM.Collect$$libinit$$00000025  c_w.l(libinit2.o)
    0x0800022e   0x0800022e   0x00000000   Code   RO         1941    .ARM.Collect$$libinit$$00000027  c_w.l(libinit2.o)
    0x0800022e   0x0800022e   0x00000000   Code   RO         1945    .ARM.Collect$$libinit$$0000002E  c_w.l(libinit2.o)
    0x0800022e   0x0800022e   0x00000000   Code   RO         1947    .ARM.Collect$$libinit$$00000030  c_w.l(libinit2.o)
    0x0800022e   0x0800022e   0x00000000   Code   RO         1949    .ARM.Collect$$libinit$$00000032  c_w.l(libinit2.o)
    0x0800022e   0x0800022e   0x00000000   Code   RO         1951    .ARM.Collect$$libinit$$00000034  c_w.l(libinit2.o)
    0x0800022e   0x0800022e   0x00000002   Code   RO         1952    .ARM.Collect$$libinit$$00000035  c_w.l(libinit2.o)
    0x08000230   0x08000230   0x00000002   Code   RO         1987    .ARM.Collect$$libshutdown$$00000000  c_w.l(libshutdown.o)
    0x08000232   0x08000232   0x00000000   Code   RO         2015    .ARM.Collect$$libshutdown$$00000002  c_w.l(libshutdown2.o)
    0x08000232   0x08000232   0x00000000   Code   RO         2017    .ARM.Collect$$libshutdown$$00000004  c_w.l(libshutdown2.o)
    0x08000232   0x08000232   0x00000000   Code   RO         2020    .ARM.Collect$$libshutdown$$00000007  c_w.l(libshutdown2.o)
    0x08000232   0x08000232   0x00000000   Code   RO         2023    .ARM.Collect$$libshutdown$$0000000A  c_w.l(libshutdown2.o)
    0x08000232   0x08000232   0x00000000   Code   RO         2025    .ARM.Collect$$libshutdown$$0000000C  c_w.l(libshutdown2.o)
    0x08000232   0x08000232   0x00000000   Code   RO         2028    .ARM.Collect$$libshutdown$$0000000F  c_w.l(libshutdown2.o)
    0x08000232   0x08000232   0x00000002   Code   RO         2029    .ARM.Collect$$libshutdown$$00000010  c_w.l(libshutdown2.o)
    0x08000234   0x08000234   0x00000000   Code   RO         1857    .ARM.Collect$$rtentry$$00000000  c_w.l(__rtentry.o)
    0x08000234   0x08000234   0x00000000   Code   RO         1865    .ARM.Collect$$rtentry$$00000002  c_w.l(__rtentry2.o)
    0x08000234   0x08000234   0x00000006   Code   RO         1877    .ARM.Collect$$rtentry$$00000004  c_w.l(__rtentry4.o)
    0x0800023a   0x0800023a   0x00000000   Code   RO         1867    .ARM.Collect$$rtentry$$00000009  c_w.l(__rtentry2.o)
    0x0800023a   0x0800023a   0x00000004   Code   RO         1868    .ARM.Collect$$rtentry$$0000000A  c_w.l(__rtentry2.o)
    0x0800023e   0x0800023e   0x00000000   Code   RO         1870    .ARM.Collect$$rtentry$$0000000C  c_w.l(__rtentry2.o)
    0x0800023e   0x0800023e   0x00000008   Code   RO         1871    .ARM.Collect$$rtentry$$0000000D  c_w.l(__rtentry2.o)
    0x08000246   0x08000246   0x00000002   Code   RO         1898    .ARM.Collect$$rtexit$$00000000  c_w.l(rtexit.o)
    0x08000248   0x08000248   0x00000000   Code   RO         1958    .ARM.Collect$$rtexit$$00000002  c_w.l(rtexit2.o)
    0x08000248   0x08000248   0x00000004   Code   RO         1959    .ARM.Collect$$rtexit$$00000003  c_w.l(rtexit2.o)
    0x0800024c   0x0800024c   0x00000006   Code   RO         1960    .ARM.Collect$$rtexit$$00000004  c_w.l(rtexit2.o)
    0x08000252   0x08000252   0x00000002   PAD
    0x08000254   0x08000254   0x00000040   Code   RO            4    .text               startup_stm32f407xx.o
    0x08000294   0x08000294   0x000000f0   Code   RO         1841    .text               c_w.l(lludivv7m.o)
    0x08000384   0x08000384   0x0000008a   Code   RO         1843    .text               c_w.l(rt_memcpy_v6.o)
    0x0800040e   0x0800040e   0x00000010   Code   RO         1847    .text               c_w.l(aeabi_memset4.o)
    0x0800041e   0x0800041e   0x0000004e   Code   RO         1851    .text               c_w.l(rt_memclr_w.o)
    0x0800046c   0x0800046c   0x00000006   Code   RO         1853    .text               c_w.l(heapauxi.o)
    0x08000472   0x08000472   0x00000064   Code   RO         1862    .text               c_w.l(rt_memcpy_w.o)
    0x080004d6   0x080004d6   0x0000004a   Code   RO         1881    .text               c_w.l(sys_stackheap_outer.o)
    0x08000520   0x08000520   0x00000012   Code   RO         1883    .text               c_w.l(exit.o)
    0x08000532   0x08000532   0x00000002   PAD
    0x08000534   0x08000534   0x00000008   Code   RO         1895    .text               c_w.l(libspace.o)
    0x0800053c   0x0800053c   0x0000000c   Code   RO         1953    .text               c_w.l(sys_exit.o)
    0x08000548   0x08000548   0x00000002   Code   RO         1976    .text               c_w.l(use_no_semi.o)
    0x0800054a   0x0800054a   0x00000000   Code   RO         1978    .text               c_w.l(indicate_semi.o)
    0x0800054a   0x0800054a   0x00000002   PAD
    0x0800054c   0x0800054c   0x0000006e   Code   RO          572    .text.ADC_DMAConvCplt  stm32f4xx_hal_adc.o
    0x080005ba   0x080005ba   0x00000002   PAD
    0x080005bc   0x080005bc   0x00000012   Code   RO          576    .text.ADC_DMAError  stm32f4xx_hal_adc.o
    0x080005ce   0x080005ce   0x00000002   PAD
    0x080005d0   0x080005d0   0x00000006   Code   RO          574    .text.ADC_DMAHalfConvCplt  stm32f4xx_hal_adc.o
    0x080005d6   0x080005d6   0x00000002   PAD
    0x080005d8   0x080005d8   0x00000002   Code   RO          158    .text.BusFault_Handler  stm32f4xx_it.o
    0x080005da   0x080005da   0x00000002   PAD
    0x080005dc   0x080005dc   0x00000086   Code   RO         1827    .text.Button_Task_Init  gpio_button.o
    0x08000662   0x08000662   0x00000002   PAD
    0x08000664   0x08000664   0x00000106   Code   RO         1829    .text.Button_Task_Loop  gpio_button.o
    0x0800076a   0x0800076a   0x00000002   PAD
    0x0800076c   0x0800076c   0x00000030   Code   RO           54    .text.Button_task   freertos.o
    0x0800079c   0x0800079c   0x00000392   Code   RO         1750    .text.Comm_Timer_Callback_Wrapper  communication.o
    0x08000b2e   0x08000b2e   0x00000002   PAD
    0x08000b30   0x08000b30   0x00000026   Code   RO         1762    .text.Comm_UartError_Callback_Wrapper  communication.o
    0x08000b56   0x08000b56   0x00000002   PAD
    0x08000b58   0x08000b58   0x000001ae   Code   RO         1760    .text.Comm_UartRx_Callback_Wrapper  communication.o
    0x08000d06   0x08000d06   0x00000002   PAD
    0x08000d08   0x08000d08   0x000001f2   Code   RO         1756    .text.Communication_SendSettingFrame  communication.o
    0x08000efa   0x08000efa   0x00000002   PAD
    0x08000efc   0x08000efc   0x00000078   Code   RO         1746    .text.Communication_Task_Init  communication.o
    0x08000f74   0x08000f74   0x000001b6   Code   RO         1748    .text.Communication_Task_Loop  communication.o
    0x0800112a   0x0800112a   0x00000002   PAD
    0x0800112c   0x0800112c   0x0000000c   Code   RO          164    .text.DMA1_Stream1_IRQHandler  stm32f4xx_it.o
    0x08001138   0x08001138   0x0000000c   Code   RO          166    .text.DMA1_Stream3_IRQHandler  stm32f4xx_it.o
    0x08001144   0x08001144   0x0000000c   Code   RO          168    .text.DMA1_Stream5_IRQHandler  stm32f4xx_it.o
    0x08001150   0x08001150   0x0000000c   Code   RO          170    .text.DMA1_Stream6_IRQHandler  stm32f4xx_it.o
    0x0800115c   0x0800115c   0x0000000c   Code   RO          182    .text.DMA2_Stream0_IRQHandler  stm32f4xx_it.o
    0x08001168   0x08001168   0x0000000c   Code   RO          184    .text.DMA2_Stream1_IRQHandler  stm32f4xx_it.o
    0x08001174   0x08001174   0x0000000c   Code   RO          186    .text.DMA2_Stream2_IRQHandler  stm32f4xx_it.o
    0x08001180   0x08001180   0x0000000c   Code   RO          188    .text.DMA2_Stream6_IRQHandler  stm32f4xx_it.o
    0x0800118c   0x0800118c   0x00000002   Code   RO          162    .text.DebugMon_Handler  stm32f4xx_it.o
    0x0800118e   0x0800118e   0x00000002   PAD
    0x08001190   0x08001190   0x00000018   Code   RO           52    .text.Display_task  freertos.o
    0x080011a8   0x080011a8   0x00000016   Code   RO          180    .text.EXTI15_10_IRQHandler  stm32f4xx_it.o
    0x080011be   0x080011be   0x00000002   PAD
    0x080011c0   0x080011c0   0x00000006   Code   RO           15    .text.Error_Handler  main.o
    0x080011c6   0x080011c6   0x00000002   PAD
    0x080011c8   0x080011c8   0x0000013c   Code   RO          584    .text.HAL_ADC_ConfigChannel  stm32f4xx_hal_adc.o
    0x08001304   0x08001304   0x00000012   Code   RO           23    .text.HAL_ADC_ConvCpltCallback  main.o
    0x08001316   0x08001316   0x00000002   PAD
    0x08001318   0x08001318   0x00000002   Code   RO          582    .text.HAL_ADC_ConvHalfCpltCallback  stm32f4xx_hal_adc.o
    0x0800131a   0x0800131a   0x00000002   PAD
    0x0800131c   0x0800131c   0x00000002   Code   RO          568    .text.HAL_ADC_ErrorCallback  stm32f4xx_hal_adc.o
    0x0800131e   0x0800131e   0x00000002   PAD
    0x08001320   0x08001320   0x0000015c   Code   RO          542    .text.HAL_ADC_Init  stm32f4xx_hal_adc.o
    0x0800147c   0x0800147c   0x0000013e   Code   RO           78    .text.HAL_ADC_MspInit  adc.o
    0x080015ba   0x080015ba   0x00000002   PAD
    0x080015bc   0x080015bc   0x000001a0   Code   RO          570    .text.HAL_ADC_Start_DMA  stm32f4xx_hal_adc.o
    0x0800175c   0x0800175c   0x0000008e   Code   RO          794    .text.HAL_DMA_Abort  stm32f4xx_hal_dma.o
    0x080017ea   0x080017ea   0x00000002   PAD
    0x080017ec   0x080017ec   0x00000024   Code   RO          796    .text.HAL_DMA_Abort_IT  stm32f4xx_hal_dma.o
    0x08001810   0x08001810   0x000001c4   Code   RO          800    .text.HAL_DMA_IRQHandler  stm32f4xx_hal_dma.o
    0x080019d4   0x080019d4   0x00000162   Code   RO          786    .text.HAL_DMA_Init  stm32f4xx_hal_dma.o
    0x08001b36   0x08001b36   0x00000002   PAD
    0x08001b38   0x08001b38   0x000000a2   Code   RO          792    .text.HAL_DMA_Start_IT  stm32f4xx_hal_dma.o
    0x08001bda   0x08001bda   0x00000002   PAD
    0x08001bdc   0x08001bdc   0x00000072   Code   RO           25    .text.HAL_GPIO_EXTI_Callback  main.o
    0x08001c4e   0x08001c4e   0x00000002   PAD
    0x08001c50   0x08001c50   0x00000016   Code   RO          760    .text.HAL_GPIO_EXTI_IRQHandler  stm32f4xx_hal_gpio.o
    0x08001c66   0x08001c66   0x00000002   PAD
    0x08001c68   0x08001c68   0x0000019e   Code   RO          748    .text.HAL_GPIO_Init  stm32f4xx_hal_gpio.o
    0x08001e06   0x08001e06   0x00000002   PAD
    0x08001e08   0x08001e08   0x0000000a   Code   RO          752    .text.HAL_GPIO_ReadPin  stm32f4xx_hal_gpio.o
    0x08001e12   0x08001e12   0x00000002   PAD
    0x08001e14   0x08001e14   0x0000000a   Code   RO          754    .text.HAL_GPIO_WritePin  stm32f4xx_hal_gpio.o
    0x08001e1e   0x08001e1e   0x00000002   PAD
    0x08001e20   0x08001e20   0x0000000c   Code   RO          945    .text.HAL_GetTick   stm32f4xx_hal.o
    0x08001e2c   0x08001e2c   0x0000001a   Code   RO          943    .text.HAL_IncTick   stm32f4xx_hal.o
    0x08001e46   0x08001e46   0x00000002   PAD
    0x08001e48   0x08001e48   0x00000036   Code   RO          933    .text.HAL_Init      stm32f4xx_hal.o
    0x08001e7e   0x08001e7e   0x00000002   PAD
    0x08001e80   0x08001e80   0x000000ae   Code   RO          208    .text.HAL_InitTick  stm32f4xx_hal_timebase_tim.o
    0x08001f2e   0x08001f2e   0x00000002   PAD
    0x08001f30   0x08001f30   0x00000042   Code   RO          199    .text.HAL_MspInit   stm32f4xx_hal_msp.o
    0x08001f72   0x08001f72   0x00000002   PAD
    0x08001f74   0x08001f74   0x00000022   Code   RO          885    .text.HAL_NVIC_EnableIRQ  stm32f4xx_hal_cortex.o
    0x08001f96   0x08001f96   0x00000002   PAD
    0x08001f98   0x08001f98   0x00000056   Code   RO          883    .text.HAL_NVIC_SetPriority  stm32f4xx_hal_cortex.o
    0x08001fee   0x08001fee   0x00000002   PAD
    0x08001ff0   0x08001ff0   0x00000020   Code   RO          881    .text.HAL_NVIC_SetPriorityGrouping  stm32f4xx_hal_cortex.o
    0x08002010   0x08002010   0x00000164   Code   RO          642    .text.HAL_RCC_ClockConfig  stm32f4xx_hal_rcc.o
    0x08002174   0x08002174   0x0000003e   Code   RO          660    .text.HAL_RCC_GetClockConfig  stm32f4xx_hal_rcc.o
    0x080021b2   0x080021b2   0x00000002   PAD
    0x080021b4   0x080021b4   0x00000026   Code   RO          654    .text.HAL_RCC_GetPCLK1Freq  stm32f4xx_hal_rcc.o
    0x080021da   0x080021da   0x00000002   PAD
    0x080021dc   0x080021dc   0x00000026   Code   RO          656    .text.HAL_RCC_GetPCLK2Freq  stm32f4xx_hal_rcc.o
    0x08002202   0x08002202   0x00000002   PAD
    0x08002204   0x08002204   0x00000070   Code   RO          644    .text.HAL_RCC_GetSysClockFreq  stm32f4xx_hal_rcc.o
    0x08002274   0x08002274   0x000003ac   Code   RO          640    .text.HAL_RCC_OscConfig  stm32f4xx_hal_rcc.o
    0x08002620   0x08002620   0x00000002   Code   RO          528    .text.HAL_TIMEx_BreakCallback  stm32f4xx_hal_tim_ex.o
    0x08002622   0x08002622   0x00000002   PAD
    0x08002624   0x08002624   0x00000002   Code   RO          524    .text.HAL_TIMEx_CommutCallback  stm32f4xx_hal_tim_ex.o
    0x08002626   0x08002626   0x00000002   PAD
    0x08002628   0x08002628   0x000000ba   Code   RO          518    .text.HAL_TIMEx_MasterConfigSynchronization  stm32f4xx_hal_tim_ex.o
    0x080026e2   0x080026e2   0x00000002   PAD
    0x080026e4   0x080026e4   0x0000005a   Code   RO          223    .text.HAL_TIM_Base_Init  stm32f4xx_hal_tim.o
    0x0800273e   0x0800273e   0x00000002   PAD
    0x08002740   0x08002740   0x00000046   Code   RO          107    .text.HAL_TIM_Base_MspInit  tim.o
    0x08002786   0x08002786   0x00000002   PAD
    0x08002788   0x08002788   0x000000aa   Code   RO          237    .text.HAL_TIM_Base_Start_IT  stm32f4xx_hal_tim.o
    0x08002832   0x08002832   0x00000002   PAD
    0x08002834   0x08002834   0x000001a0   Code   RO          403    .text.HAL_TIM_ConfigClockSource  stm32f4xx_hal_tim.o
    0x080029d4   0x080029d4   0x00000002   Code   RO          359    .text.HAL_TIM_IC_CaptureCallback  stm32f4xx_hal_tim.o
    0x080029d6   0x080029d6   0x00000002   PAD
    0x080029d8   0x080029d8   0x0000014e   Code   RO          357    .text.HAL_TIM_IRQHandler  stm32f4xx_hal_tim.o
    0x08002b26   0x08002b26   0x00000002   PAD
    0x08002b28   0x08002b28   0x00000002   Code   RO          361    .text.HAL_TIM_OC_DelayElapsedCallback  stm32f4xx_hal_tim.o
    0x08002b2a   0x08002b2a   0x00000002   PAD
    0x08002b2c   0x08002b2c   0x00000220   Code   RO          377    .text.HAL_TIM_PWM_ConfigChannel  stm32f4xx_hal_tim.o
    0x08002d4c   0x08002d4c   0x0000005a   Code   RO          277    .text.HAL_TIM_PWM_Init  stm32f4xx_hal_tim.o
    0x08002da6   0x08002da6   0x00000002   PAD
    0x08002da8   0x08002da8   0x00000034   Code   RO          109    .text.HAL_TIM_PWM_MspInit  tim.o
    0x08002ddc   0x08002ddc   0x00000002   Code   RO          363    .text.HAL_TIM_PWM_PulseFinishedCallback  stm32f4xx_hal_tim.o
    0x08002dde   0x08002dde   0x00000002   PAD
    0x08002de0   0x08002de0   0x0000010e   Code   RO          285    .text.HAL_TIM_PWM_Start  stm32f4xx_hal_tim.o
    0x08002eee   0x08002eee   0x00000002   PAD
    0x08002ef0   0x08002ef0   0x00000038   Code   RO           27    .text.HAL_TIM_PeriodElapsedCallback  main.o
    0x08002f28   0x08002f28   0x00000002   Code   RO          367    .text.HAL_TIM_TriggerCallback  stm32f4xx_hal_tim.o
    0x08002f2a   0x08002f2a   0x00000002   PAD
    0x08002f2c   0x08002f2c   0x000001ee   Code   RO         1071    .text.HAL_UARTEx_ReceiveToIdle_DMA  stm32f4xx_hal_uart.o
    0x0800311a   0x0800311a   0x00000002   PAD
    0x0800311c   0x0800311c   0x00000016   Code   RO           17    .text.HAL_UARTEx_RxEventCallback  main.o
    0x08003132   0x08003132   0x00000002   PAD
    0x08003134   0x08003134   0x00000012   Code   RO           19    .text.HAL_UART_ErrorCallback  main.o
    0x08003146   0x08003146   0x00000002   PAD
    0x08003148   0x08003148   0x00000594   Code   RO         1101    .text.HAL_UART_IRQHandler  stm32f4xx_hal_uart.o
    0x080036dc   0x080036dc   0x00000060   Code   RO         1023    .text.HAL_UART_Init  stm32f4xx_hal_uart.o
    0x0800373c   0x0800373c   0x000002ba   Code   RO          131    .text.HAL_UART_MspInit  usart.o
    0x080039f6   0x080039f6   0x00000002   PAD
    0x080039f8   0x080039f8   0x00000002   Code   RO         1115    .text.HAL_UART_RxCpltCallback  stm32f4xx_hal_uart.o
    0x080039fa   0x080039fa   0x00000002   PAD
    0x080039fc   0x080039fc   0x00000002   Code   RO         1117    .text.HAL_UART_RxHalfCpltCallback  stm32f4xx_hal_uart.o
    0x080039fe   0x080039fe   0x00000002   PAD
    0x08003a00   0x08003a00   0x000000d4   Code   RO         1049    .text.HAL_UART_Transmit_DMA  stm32f4xx_hal_uart.o
    0x08003ad4   0x08003ad4   0x00000004   Code   RO           21    .text.HAL_UART_TxCpltCallback  main.o
    0x08003ad8   0x08003ad8   0x00000002   Code   RO         1113    .text.HAL_UART_TxHalfCpltCallback  stm32f4xx_hal_uart.o
    0x08003ada   0x08003ada   0x00000002   PAD
    0x08003adc   0x08003adc   0x00000456   Code   RO         1808    .text.HMI_SendDataFrame  tjc_huart_hmi.o
    0x08003f32   0x08003f32   0x00000002   PAD
    0x08003f34   0x08003f34   0x0000030a   Code   RO         1810    .text.HMI_SendSettingFrame  tjc_huart_hmi.o
    0x0800423e   0x0800423e   0x00000002   PAD
    0x08004240   0x08004240   0x00000026   Code   RO         1804    .text.HMI_Task_Init  tjc_huart_hmi.o
    0x08004266   0x08004266   0x00000002   PAD
    0x08004268   0x08004268   0x00000422   Code   RO         1806    .text.HMI_Task_Loop  tjc_huart_hmi.o
    0x0800468a   0x0800468a   0x00000002   PAD
    0x0800468c   0x0800468c   0x0000001a   Code   RO         1816    .text.HMI_UartError_Callback_Wrapper  tjc_huart_hmi.o
    0x080046a6   0x080046a6   0x00000002   PAD
    0x080046a8   0x080046a8   0x000001a0   Code   RO         1814    .text.HMI_UartRx_Callback_Wrapper  tjc_huart_hmi.o
    0x08004848   0x08004848   0x000001ce   Code   RO         1812    .text.HMI_UartTxCplt_Callback_Wrapper  tjc_huart_hmi.o
    0x08004a16   0x08004a16   0x00000002   PAD
    0x08004a18   0x08004a18   0x00000002   Code   RO          154    .text.HardFault_Handler  stm32f4xx_it.o
    0x08004a1a   0x08004a1a   0x00000002   PAD
    0x08004a1c   0x08004a1c   0x00000022   Code   RO         1778    .text.JOY_AdcConvCplt_Callback_Wrapper  joystick.o
    0x08004a3e   0x08004a3e   0x00000002   PAD
    0x08004a40   0x08004a40   0x0000002c   Code   RO         1774    .text.Joystick_Task_Init  joystick.o
    0x08004a6c   0x08004a6c   0x00000002   Code   RO         1776    .text.Joystick_Task_Loop  joystick.o
    0x08004a6e   0x08004a6e   0x00000002   PAD
    0x08004a70   0x08004a70   0x00000082   Code   RO         1793    .text.KEY_AdcConvCplt_Callback_Wrapper  adc_switch.o
    0x08004af2   0x08004af2   0x00000002   PAD
    0x08004af4   0x08004af4   0x00000012   Code   RO         1789    .text.Key_Task_Init  adc_switch.o
    0x08004b06   0x08004b06   0x00000002   PAD
    0x08004b08   0x08004b08   0x00000002   Code   RO         1791    .text.Key_Task_Loop  adc_switch.o
    0x08004b0a   0x08004b0a   0x00000002   PAD
    0x08004b0c   0x08004b0c   0x0000008e   Code   RO           74    .text.MX_ADC1_Init  adc.o
    0x08004b9a   0x08004b9a   0x00000002   PAD
    0x08004b9c   0x08004b9c   0x000000cc   Code   RO           76    .text.MX_ADC2_Init  adc.o
    0x08004c68   0x08004c68   0x000000bc   Code   RO           94    .text.MX_DMA_Init   dma.o
    0x08004d24   0x08004d24   0x00000084   Code   RO           48    .text.MX_FREERTOS_Init  freertos.o
    0x08004da8   0x08004da8   0x00000150   Code   RO           39    .text.MX_GPIO_Init  gpio.o
    0x08004ef8   0x08004ef8   0x00000076   Code   RO          103    .text.MX_TIM1_Init  tim.o
    0x08004f6e   0x08004f6e   0x00000002   PAD
    0x08004f70   0x08004f70   0x0000007e   Code   RO          105    .text.MX_TIM3_Init  tim.o
    0x08004fee   0x08004fee   0x00000002   PAD
    0x08004ff0   0x08004ff0   0x0000003c   Code   RO          125    .text.MX_USART2_UART_Init  usart.o
    0x0800502c   0x0800502c   0x0000003c   Code   RO          127    .text.MX_USART3_UART_Init  usart.o
    0x08005068   0x08005068   0x0000003c   Code   RO          129    .text.MX_USART6_UART_Init  usart.o
    0x080050a4   0x080050a4   0x00000002   Code   RO          156    .text.MemManage_Handler  stm32f4xx_it.o
    0x080050a6   0x080050a6   0x00000002   PAD
    0x080050a8   0x080050a8   0x00000002   Code   RO          152    .text.NMI_Handler   stm32f4xx_it.o
    0x080050aa   0x080050aa   0x00000006   PAD
    0x080050b0   0x080050b0   0x00000064   Code   RO         1712    .text.PendSV_Handler  port.o
    0x08005114   0x08005114   0x00000020   Code   RO           56    .text.RXComunication_task  freertos.o
    0x08005134   0x08005134   0x0000000c   PAD
    0x08005140   0x08005140   0x00000024   Code   RO         1696    .text.SVC_Handler   port.o
    0x08005164   0x08005164   0x00000008   Code   RO           50    .text.StartDefaultTask  freertos.o
    0x0800516c   0x0800516c   0x0000001e   Code   RO         1507    .text.SysTick_Handler  cmsis_os2.o
    0x0800518a   0x0800518a   0x00000002   PAD
    0x0800518c   0x0800518c   0x000000a8   Code   RO           13    .text.SystemClock_Config  main.o
    0x08005234   0x08005234   0x00000012   Code   RO         1145    .text.SystemInit    system_stm32f4xx.o
    0x08005246   0x08005246   0x00000002   PAD
    0x08005248   0x08005248   0x0000000c   Code   RO          172    .text.TIM1_UP_TIM10_IRQHandler  stm32f4xx_it.o
    0x08005254   0x08005254   0x0000000c   Code   RO          174    .text.TIM2_IRQHandler  stm32f4xx_it.o
    0x08005260   0x08005260   0x0000013a   Code   RO          227    .text.TIM_Base_SetConfig  stm32f4xx_hal_tim.o
    0x0800539a   0x0800539a   0x00000002   PAD
    0x0800539c   0x0800539c   0x000001de   Code   RO         1758    .text.TxBufferToDMA  communication.o
    0x0800557a   0x0800557a   0x00000002   PAD
    0x0800557c   0x0800557c   0x0000004a   Code   RO           58    .text.TxBufferToDMA_task  freertos.o
    0x080055c6   0x080055c6   0x00000002   PAD
    0x080055c8   0x080055c8   0x0000000a   Code   RO         1105    .text.UART_DMAAbortOnError  stm32f4xx_hal_uart.o
    0x080055d2   0x080055d2   0x00000002   PAD
    0x080055d4   0x080055d4   0x0000017c   Code   RO         1055    .text.UART_DMAError  stm32f4xx_hal_uart.o
    0x08005750   0x08005750   0x0000015e   Code   RO         1133    .text.UART_DMAReceiveCplt  stm32f4xx_hal_uart.o
    0x080058ae   0x080058ae   0x00000002   PAD
    0x080058b0   0x080058b0   0x00000018   Code   RO         1135    .text.UART_DMARxHalfCplt  stm32f4xx_hal_uart.o
    0x080058c8   0x080058c8   0x000000b0   Code   RO         1051    .text.UART_DMATransmitCplt  stm32f4xx_hal_uart.o
    0x08005978   0x08005978   0x00000006   Code   RO         1053    .text.UART_DMATxHalfCplt  stm32f4xx_hal_uart.o
    0x0800597e   0x0800597e   0x00000002   PAD
    0x08005980   0x08005980   0x000000fe   Code   RO         1103    .text.UART_Receive_IT  stm32f4xx_hal_uart.o
    0x08005a7e   0x08005a7e   0x00000002   PAD
    0x08005a80   0x08005a80   0x000000e6   Code   RO         1027    .text.UART_SetConfig  stm32f4xx_hal_uart.o
    0x08005b66   0x08005b66   0x00000002   PAD
    0x08005b68   0x08005b68   0x0000000c   Code   RO          176    .text.USART2_IRQHandler  stm32f4xx_it.o
    0x08005b74   0x08005b74   0x0000000c   Code   RO          178    .text.USART3_IRQHandler  stm32f4xx_it.o
    0x08005b80   0x08005b80   0x0000000c   Code   RO          190    .text.USART6_IRQHandler  stm32f4xx_it.o
    0x08005b8c   0x08005b8c   0x00000002   Code   RO          160    .text.UsageFault_Handler  stm32f4xx_it.o
    0x08005b8e   0x08005b8e   0x00000002   PAD
    0x08005b90   0x08005b90   0x00000046   Code   RO           11    .text.main          main.o
    0x08005bd6   0x08005bd6   0x00000002   PAD
    0x08005bd8   0x08005bd8   0x00000020   Code   RO         1567    .text.osDelay       cmsis_os2.o
    0x08005bf8   0x08005bf8   0x00000028   Code   RO         1509    .text.osKernelInitialize  cmsis_os2.o
    0x08005c20   0x08005c20   0x0000003c   Code   RO         1515    .text.osKernelStart  cmsis_os2.o
    0x08005c5c   0x08005c5c   0x00000094   Code   RO         1531    .text.osThreadNew   cmsis_os2.o
    0x08005cf0   0x08005cf0   0x0000028a   Code   RO         1342    .text.prvAddNewTaskToReadyList  tasks.o
    0x08005f7a   0x08005f7a   0x00000002   PAD
    0x08005f7c   0x08005f7c   0x00000086   Code   RO         1374    .text.prvIdleTask   tasks.o
    0x08006002   0x08006002   0x00000002   PAD
    0x08006004   0x08006004   0x00000104   Code   RO         1340    .text.prvInitialiseNewTask  tasks.o
    0x08006108   0x08006108   0x00000028   Code   RO         1704    .text.prvPortStartFirstTask  port.o
    0x08006130   0x08006130   0x0000003e   Code   RO         1694    .text.prvTaskExitError  port.o
    0x0800616e   0x0800616e   0x00000002   PAD
    0x08006170   0x08006170   0x0000037a   Code   RO         1459    .text.prvTimerTask  timers.o
    0x080064ea   0x080064ea   0x00000002   PAD
    0x080064ec   0x080064ec   0x00000074   Code   RO         1241    .text.prvUnlockQueue  queue.o
    0x08006560   0x08006560   0x000001e8   Code   RO         1670    .text.pvPortMalloc  heap_4.o
    0x08006748   0x08006748   0x00000024   Code   RO         1692    .text.pxPortInitialiseStack  port.o
    0x0800676c   0x0800676c   0x000000ac   Code   RO         1432    .text.ulTaskNotifyTake  tasks.o
    0x08006818   0x08006818   0x00000022   Code   RO         1205    .text.uxListRemove  list.o
    0x0800683a   0x0800683a   0x00000002   PAD
    0x0800683c   0x0800683c   0x0000001a   Code   RO         1653    .text.vApplicationGetIdleTaskMemory  cmsis_os2.o
    0x08006856   0x08006856   0x00000002   PAD
    0x08006858   0x08006858   0x0000001c   Code   RO         1655    .text.vApplicationGetTimerTaskMemory  cmsis_os2.o
    0x08006874   0x08006874   0x00000016   Code   RO         1197    .text.vListInitialise  list.o
    0x0800688a   0x0800688a   0x00000002   PAD
    0x0800688c   0x0800688c   0x00000006   Code   RO         1199    .text.vListInitialiseItem  list.o
    0x08006892   0x08006892   0x00000002   PAD
    0x08006894   0x08006894   0x00000062   Code   RO         1203    .text.vListInsert   list.o
    0x080068f6   0x080068f6   0x00000002   PAD
    0x080068f8   0x080068f8   0x0000001a   Code   RO         1201    .text.vListInsertEnd  list.o
    0x08006912   0x08006912   0x00000002   PAD
    0x08006914   0x08006914   0x00000014   Code   RO         1702    .text.vPortEnableVFP  port.o
    0x08006928   0x08006928   0x00000046   Code   RO         1708    .text.vPortEnterCritical  port.o
    0x0800696e   0x0800696e   0x00000002   PAD
    0x08006970   0x08006970   0x0000002e   Code   RO         1710    .text.vPortExitCritical  port.o
    0x0800699e   0x0800699e   0x00000002   PAD
    0x080069a0   0x080069a0   0x000000de   Code   RO         1672    .text.vPortFree     heap_4.o
    0x08006a7e   0x08006a7e   0x00000002   PAD
    0x08006a80   0x08006a80   0x00000034   Code   RO         1700    .text.vPortSetupTimerInterrupt  port.o
    0x08006ab4   0x08006ab4   0x0000005e   Code   RO         1716    .text.vPortValidateInterruptPriority  port.o
    0x08006b12   0x08006b12   0x00000002   PAD
    0x08006b14   0x08006b14   0x00000058   Code   RO         1275    .text.vQueueAddToRegistry  queue.o
    0x08006b6c   0x08006b6c   0x00000052   Code   RO         1279    .text.vQueueWaitForMessageRestricted  queue.o
    0x08006bbe   0x08006bbe   0x00000002   PAD
    0x08006bc0   0x08006bc0   0x00000080   Code   RO         1354    .text.vTaskDelay    tasks.o
    0x08006c40   0x08006c40   0x00000012   Code   RO         1404    .text.vTaskInternalSetTimeOutState  tasks.o
    0x08006c52   0x08006c52   0x00000002   PAD
    0x08006c54   0x08006c54   0x0000000e   Code   RO         1408    .text.vTaskMissedYield  tasks.o
    0x08006c62   0x08006c62   0x00000002   PAD
    0x08006c64   0x08006c64   0x000000c4   Code   RO         1440    .text.vTaskNotifyGiveFromISR  tasks.o
    0x08006d28   0x08006d28   0x00000074   Code   RO         1392    .text.vTaskPlaceOnEventList  tasks.o
    0x08006d9c   0x08006d9c   0x0000007a   Code   RO         1396    .text.vTaskPlaceOnEventListRestricted  tasks.o
    0x08006e16   0x08006e16   0x00000002   PAD
    0x08006e18   0x08006e18   0x000000f0   Code   RO         1372    .text.vTaskStartScheduler  tasks.o
    0x08006f08   0x08006f08   0x00000010   Code   RO         1350    .text.vTaskSuspendAll  tasks.o
    0x08006f18   0x08006f18   0x000000cc   Code   RO         1366    .text.vTaskSwitchContext  tasks.o
    0x08006fe4   0x08006fe4   0x00000188   Code   RO         1698    .text.xPortStartScheduler  port.o
    0x0800716c   0x0800716c   0x0000002e   Code   RO         1714    .text.xPortSysTickHandler  port.o
    0x0800719a   0x0800719a   0x00000002   PAD
    0x0800719c   0x0800719c   0x000000da   Code   RO         1217    .text.xQueueGenericCreateStatic  queue.o
    0x08007276   0x08007276   0x00000002   PAD
    0x08007278   0x08007278   0x000002c0   Code   RO         1231    .text.xQueueGenericSend  queue.o
    0x08007538   0x08007538   0x0000023e   Code   RO         1247    .text.xQueueReceive  queue.o
    0x08007776   0x08007776   0x00000002   PAD
    0x08007778   0x08007778   0x0000009a   Code   RO         1406    .text.xTaskCheckForTimeOut  tasks.o
    0x08007812   0x08007812   0x00000002   PAD
    0x08007814   0x08007814   0x00000060   Code   RO         1344    .text.xTaskCreate   tasks.o
    0x08007874   0x08007874   0x00000076   Code   RO         1338    .text.xTaskCreateStatic  tasks.o
    0x080078ea   0x080078ea   0x00000002   PAD
    0x080078ec   0x080078ec   0x00000100   Code   RO         1436    .text.xTaskGenericNotify  tasks.o
    0x080079ec   0x080079ec   0x0000001e   Code   RO         1420    .text.xTaskGetSchedulerState  tasks.o
    0x08007a0a   0x08007a0a   0x00000002   PAD
    0x08007a0c   0x08007a0c   0x0000000c   Code   RO         1380    .text.xTaskGetTickCount  tasks.o
    0x08007a18   0x08007a18   0x00000104   Code   RO         1378    .text.xTaskIncrementTick  tasks.o
    0x08007b1c   0x08007b1c   0x0000008e   Code   RO         1424    .text.xTaskPriorityDisinherit  tasks.o
    0x08007baa   0x08007baa   0x00000002   PAD
    0x08007bac   0x08007bac   0x00000072   Code   RO         1398    .text.xTaskRemoveFromEventList  tasks.o
    0x08007c1e   0x08007c1e   0x00000002   PAD
    0x08007c20   0x08007c20   0x000000ee   Code   RO         1352    .text.xTaskResumeAll  tasks.o
    0x08007d0e   0x08007d0e   0x00000002   PAD
    0x08007d10   0x08007d10   0x000000b4   Code   RO         1457    .text.xTimerCreateTimerTask  timers.o
    0x08007dc4   0x08007dc4   0x0000001a   Code   RO         1970    x$fpl$fpinit        fz_wm.l(fpinit.o)
    0x08007dde   0x08007dde   0x00000010   Data   RO         1150    .rodata.AHBPrescTable  system_stm32f4xx.o
    0x08007dee   0x08007dee   0x00000008   Data   RO         1151    .rodata.APBPrescTable  system_stm32f4xx.o
    0x08007df6   0x08007df6   0x00000002   PAD
    0x08007df8   0x08007df8   0x00000024   Data   RO           63    .rodata.Button_attributes  freertos.o
    0x08007e1c   0x08007e1c   0x00000024   Data   RO           62    .rodata.Display_attributes  freertos.o
    0x08007e40   0x08007e40   0x00000024   Data   RO           64    .rodata.RXComunication_attributes  freertos.o
    0x08007e64   0x08007e64   0x00000024   Data   RO           65    .rodata.TxBufferToDMA_attributes  freertos.o
    0x08007e88   0x08007e88   0x00000100   Data   RO         1765    .rodata.crc8_dvb_table  communication.o
    0x08007f88   0x08007f88   0x00000008   Data   RO          810    .rodata.cst8        stm32f4xx_hal_dma.o
    0x08007f90   0x08007f90   0x00000024   Data   RO           61    .rodata.defaultTask_attributes  freertos.o
    0x08007fb4   0x08007fb4   0x00000038   Data   RO           60    .rodata.str1.1      freertos.o
    0x08007fec   0x08007fec   0x00000005   Data   RO         1497    .rodata.str1.1      timers.o
    0x08007ff1   0x08007ff1   0x00000003   PAD
    0x08007ff4   0x08007ff4   0x00000020   Data   RO         2031    Region$$Table       anon$$obj.o


    Execution Region RW_IRAM1 (Exec base: 0x20000000, Load base: 0x08008018, Size: 0x00005b70, Max: 0x0001c000, ABSOLUTE)

    Exec Addr    Load Addr    Size         Type   Attr      Idx    E Section Name        Object

    0x20000000   0x08008018   0x00000008   Data   RW          988    .data..L_MergedGlobals  stm32f4xx_hal.o
    0x20000008   0x08008020   0x000000c0   Data   RW         1831    .data.Buttons       gpio_button.o
    0x200000c8   0x080080e0   0x00000004   Data   RW         1149    .data.SystemCoreClock  system_stm32f4xx.o
    0x200000cc   0x080080e4   0x00000004   Data   RW         1718    .data.uxCriticalNesting  port.o
    0x200000d0        -       0x00000060   Zero   RW         1896    .bss                c_w.l(libspace.o)
    0x20000130        -       0x0000000c   Zero   RW           30    .bss..L_MergedGlobals  main.o
    0x2000013c        -       0x00000014   Zero   RW           66    .bss..L_MergedGlobals  freertos.o
    0x20000150        -       0x00000078   Zero   RW         1447    .bss..L_MergedGlobals  tasks.o
    0x200001c8        -       0x0000003c   Zero   RW         1498    .bss..L_MergedGlobals  timers.o
    0x20000204        -       0x00000020   Zero   RW         1683    .bss..L_MergedGlobals  heap_4.o
    0x20000224        -       0x00000008   Zero   RW         1719    .bss..L_MergedGlobals  port.o
    0x2000022c        -       0x0000000c   Zero   RW         1780    .bss..L_MergedGlobals  joystick.o
    0x20000238        -       0x00000008   Zero   RW         1795    .bss..L_MergedGlobals  adc_switch.o
    0x20000240        -       0x00000028   Zero   RW         1448    .bss..L_MergedGlobals.2  tasks.o
    0x20000268        -       0x00000004   Zero   RW         1657    .bss.KernelState    cmsis_os2.o
    0x2000026c        -       0x00000004   Zero   RW         1730    .bss.adc_key_val    datapool.o
    0x20000270        -       0x000002ac   Zero   RW         1764    .bss.g_Comm         communication.o
    0x2000051c        -       0x000002a8   Zero   RW         1818    .bss.g_HMI          tjc_huart_hmi.o
    0x200007c4        -       0x00000048   Zero   RW           82    .bss.hadc1          adc.o
    0x2000080c        -       0x00000048   Zero   RW           83    .bss.hadc2          adc.o
    0x20000854        -       0x00000060   Zero   RW           84    .bss.hdma_adc1      adc.o
    0x200008b4        -       0x00000060   Zero   RW           85    .bss.hdma_adc2      adc.o
    0x20000914        -       0x00000060   Zero   RW          138    .bss.hdma_usart2_rx  usart.o
    0x20000974        -       0x00000060   Zero   RW          139    .bss.hdma_usart2_tx  usart.o
    0x200009d4        -       0x00000060   Zero   RW          140    .bss.hdma_usart3_rx  usart.o
    0x20000a34        -       0x00000060   Zero   RW          141    .bss.hdma_usart3_tx  usart.o
    0x20000a94        -       0x00000060   Zero   RW          142    .bss.hdma_usart6_rx  usart.o
    0x20000af4        -       0x00000060   Zero   RW          143    .bss.hdma_usart6_tx  usart.o
    0x20000b54        -       0x00000001   Zero   RW         1738    .bss.hmi_state      datapool.o
    0x20000b55   0x080080e8   0x00000003   PAD
    0x20000b58        -       0x00000048   Zero   RW          115    .bss.htim1          tim.o
    0x20000ba0        -       0x00000048   Zero   RW          214    .bss.htim2          stm32f4xx_hal_timebase_tim.o
    0x20000be8        -       0x00000048   Zero   RW          116    .bss.htim3          tim.o
    0x20000c30        -       0x00000048   Zero   RW          135    .bss.huart2         usart.o
    0x20000c78        -       0x00000048   Zero   RW          136    .bss.huart3         usart.o
    0x20000cc0        -       0x00000048   Zero   RW          137    .bss.huart6         usart.o
    0x20000d08        -       0x00000008   Zero   RW         1728    .bss.joystick_Buf   datapool.o
    0x20000d10        -       0x000000a0   Zero   RW         1496    .bss.prvCheckForValidListAndQueue.ucStaticTimerQueueStorage  timers.o
    0x20000db0        -       0x00000050   Zero   RW         1495    .bss.prvCheckForValidListAndQueue.xStaticTimerQueue  timers.o
    0x20000e00        -       0x00000460   Zero   RW         1446    .bss.pxReadyTasksLists  tasks.o
    0x20001260        -       0x00000002   Zero   RW         1734    .bss.rx_cnt         datapool.o
    0x20001262   0x080080e8   0x00000002   PAD
    0x20001264        -       0x00000004   Zero   RW         1732    .bss.rx_stamp       datapool.o
    0x20001268        -       0x00000001   Zero   RW         1737    .bss.timer_tick_count  datapool.o
    0x20001269   0x080080e8   0x00000001   PAD
    0x2000126a        -       0x00000002   Zero   RW         1729    .bss.tx_button_state  datapool.o
    0x2000126c        -       0x00000002   Zero   RW         1733    .bss.tx_cnt         datapool.o
    0x2000126e        -       0x00003c00   Zero   RW         1682    .bss.ucHeap         heap_4.o
    0x20004e6e   0x080080e8   0x00000002   PAD
    0x20004e70        -       0x00000004   Zero   RW          987    .bss.uwTick         stm32f4xx_hal.o
    0x20004e74        -       0x00000200   Zero   RW         1659    .bss.vApplicationGetIdleTaskMemory.Idle_Stack  cmsis_os2.o
    0x20005074        -       0x0000005c   Zero   RW         1658    .bss.vApplicationGetIdleTaskMemory.Idle_TCB  cmsis_os2.o
    0x200050d0        -       0x00000400   Zero   RW         1661    .bss.vApplicationGetTimerTaskMemory.Timer_Stack  cmsis_os2.o
    0x200054d0        -       0x0000005c   Zero   RW         1660    .bss.vApplicationGetTimerTaskMemory.Timer_TCB  cmsis_os2.o
    0x2000552c        -       0x00000040   Zero   RW         1281    .bss.xQueueRegistry  queue.o
    0x2000556c   0x080080e8   0x00000004   PAD
    0x20005570        -       0x00000200   Zero   RW            2    HEAP                startup_stm32f407xx.o
    0x20005770        -       0x00000400   Zero   RW            1    STACK               startup_stm32f407xx.o


    Execution Region RW_IRAM2 (Exec base: 0x2001c000, Load base: 0x080080e8, Size: 0x00000000, Max: 0x00004000, ABSOLUTE)

    **** No section assigned to this execution region ****


==============================================================================

Image component sizes


      Code (inc. data)   RO Data    RW Data    ZI Data      Debug   Object Name

       664          0          0          0        336       5972   adc.o
       150          0          0          0          8       3809   adc_switch.o
       364          0          0          0       1724      43391   cmsis_os2.o
      2916          0        256          0        684      17593   communication.o
         0          0          0          0         24        904   datapool.o
       188          0          0          0          0       3556   dma.o
       318          0        236          0         20       5269   freertos.o
       336          0          0          0          0       4205   gpio.o
       396          8          0        192          0       2529   gpio_button.o
       710          0          0          0      15392       5913   heap_4.o
        80          0          0          0         12       4223   joystick.o
       186          0          0          0          0       2390   list.o
       476          0          0          0         12      10706   main.o
       994         16          0          4          8       4419   port.o
      1782          0          0          0         64      30844   queue.o
        64         26        392          0       1536        884   startup_stm32f407xx.o
        92          0          0          8          4       7350   stm32f4xx_hal.o
      1218          0          0          0          0      12304   stm32f4xx_hal_adc.o
       152          0          0          0          0      10768   stm32f4xx_hal_cortex.o
      1146          6          8          0          0      10616   stm32f4xx_hal_dma.o
       456          0          0          0          0       5478   stm32f4xx_hal_gpio.o
        66          0          0          0          0       3573   stm32f4xx_hal_msp.o
      1546          4          0          0          0       7677   stm32f4xx_hal_rcc.o
      2236          6          0          0          0      58529   stm32f4xx_hal_tim.o
       190          0          0          0          0      21976   stm32f4xx_hal_tim_ex.o
       174          0          0          0         72       7297   stm32f4xx_hal_timebase_tim.o
      3666          0          0          0          0      32844   stm32f4xx_hal_uart.o
       190          0          0          0          0       6795   stm32f4xx_it.o
        18          0         24          4          0       2639   system_stm32f4xx.o
      3690         16          0          0       1280      44788   tasks.o
       366          0          0          0        144       8370   tim.o
      1070         18          5          0        300      16666   timers.o
      3888          0          0          0        680      16621   tjc_huart_hmi.o
       878          0          0          0        792       7973   usart.o

    ----------------------------------------------------------------------
     30904        100        958        208      23104     428871   Object Totals
         0          0         32          0          0          0   (incl. Generated)
       238          0          5          0         12          0   (incl. Padding)

    ----------------------------------------------------------------------

      Code (inc. data)   RO Data    RW Data    ZI Data      Debug   Library Member Name

         8          0          0          0          0         68   __main.o
         0          0          0          0          0          0   __rtentry.o
        12          0          0          0          0          0   __rtentry2.o
         6          0          0          0          0          0   __rtentry4.o
        94          8          0          0          0          0   __scatter.o
        26          0          0          0          0          0   __scatter_copy.o
        28          0          0          0          0          0   __scatter_zi.o
        16          0          0          0          0         68   aeabi_memset4.o
        18          0          0          0          0         80   exit.o
         6          0          0          0          0        152   heapauxi.o
         0          0          0          0          0          0   indicate_semi.o
         2          0          0          0          0          0   libinit.o
         6          0          0          0          0          0   libinit2.o
         2          0          0          0          0          0   libshutdown.o
         2          0          0          0          0          0   libshutdown2.o
         8          4          0          0         96         68   libspace.o
       240          0          0          0          0        100   lludivv7m.o
        78          0          0          0          0         80   rt_memclr_w.o
       138          0          0          0          0         68   rt_memcpy_v6.o
       100          0          0          0          0         80   rt_memcpy_w.o
         2          0          0          0          0          0   rtexit.o
        10          0          0          0          0          0   rtexit2.o
        12          4          0          0          0         68   sys_exit.o
        74          0          0          0          0         80   sys_stackheap_outer.o
         2          0          0          0          0         68   use_no_semi.o
        26          0          0          0          0        116   fpinit.o

    ----------------------------------------------------------------------
       926         16          0          0         96       1096   Library Totals
        10          0          0          0          0          0   (incl. Padding)

    ----------------------------------------------------------------------

      Code (inc. data)   RO Data    RW Data    ZI Data      Debug   Library Name

       890         16          0          0         96        980   c_w.l
        26          0          0          0          0        116   fz_wm.l

    ----------------------------------------------------------------------
       926         16          0          0         96       1096   Library Totals

    ----------------------------------------------------------------------

==============================================================================


      Code (inc. data)   RO Data    RW Data    ZI Data      Debug   

     31830        116        958        208      23200     428999   Grand Totals
     31830        116        958        208      23200     428999   ELF Image Totals
     31830        116        958        208          0          0   ROM Totals

==============================================================================

    Total RO  Size (Code + RO Data)                32788 (  32.02kB)
    Total RW  Size (RW Data + ZI Data)             23408 (  22.86kB)
    Total ROM Size (Code + RO Data + RW Data)      32996 (  32.22kB)

==============================================================================

